In file included from [01m[K/home/haiboliu/project/vln/localization/src/fastlio2/hba/src/hba/blam.cpp:1[m[K:
[01m[K/home/haiboliu/project/vln/localization/src/fastlio2/hba/src/hba/blam.h:5:10:[m[K [01;31m[Kfatal error: [m[Ksophus/so3.hpp: No such file or directory
    5 | #include [01;31m[K<sophus/so3.hpp>[m[K
      |          [01;31m[K^~~~~~~~~~~~~~~~[m[K
compilation terminated.
gmake[2]: *** [CMakeFiles/hba_node.dir/build.make:104: CMakeFiles/hba_node.dir/src/hba/blam.cpp.o] Error 1
gmake[2]: *** Waiting for unfinished jobs....
In file included from [01m[K/home/haiboliu/project/vln/localization/src/fastlio2/hba/src/hba/hba.h:3[m[K,
                 from [01m[K/home/haiboliu/project/vln/localization/src/fastlio2/hba/src/hba/hba.cpp:1[m[K:
[01m[K/home/haiboliu/project/vln/localization/src/fastlio2/hba/src/hba/blam.h:5:10:[m[K [01;31m[Kfatal error: [m[Ksophus/so3.hpp: No such file or directory
    5 | #include [01;31m[K<sophus/so3.hpp>[m[K
      |          [01;31m[K^~~~~~~~~~~~~~~~[m[K
compilation terminated.
gmake[2]: *** [CMakeFiles/hba_node.dir/build.make:118: CMakeFiles/hba_node.dir/src/hba/hba.cpp.o] Error 1
In file included from [01m[K/home/haiboliu/project/vln/localization/src/fastlio2/hba/src/hba/hba.h:3[m[K,
                 from [01m[K/home/haiboliu/project/vln/localization/src/fastlio2/hba/src/hba_node.cpp:4[m[K:
[01m[K/home/haiboliu/project/vln/localization/src/fastlio2/hba/src/hba/blam.h:5:10:[m[K [01;31m[Kfatal error: [m[Ksophus/so3.hpp: No such file or directory
    5 | #include [01;31m[K<sophus/so3.hpp>[m[K
      |          [01;31m[K^~~~~~~~~~~~~~~~[m[K
compilation terminated.
gmake[2]: *** [CMakeFiles/hba_node.dir/build.make:76: CMakeFiles/hba_node.dir/src/hba_node.cpp.o] Error 1
gmake[1]: *** [CMakeFiles/Makefile2:137: CMakeFiles/hba_node.dir/all] Error 2
gmake: *** [Makefile:146: all] Error 2
