[0.016s] Invoking command in '/home/haiboliu/project/vln/localization/src/fastlio2/build/hba': AMENT_PREFIX_PATH=/home/haiboliu/project/vln/localization/src/fastlio2/install/interface:${AMENT_PREFIX_PATH} CMAKE_PREFIX_PATH=/home/haiboliu/project/vln/localization/src/fastlio2/install/interface:/opt/ros/humble LD_LIBRARY_PATH=/home/haiboliu/project/vln/localization/src/fastlio2/install/interface/lib:${LD_LIBRARY_PATH} PYTHONPATH=/home/haiboliu/project/vln/localization/src/fastlio2/install/interface/local/lib/python3.10/dist-packages:${PYTHONPATH} /usr/bin/cmake --build /home/haiboliu/project/vln/localization/src/fastlio2/build/hba -- -j16 -l16
[0.067s] [35m[1mConsolidate compiler generated dependencies of target hba_node[0m
[0.093s] [ 20%] [32mBuilding CXX object CMakeFiles/hba_node.dir/src/hba_node.cpp.o[0m
[0.096s] [ 40%] [32mBuilding CXX object CMakeFiles/hba_node.dir/src/hba/blam.cpp.o[0m
[0.096s] [ 60%] [32mBuilding CXX object CMakeFiles/hba_node.dir/src/hba/hba.cpp.o[0m
[0.463s] In file included from [01m[K/home/haiboliu/project/vln/localization/src/fastlio2/hba/src/hba/blam.cpp:1[m[K:
[0.464s] [01m[K/home/haiboliu/project/vln/localization/src/fastlio2/hba/src/hba/blam.h:5:10:[m[K [01;31m[Kfatal error: [m[Ksophus/so3.hpp: No such file or directory
[0.464s]     5 | #include [01;31m[K<sophus/so3.hpp>[m[K
[0.464s]       |          [01;31m[K^~~~~~~~~~~~~~~~[m[K
[0.464s] compilation terminated.
[0.472s] gmake[2]: *** [CMakeFiles/hba_node.dir/build.make:104: CMakeFiles/hba_node.dir/src/hba/blam.cpp.o] Error 1
[0.472s] gmake[2]: *** Waiting for unfinished jobs....
[1.472s] In file included from [01m[K/home/haiboliu/project/vln/localization/src/fastlio2/hba/src/hba/hba.h:3[m[K,
[1.472s]                  from [01m[K/home/haiboliu/project/vln/localization/src/fastlio2/hba/src/hba/hba.cpp:1[m[K:
[1.472s] [01m[K/home/haiboliu/project/vln/localization/src/fastlio2/hba/src/hba/blam.h:5:10:[m[K [01;31m[Kfatal error: [m[Ksophus/so3.hpp: No such file or directory
[1.472s]     5 | #include [01;31m[K<sophus/so3.hpp>[m[K
[1.472s]       |          [01;31m[K^~~~~~~~~~~~~~~~[m[K
[1.472s] compilation terminated.
[1.511s] gmake[2]: *** [CMakeFiles/hba_node.dir/build.make:118: CMakeFiles/hba_node.dir/src/hba/hba.cpp.o] Error 1
[1.777s] In file included from [01m[K/home/haiboliu/project/vln/localization/src/fastlio2/hba/src/hba/hba.h:3[m[K,
[1.777s]                  from [01m[K/home/haiboliu/project/vln/localization/src/fastlio2/hba/src/hba_node.cpp:4[m[K:
[1.777s] [01m[K/home/haiboliu/project/vln/localization/src/fastlio2/hba/src/hba/blam.h:5:10:[m[K [01;31m[Kfatal error: [m[Ksophus/so3.hpp: No such file or directory
[1.777s]     5 | #include [01;31m[K<sophus/so3.hpp>[m[K
[1.777s]       |          [01;31m[K^~~~~~~~~~~~~~~~[m[K
[1.777s] compilation terminated.
[1.804s] gmake[2]: *** [CMakeFiles/hba_node.dir/build.make:76: CMakeFiles/hba_node.dir/src/hba_node.cpp.o] Error 1
[1.805s] gmake[1]: *** [CMakeFiles/Makefile2:137: CMakeFiles/hba_node.dir/all] Error 2
[1.805s] gmake: *** [Makefile:146: all] Error 2
[1.810s] Invoked command in '/home/haiboliu/project/vln/localization/src/fastlio2/build/hba' returned '2': AMENT_PREFIX_PATH=/home/haiboliu/project/vln/localization/src/fastlio2/install/interface:${AMENT_PREFIX_PATH} CMAKE_PREFIX_PATH=/home/haiboliu/project/vln/localization/src/fastlio2/install/interface:/opt/ros/humble LD_LIBRARY_PATH=/home/haiboliu/project/vln/localization/src/fastlio2/install/interface/lib:${LD_LIBRARY_PATH} PYTHONPATH=/home/haiboliu/project/vln/localization/src/fastlio2/install/interface/local/lib/python3.10/dist-packages:${PYTHONPATH} /usr/bin/cmake --build /home/haiboliu/project/vln/localization/src/fastlio2/build/hba -- -j16 -l16
