[35m[1mConsolidate compiler generated dependencies of target interface__rosidl_generator_c[0m
[  1%] Built target interface__cpp
[ 12%] Built target interface__rosidl_generator_c
[35m[1mConsolidate compiler generated dependencies of target interface__rosidl_typesupport_cpp[0m
[35m[1mConsolidate compiler generated dependencies of target interface__rosidl_typesupport_fastrtps_cpp[0m
[35m[1mConsolidate compiler generated dependencies of target interface__rosidl_typesupport_introspection_cpp[0m
[ 12%] Built target ament_cmake_python_copy_interface
[35m[1mConsolidate compiler generated dependencies of target interface__rosidl_typesupport_c[0m
[35m[1mConsolidate compiler generated dependencies of target interface__rosidl_typesupport_fastrtps_c[0m
[35m[1mConsolidate compiler generated dependencies of target interface__rosidl_typesupport_introspection_c[0m
[ 23%] Built target interface__rosidl_typesupport_cpp
[ 46%] Built target interface__rosidl_typesupport_c
[ 46%] Built target interface__rosidl_typesupport_introspection_cpp
[ 57%] Built target interface__rosidl_typesupport_fastrtps_cpp
[ 68%] Built target interface__rosidl_typesupport_introspection_c
[ 79%] Built target interface__rosidl_typesupport_fastrtps_c
[ 79%] Built target interface
[ 80%] Built target interface__py
[35m[1mConsolidate compiler generated dependencies of target interface__rosidl_generator_py[0m
[ 90%] Built target interface__rosidl_generator_py
[35m[1mConsolidate compiler generated dependencies of target interface__rosidl_typesupport_c__pyext[0m
[35m[1mConsolidate compiler generated dependencies of target interface__rosidl_typesupport_introspection_c__pyext[0m
[35m[1mConsolidate compiler generated dependencies of target interface__rosidl_typesupport_fastrtps_c__pyext[0m
[ 96%] Built target interface__rosidl_typesupport_c__pyext
[ 96%] Built target interface__rosidl_typesupport_introspection_c__pyext
[100%] Built target interface__rosidl_typesupport_fastrtps_c__pyext
running egg_info
writing interface.egg-info/PKG-INFO
writing dependency_links to interface.egg-info/dependency_links.txt
writing top-level names to interface.egg-info/top_level.txt
reading manifest file 'interface.egg-info/SOURCES.txt'
writing manifest file 'interface.egg-info/SOURCES.txt'
[100%] Built target ament_cmake_python_build_interface_egg
-- Install configuration: ""
-- Up-to-date: /home/haiboliu/project/vln/localization/src/fastlio2/install/interface/share/ament_index/resource_index/rosidl_interfaces/interface
-- Up-to-date: /home/haiboliu/project/vln/localization/src/fastlio2/install/interface/include/interface/interface
-- Up-to-date: /home/haiboliu/project/vln/localization/src/fastlio2/install/interface/include/interface/interface/srv
-- Up-to-date: /home/haiboliu/project/vln/localization/src/fastlio2/install/interface/include/interface/interface/srv/relocalize.h
-- Up-to-date: /home/haiboliu/project/vln/localization/src/fastlio2/install/interface/include/interface/interface/srv/save_maps.h
-- Up-to-date: /home/haiboliu/project/vln/localization/src/fastlio2/install/interface/include/interface/interface/srv/save_poses.h
-- Up-to-date: /home/haiboliu/project/vln/localization/src/fastlio2/install/interface/include/interface/interface/srv/is_valid.h
-- Up-to-date: /home/haiboliu/project/vln/localization/src/fastlio2/install/interface/include/interface/interface/srv/refine_map.h
-- Up-to-date: /home/haiboliu/project/vln/localization/src/fastlio2/install/interface/include/interface/interface/srv/detail
-- Up-to-date: /home/haiboliu/project/vln/localization/src/fastlio2/install/interface/include/interface/interface/srv/detail/refine_map__type_support.h
-- Up-to-date: /home/haiboliu/project/vln/localization/src/fastlio2/install/interface/include/interface/interface/srv/detail/relocalize__type_support.h
-- Up-to-date: /home/haiboliu/project/vln/localization/src/fastlio2/install/interface/include/interface/interface/srv/detail/save_maps__functions.c
-- Up-to-date: /home/haiboliu/project/vln/localization/src/fastlio2/install/interface/include/interface/interface/srv/detail/save_poses__struct.h
-- Up-to-date: /home/haiboliu/project/vln/localization/src/fastlio2/install/interface/include/interface/interface/srv/detail/relocalize__functions.h
-- Up-to-date: /home/haiboliu/project/vln/localization/src/fastlio2/install/interface/include/interface/interface/srv/detail/relocalize__struct.h
-- Up-to-date: /home/haiboliu/project/vln/localization/src/fastlio2/install/interface/include/interface/interface/srv/detail/is_valid__functions.c
-- Up-to-date: /home/haiboliu/project/vln/localization/src/fastlio2/install/interface/include/interface/interface/srv/detail/save_poses__functions.h
-- Up-to-date: /home/haiboliu/project/vln/localization/src/fastlio2/install/interface/include/interface/interface/srv/detail/refine_map__functions.h
-- Up-to-date: /home/haiboliu/project/vln/localization/src/fastlio2/install/interface/include/interface/interface/srv/detail/save_maps__type_support.h
-- Up-to-date: /home/haiboliu/project/vln/localization/src/fastlio2/install/interface/include/interface/interface/srv/detail/is_valid__functions.h
-- Up-to-date: /home/haiboliu/project/vln/localization/src/fastlio2/install/interface/include/interface/interface/srv/detail/is_valid__type_support.h
-- Up-to-date: /home/haiboliu/project/vln/localization/src/fastlio2/install/interface/include/interface/interface/srv/detail/save_maps__struct.h
-- Up-to-date: /home/haiboliu/project/vln/localization/src/fastlio2/install/interface/include/interface/interface/srv/detail/refine_map__functions.c
-- Up-to-date: /home/haiboliu/project/vln/localization/src/fastlio2/install/interface/include/interface/interface/srv/detail/is_valid__struct.h
-- Up-to-date: /home/haiboliu/project/vln/localization/src/fastlio2/install/interface/include/interface/interface/srv/detail/refine_map__struct.h
-- Up-to-date: /home/haiboliu/project/vln/localization/src/fastlio2/install/interface/include/interface/interface/srv/detail/save_poses__type_support.h
-- Up-to-date: /home/haiboliu/project/vln/localization/src/fastlio2/install/interface/include/interface/interface/srv/detail/save_poses__functions.c
-- Up-to-date: /home/haiboliu/project/vln/localization/src/fastlio2/install/interface/include/interface/interface/srv/detail/relocalize__functions.c
-- Up-to-date: /home/haiboliu/project/vln/localization/src/fastlio2/install/interface/include/interface/interface/srv/detail/save_maps__functions.h
-- Up-to-date: /home/haiboliu/project/vln/localization/src/fastlio2/install/interface/include/interface/interface/msg
-- Up-to-date: /home/haiboliu/project/vln/localization/src/fastlio2/install/interface/include/interface/interface/msg/rosidl_generator_c__visibility_control.h
-- Up-to-date: /home/haiboliu/project/vln/localization/src/fastlio2/install/interface/share/interface/environment/library_path.sh
-- Up-to-date: /home/haiboliu/project/vln/localization/src/fastlio2/install/interface/share/interface/environment/library_path.dsv
-- Up-to-date: /home/haiboliu/project/vln/localization/src/fastlio2/install/interface/lib/libinterface__rosidl_generator_c.so
-- Up-to-date: /home/haiboliu/project/vln/localization/src/fastlio2/install/interface/include/interface/interface
-- Up-to-date: /home/haiboliu/project/vln/localization/src/fastlio2/install/interface/include/interface/interface/srv
-- Up-to-date: /home/haiboliu/project/vln/localization/src/fastlio2/install/interface/include/interface/interface/srv/detail
-- Up-to-date: /home/haiboliu/project/vln/localization/src/fastlio2/install/interface/include/interface/interface/srv/detail/save_maps__rosidl_typesupport_fastrtps_c.h
-- Up-to-date: /home/haiboliu/project/vln/localization/src/fastlio2/install/interface/include/interface/interface/srv/detail/is_valid__rosidl_typesupport_fastrtps_c.h
-- Up-to-date: /home/haiboliu/project/vln/localization/src/fastlio2/install/interface/include/interface/interface/srv/detail/refine_map__rosidl_typesupport_fastrtps_c.h
-- Up-to-date: /home/haiboliu/project/vln/localization/src/fastlio2/install/interface/include/interface/interface/srv/detail/relocalize__rosidl_typesupport_fastrtps_c.h
-- Up-to-date: /home/haiboliu/project/vln/localization/src/fastlio2/install/interface/include/interface/interface/srv/detail/save_poses__rosidl_typesupport_fastrtps_c.h
-- Up-to-date: /home/haiboliu/project/vln/localization/src/fastlio2/install/interface/include/interface/interface/msg
-- Up-to-date: /home/haiboliu/project/vln/localization/src/fastlio2/install/interface/include/interface/interface/msg/rosidl_typesupport_fastrtps_c__visibility_control.h
-- Up-to-date: /home/haiboliu/project/vln/localization/src/fastlio2/install/interface/lib/libinterface__rosidl_typesupport_fastrtps_c.so
-- Up-to-date: /home/haiboliu/project/vln/localization/src/fastlio2/install/interface/include/interface/interface
-- Up-to-date: /home/haiboliu/project/vln/localization/src/fastlio2/install/interface/include/interface/interface/srv
-- Up-to-date: /home/haiboliu/project/vln/localization/src/fastlio2/install/interface/include/interface/interface/srv/is_valid.hpp
-- Up-to-date: /home/haiboliu/project/vln/localization/src/fastlio2/install/interface/include/interface/interface/srv/refine_map.hpp
-- Up-to-date: /home/haiboliu/project/vln/localization/src/fastlio2/install/interface/include/interface/interface/srv/relocalize.hpp
-- Up-to-date: /home/haiboliu/project/vln/localization/src/fastlio2/install/interface/include/interface/interface/srv/save_maps.hpp
-- Up-to-date: /home/haiboliu/project/vln/localization/src/fastlio2/install/interface/include/interface/interface/srv/detail
-- Up-to-date: /home/haiboliu/project/vln/localization/src/fastlio2/install/interface/include/interface/interface/srv/detail/is_valid__struct.hpp
-- Up-to-date: /home/haiboliu/project/vln/localization/src/fastlio2/install/interface/include/interface/interface/srv/detail/save_maps__struct.hpp
-- Up-to-date: /home/haiboliu/project/vln/localization/src/fastlio2/install/interface/include/interface/interface/srv/detail/save_poses__traits.hpp
-- Up-to-date: /home/haiboliu/project/vln/localization/src/fastlio2/install/interface/include/interface/interface/srv/detail/save_maps__builder.hpp
-- Up-to-date: /home/haiboliu/project/vln/localization/src/fastlio2/install/interface/include/interface/interface/srv/detail/save_poses__type_support.hpp
-- Up-to-date: /home/haiboliu/project/vln/localization/src/fastlio2/install/interface/include/interface/interface/srv/detail/relocalize__traits.hpp
-- Up-to-date: /home/haiboliu/project/vln/localization/src/fastlio2/install/interface/include/interface/interface/srv/detail/refine_map__traits.hpp
-- Up-to-date: /home/haiboliu/project/vln/localization/src/fastlio2/install/interface/include/interface/interface/srv/detail/is_valid__type_support.hpp
-- Up-to-date: /home/haiboliu/project/vln/localization/src/fastlio2/install/interface/include/interface/interface/srv/detail/save_poses__struct.hpp
-- Up-to-date: /home/haiboliu/project/vln/localization/src/fastlio2/install/interface/include/interface/interface/srv/detail/is_valid__builder.hpp
-- Up-to-date: /home/haiboliu/project/vln/localization/src/fastlio2/install/interface/include/interface/interface/srv/detail/is_valid__traits.hpp
-- Up-to-date: /home/haiboliu/project/vln/localization/src/fastlio2/install/interface/include/interface/interface/srv/detail/relocalize__type_support.hpp
-- Up-to-date: /home/haiboliu/project/vln/localization/src/fastlio2/install/interface/include/interface/interface/srv/detail/refine_map__builder.hpp
-- Up-to-date: /home/haiboliu/project/vln/localization/src/fastlio2/install/interface/include/interface/interface/srv/detail/save_poses__builder.hpp
-- Up-to-date: /home/haiboliu/project/vln/localization/src/fastlio2/install/interface/include/interface/interface/srv/detail/save_maps__traits.hpp
-- Up-to-date: /home/haiboliu/project/vln/localization/src/fastlio2/install/interface/include/interface/interface/srv/detail/relocalize__builder.hpp
-- Up-to-date: /home/haiboliu/project/vln/localization/src/fastlio2/install/interface/include/interface/interface/srv/detail/save_maps__type_support.hpp
-- Up-to-date: /home/haiboliu/project/vln/localization/src/fastlio2/install/interface/include/interface/interface/srv/detail/refine_map__type_support.hpp
-- Up-to-date: /home/haiboliu/project/vln/localization/src/fastlio2/install/interface/include/interface/interface/srv/detail/refine_map__struct.hpp
-- Up-to-date: /home/haiboliu/project/vln/localization/src/fastlio2/install/interface/include/interface/interface/srv/detail/relocalize__struct.hpp
-- Up-to-date: /home/haiboliu/project/vln/localization/src/fastlio2/install/interface/include/interface/interface/srv/save_poses.hpp
-- Up-to-date: /home/haiboliu/project/vln/localization/src/fastlio2/install/interface/include/interface/interface/msg
-- Up-to-date: /home/haiboliu/project/vln/localization/src/fastlio2/install/interface/include/interface/interface/msg/rosidl_generator_cpp__visibility_control.hpp
-- Up-to-date: /home/haiboliu/project/vln/localization/src/fastlio2/install/interface/include/interface/interface
-- Up-to-date: /home/haiboliu/project/vln/localization/src/fastlio2/install/interface/include/interface/interface/srv
-- Up-to-date: /home/haiboliu/project/vln/localization/src/fastlio2/install/interface/include/interface/interface/srv/detail
-- Up-to-date: /home/haiboliu/project/vln/localization/src/fastlio2/install/interface/include/interface/interface/srv/detail/save_poses__rosidl_typesupport_fastrtps_cpp.hpp
-- Up-to-date: /home/haiboliu/project/vln/localization/src/fastlio2/install/interface/include/interface/interface/srv/detail/dds_fastrtps
-- Up-to-date: /home/haiboliu/project/vln/localization/src/fastlio2/install/interface/include/interface/interface/srv/detail/is_valid__rosidl_typesupport_fastrtps_cpp.hpp
-- Up-to-date: /home/haiboliu/project/vln/localization/src/fastlio2/install/interface/include/interface/interface/srv/detail/relocalize__rosidl_typesupport_fastrtps_cpp.hpp
-- Up-to-date: /home/haiboliu/project/vln/localization/src/fastlio2/install/interface/include/interface/interface/srv/detail/refine_map__rosidl_typesupport_fastrtps_cpp.hpp
-- Up-to-date: /home/haiboliu/project/vln/localization/src/fastlio2/install/interface/include/interface/interface/srv/detail/save_maps__rosidl_typesupport_fastrtps_cpp.hpp
-- Up-to-date: /home/haiboliu/project/vln/localization/src/fastlio2/install/interface/include/interface/interface/msg
-- Up-to-date: /home/haiboliu/project/vln/localization/src/fastlio2/install/interface/include/interface/interface/msg/rosidl_typesupport_fastrtps_cpp__visibility_control.h
-- Up-to-date: /home/haiboliu/project/vln/localization/src/fastlio2/install/interface/lib/libinterface__rosidl_typesupport_fastrtps_cpp.so
-- Up-to-date: /home/haiboliu/project/vln/localization/src/fastlio2/install/interface/include/interface/interface
-- Up-to-date: /home/haiboliu/project/vln/localization/src/fastlio2/install/interface/include/interface/interface/srv
-- Up-to-date: /home/haiboliu/project/vln/localization/src/fastlio2/install/interface/include/interface/interface/srv/detail
-- Up-to-date: /home/haiboliu/project/vln/localization/src/fastlio2/install/interface/include/interface/interface/srv/detail/save_maps__type_support.c
-- Up-to-date: /home/haiboliu/project/vln/localization/src/fastlio2/install/interface/include/interface/interface/srv/detail/save_poses__type_support.c
-- Up-to-date: /home/haiboliu/project/vln/localization/src/fastlio2/install/interface/include/interface/interface/srv/detail/is_valid__type_support.c
-- Up-to-date: /home/haiboliu/project/vln/localization/src/fastlio2/install/interface/include/interface/interface/srv/detail/save_poses__rosidl_typesupport_introspection_c.h
-- Up-to-date: /home/haiboliu/project/vln/localization/src/fastlio2/install/interface/include/interface/interface/srv/detail/refine_map__type_support.c
-- Up-to-date: /home/haiboliu/project/vln/localization/src/fastlio2/install/interface/include/interface/interface/srv/detail/refine_map__rosidl_typesupport_introspection_c.h
-- Up-to-date: /home/haiboliu/project/vln/localization/src/fastlio2/install/interface/include/interface/interface/srv/detail/is_valid__rosidl_typesupport_introspection_c.h
-- Up-to-date: /home/haiboliu/project/vln/localization/src/fastlio2/install/interface/include/interface/interface/srv/detail/relocalize__type_support.c
-- Up-to-date: /home/haiboliu/project/vln/localization/src/fastlio2/install/interface/include/interface/interface/srv/detail/save_maps__rosidl_typesupport_introspection_c.h
-- Up-to-date: /home/haiboliu/project/vln/localization/src/fastlio2/install/interface/include/interface/interface/srv/detail/relocalize__rosidl_typesupport_introspection_c.h
-- Up-to-date: /home/haiboliu/project/vln/localization/src/fastlio2/install/interface/include/interface/interface/msg
-- Up-to-date: /home/haiboliu/project/vln/localization/src/fastlio2/install/interface/include/interface/interface/msg/rosidl_typesupport_introspection_c__visibility_control.h
-- Up-to-date: /home/haiboliu/project/vln/localization/src/fastlio2/install/interface/lib/libinterface__rosidl_typesupport_introspection_c.so
-- Up-to-date: /home/haiboliu/project/vln/localization/src/fastlio2/install/interface/lib/libinterface__rosidl_typesupport_c.so
-- Up-to-date: /home/haiboliu/project/vln/localization/src/fastlio2/install/interface/include/interface/interface
-- Up-to-date: /home/haiboliu/project/vln/localization/src/fastlio2/install/interface/include/interface/interface/srv
-- Up-to-date: /home/haiboliu/project/vln/localization/src/fastlio2/install/interface/include/interface/interface/srv/detail
-- Up-to-date: /home/haiboliu/project/vln/localization/src/fastlio2/install/interface/include/interface/interface/srv/detail/refine_map__type_support.cpp
-- Up-to-date: /home/haiboliu/project/vln/localization/src/fastlio2/install/interface/include/interface/interface/srv/detail/save_poses__type_support.cpp
-- Up-to-date: /home/haiboliu/project/vln/localization/src/fastlio2/install/interface/include/interface/interface/srv/detail/relocalize__type_support.cpp
-- Up-to-date: /home/haiboliu/project/vln/localization/src/fastlio2/install/interface/include/interface/interface/srv/detail/save_maps__type_support.cpp
-- Up-to-date: /home/haiboliu/project/vln/localization/src/fastlio2/install/interface/include/interface/interface/srv/detail/save_maps__rosidl_typesupport_introspection_cpp.hpp
-- Up-to-date: /home/haiboliu/project/vln/localization/src/fastlio2/install/interface/include/interface/interface/srv/detail/refine_map__rosidl_typesupport_introspection_cpp.hpp
-- Up-to-date: /home/haiboliu/project/vln/localization/src/fastlio2/install/interface/include/interface/interface/srv/detail/save_poses__rosidl_typesupport_introspection_cpp.hpp
-- Up-to-date: /home/haiboliu/project/vln/localization/src/fastlio2/install/interface/include/interface/interface/srv/detail/is_valid__type_support.cpp
-- Up-to-date: /home/haiboliu/project/vln/localization/src/fastlio2/install/interface/include/interface/interface/srv/detail/is_valid__rosidl_typesupport_introspection_cpp.hpp
-- Up-to-date: /home/haiboliu/project/vln/localization/src/fastlio2/install/interface/include/interface/interface/srv/detail/relocalize__rosidl_typesupport_introspection_cpp.hpp
-- Up-to-date: /home/haiboliu/project/vln/localization/src/fastlio2/install/interface/lib/libinterface__rosidl_typesupport_introspection_cpp.so
-- Up-to-date: /home/haiboliu/project/vln/localization/src/fastlio2/install/interface/lib/libinterface__rosidl_typesupport_cpp.so
-- Up-to-date: /home/haiboliu/project/vln/localization/src/fastlio2/install/interface/share/interface/environment/pythonpath.sh
-- Up-to-date: /home/haiboliu/project/vln/localization/src/fastlio2/install/interface/share/interface/environment/pythonpath.dsv
-- Up-to-date: /home/haiboliu/project/vln/localization/src/fastlio2/install/interface/local/lib/python3.10/dist-packages/interface-0.0.0-py3.10.egg-info
-- Installing: /home/haiboliu/project/vln/localization/src/fastlio2/install/interface/local/lib/python3.10/dist-packages/interface-0.0.0-py3.10.egg-info/dependency_links.txt
-- Installing: /home/haiboliu/project/vln/localization/src/fastlio2/install/interface/local/lib/python3.10/dist-packages/interface-0.0.0-py3.10.egg-info/SOURCES.txt
-- Installing: /home/haiboliu/project/vln/localization/src/fastlio2/install/interface/local/lib/python3.10/dist-packages/interface-0.0.0-py3.10.egg-info/top_level.txt
-- Installing: /home/haiboliu/project/vln/localization/src/fastlio2/install/interface/local/lib/python3.10/dist-packages/interface-0.0.0-py3.10.egg-info/PKG-INFO
-- Up-to-date: /home/haiboliu/project/vln/localization/src/fastlio2/install/interface/local/lib/python3.10/dist-packages/interface
-- Up-to-date: /home/haiboliu/project/vln/localization/src/fastlio2/install/interface/local/lib/python3.10/dist-packages/interface/interface_s__rosidl_typesupport_introspection_c.cpython-310-x86_64-linux-gnu.so
-- Up-to-date: /home/haiboliu/project/vln/localization/src/fastlio2/install/interface/local/lib/python3.10/dist-packages/interface/__init__.py
-- Up-to-date: /home/haiboliu/project/vln/localization/src/fastlio2/install/interface/local/lib/python3.10/dist-packages/interface/srv
-- Up-to-date: /home/haiboliu/project/vln/localization/src/fastlio2/install/interface/local/lib/python3.10/dist-packages/interface/srv/_is_valid_s.c
-- Up-to-date: /home/haiboliu/project/vln/localization/src/fastlio2/install/interface/local/lib/python3.10/dist-packages/interface/srv/__init__.py
-- Up-to-date: /home/haiboliu/project/vln/localization/src/fastlio2/install/interface/local/lib/python3.10/dist-packages/interface/srv/_relocalize_s.c
-- Up-to-date: /home/haiboliu/project/vln/localization/src/fastlio2/install/interface/local/lib/python3.10/dist-packages/interface/srv/_refine_map.py
-- Up-to-date: /home/haiboliu/project/vln/localization/src/fastlio2/install/interface/local/lib/python3.10/dist-packages/interface/srv/_refine_map_s.c
-- Up-to-date: /home/haiboliu/project/vln/localization/src/fastlio2/install/interface/local/lib/python3.10/dist-packages/interface/srv/_save_poses_s.c
-- Up-to-date: /home/haiboliu/project/vln/localization/src/fastlio2/install/interface/local/lib/python3.10/dist-packages/interface/srv/_is_valid.py
-- Up-to-date: /home/haiboliu/project/vln/localization/src/fastlio2/install/interface/local/lib/python3.10/dist-packages/interface/srv/_relocalize.py
-- Up-to-date: /home/haiboliu/project/vln/localization/src/fastlio2/install/interface/local/lib/python3.10/dist-packages/interface/srv/_save_poses.py
-- Up-to-date: /home/haiboliu/project/vln/localization/src/fastlio2/install/interface/local/lib/python3.10/dist-packages/interface/srv/_save_maps.py
-- Up-to-date: /home/haiboliu/project/vln/localization/src/fastlio2/install/interface/local/lib/python3.10/dist-packages/interface/srv/_save_maps_s.c
-- Up-to-date: /home/haiboliu/project/vln/localization/src/fastlio2/install/interface/local/lib/python3.10/dist-packages/interface/_interface_s.ep.rosidl_typesupport_introspection_c.c
-- Up-to-date: /home/haiboliu/project/vln/localization/src/fastlio2/install/interface/local/lib/python3.10/dist-packages/interface/interface_s__rosidl_typesupport_c.cpython-310-x86_64-linux-gnu.so
-- Up-to-date: /home/haiboliu/project/vln/localization/src/fastlio2/install/interface/local/lib/python3.10/dist-packages/interface/_interface_s.ep.rosidl_typesupport_c.c
-- Up-to-date: /home/haiboliu/project/vln/localization/src/fastlio2/install/interface/local/lib/python3.10/dist-packages/interface/libinterface__rosidl_generator_py.so
-- Up-to-date: /home/haiboliu/project/vln/localization/src/fastlio2/install/interface/local/lib/python3.10/dist-packages/interface/interface_s__rosidl_typesupport_fastrtps_c.cpython-310-x86_64-linux-gnu.so
-- Up-to-date: /home/haiboliu/project/vln/localization/src/fastlio2/install/interface/local/lib/python3.10/dist-packages/interface/_interface_s.ep.rosidl_typesupport_fastrtps_c.c
Listing '/home/haiboliu/project/vln/localization/src/fastlio2/install/interface/local/lib/python3.10/dist-packages/interface'...
Listing '/home/haiboliu/project/vln/localization/src/fastlio2/install/interface/local/lib/python3.10/dist-packages/interface/srv'...
-- Up-to-date: /home/haiboliu/project/vln/localization/src/fastlio2/install/interface/local/lib/python3.10/dist-packages/interface/interface_s__rosidl_typesupport_fastrtps_c.cpython-310-x86_64-linux-gnu.so
-- Up-to-date: /home/haiboliu/project/vln/localization/src/fastlio2/install/interface/local/lib/python3.10/dist-packages/interface/interface_s__rosidl_typesupport_introspection_c.cpython-310-x86_64-linux-gnu.so
-- Up-to-date: /home/haiboliu/project/vln/localization/src/fastlio2/install/interface/local/lib/python3.10/dist-packages/interface/interface_s__rosidl_typesupport_c.cpython-310-x86_64-linux-gnu.so
-- Up-to-date: /home/haiboliu/project/vln/localization/src/fastlio2/install/interface/lib/libinterface__rosidl_generator_py.so
-- Up-to-date: /home/haiboliu/project/vln/localization/src/fastlio2/install/interface/share/interface/srv/SaveMaps.idl
-- Up-to-date: /home/haiboliu/project/vln/localization/src/fastlio2/install/interface/share/interface/srv/Relocalize.idl
-- Up-to-date: /home/haiboliu/project/vln/localization/src/fastlio2/install/interface/share/interface/srv/IsValid.idl
-- Up-to-date: /home/haiboliu/project/vln/localization/src/fastlio2/install/interface/share/interface/srv/RefineMap.idl
-- Up-to-date: /home/haiboliu/project/vln/localization/src/fastlio2/install/interface/share/interface/srv/SavePoses.idl
-- Up-to-date: /home/haiboliu/project/vln/localization/src/fastlio2/install/interface/share/interface/srv/SaveMaps.srv
-- Up-to-date: /home/haiboliu/project/vln/localization/src/fastlio2/install/interface/share/interface/srv/SaveMaps_Request.msg
-- Up-to-date: /home/haiboliu/project/vln/localization/src/fastlio2/install/interface/share/interface/srv/SaveMaps_Response.msg
-- Up-to-date: /home/haiboliu/project/vln/localization/src/fastlio2/install/interface/share/interface/srv/Relocalize.srv
-- Up-to-date: /home/haiboliu/project/vln/localization/src/fastlio2/install/interface/share/interface/srv/Relocalize_Request.msg
-- Up-to-date: /home/haiboliu/project/vln/localization/src/fastlio2/install/interface/share/interface/srv/Relocalize_Response.msg
-- Up-to-date: /home/haiboliu/project/vln/localization/src/fastlio2/install/interface/share/interface/srv/IsValid.srv
-- Up-to-date: /home/haiboliu/project/vln/localization/src/fastlio2/install/interface/share/interface/srv/IsValid_Request.msg
-- Up-to-date: /home/haiboliu/project/vln/localization/src/fastlio2/install/interface/share/interface/srv/IsValid_Response.msg
-- Up-to-date: /home/haiboliu/project/vln/localization/src/fastlio2/install/interface/share/interface/srv/RefineMap.srv
-- Up-to-date: /home/haiboliu/project/vln/localization/src/fastlio2/install/interface/share/interface/srv/RefineMap_Request.msg
-- Up-to-date: /home/haiboliu/project/vln/localization/src/fastlio2/install/interface/share/interface/srv/RefineMap_Response.msg
-- Up-to-date: /home/haiboliu/project/vln/localization/src/fastlio2/install/interface/share/interface/srv/SavePoses.srv
-- Up-to-date: /home/haiboliu/project/vln/localization/src/fastlio2/install/interface/share/interface/srv/SavePoses_Request.msg
-- Up-to-date: /home/haiboliu/project/vln/localization/src/fastlio2/install/interface/share/interface/srv/SavePoses_Response.msg
-- Up-to-date: /home/haiboliu/project/vln/localization/src/fastlio2/install/interface/share/ament_index/resource_index/package_run_dependencies/interface
-- Up-to-date: /home/haiboliu/project/vln/localization/src/fastlio2/install/interface/share/ament_index/resource_index/parent_prefix_path/interface
-- Up-to-date: /home/haiboliu/project/vln/localization/src/fastlio2/install/interface/share/interface/environment/ament_prefix_path.sh
-- Up-to-date: /home/haiboliu/project/vln/localization/src/fastlio2/install/interface/share/interface/environment/ament_prefix_path.dsv
-- Up-to-date: /home/haiboliu/project/vln/localization/src/fastlio2/install/interface/share/interface/environment/path.sh
-- Up-to-date: /home/haiboliu/project/vln/localization/src/fastlio2/install/interface/share/interface/environment/path.dsv
-- Up-to-date: /home/haiboliu/project/vln/localization/src/fastlio2/install/interface/share/interface/local_setup.bash
-- Up-to-date: /home/haiboliu/project/vln/localization/src/fastlio2/install/interface/share/interface/local_setup.sh
-- Up-to-date: /home/haiboliu/project/vln/localization/src/fastlio2/install/interface/share/interface/local_setup.zsh
-- Up-to-date: /home/haiboliu/project/vln/localization/src/fastlio2/install/interface/share/interface/local_setup.dsv
-- Installing: /home/haiboliu/project/vln/localization/src/fastlio2/install/interface/share/interface/package.dsv
-- Up-to-date: /home/haiboliu/project/vln/localization/src/fastlio2/install/interface/share/ament_index/resource_index/packages/interface
-- Up-to-date: /home/haiboliu/project/vln/localization/src/fastlio2/install/interface/share/interface/cmake/export_interface__rosidl_generator_cExport.cmake
-- Up-to-date: /home/haiboliu/project/vln/localization/src/fastlio2/install/interface/share/interface/cmake/export_interface__rosidl_generator_cExport-noconfig.cmake
-- Up-to-date: /home/haiboliu/project/vln/localization/src/fastlio2/install/interface/share/interface/cmake/export_interface__rosidl_typesupport_fastrtps_cExport.cmake
-- Up-to-date: /home/haiboliu/project/vln/localization/src/fastlio2/install/interface/share/interface/cmake/export_interface__rosidl_typesupport_fastrtps_cExport-noconfig.cmake
-- Up-to-date: /home/haiboliu/project/vln/localization/src/fastlio2/install/interface/share/interface/cmake/export_interface__rosidl_generator_cppExport.cmake
-- Up-to-date: /home/haiboliu/project/vln/localization/src/fastlio2/install/interface/share/interface/cmake/export_interface__rosidl_typesupport_fastrtps_cppExport.cmake
-- Up-to-date: /home/haiboliu/project/vln/localization/src/fastlio2/install/interface/share/interface/cmake/export_interface__rosidl_typesupport_fastrtps_cppExport-noconfig.cmake
-- Up-to-date: /home/haiboliu/project/vln/localization/src/fastlio2/install/interface/share/interface/cmake/interface__rosidl_typesupport_introspection_cExport.cmake
-- Up-to-date: /home/haiboliu/project/vln/localization/src/fastlio2/install/interface/share/interface/cmake/interface__rosidl_typesupport_introspection_cExport-noconfig.cmake
-- Up-to-date: /home/haiboliu/project/vln/localization/src/fastlio2/install/interface/share/interface/cmake/interface__rosidl_typesupport_cExport.cmake
-- Up-to-date: /home/haiboliu/project/vln/localization/src/fastlio2/install/interface/share/interface/cmake/interface__rosidl_typesupport_cExport-noconfig.cmake
-- Up-to-date: /home/haiboliu/project/vln/localization/src/fastlio2/install/interface/share/interface/cmake/interface__rosidl_typesupport_introspection_cppExport.cmake
-- Up-to-date: /home/haiboliu/project/vln/localization/src/fastlio2/install/interface/share/interface/cmake/interface__rosidl_typesupport_introspection_cppExport-noconfig.cmake
-- Up-to-date: /home/haiboliu/project/vln/localization/src/fastlio2/install/interface/share/interface/cmake/interface__rosidl_typesupport_cppExport.cmake
-- Up-to-date: /home/haiboliu/project/vln/localization/src/fastlio2/install/interface/share/interface/cmake/interface__rosidl_typesupport_cppExport-noconfig.cmake
-- Up-to-date: /home/haiboliu/project/vln/localization/src/fastlio2/install/interface/share/interface/cmake/export_interface__rosidl_generator_pyExport.cmake
-- Up-to-date: /home/haiboliu/project/vln/localization/src/fastlio2/install/interface/share/interface/cmake/export_interface__rosidl_generator_pyExport-noconfig.cmake
-- Up-to-date: /home/haiboliu/project/vln/localization/src/fastlio2/install/interface/share/interface/cmake/rosidl_cmake-extras.cmake
-- Up-to-date: /home/haiboliu/project/vln/localization/src/fastlio2/install/interface/share/interface/cmake/ament_cmake_export_dependencies-extras.cmake
-- Up-to-date: /home/haiboliu/project/vln/localization/src/fastlio2/install/interface/share/interface/cmake/ament_cmake_export_include_directories-extras.cmake
-- Up-to-date: /home/haiboliu/project/vln/localization/src/fastlio2/install/interface/share/interface/cmake/ament_cmake_export_libraries-extras.cmake
-- Up-to-date: /home/haiboliu/project/vln/localization/src/fastlio2/install/interface/share/interface/cmake/ament_cmake_export_targets-extras.cmake
-- Up-to-date: /home/haiboliu/project/vln/localization/src/fastlio2/install/interface/share/interface/cmake/rosidl_cmake_export_typesupport_targets-extras.cmake
-- Up-to-date: /home/haiboliu/project/vln/localization/src/fastlio2/install/interface/share/interface/cmake/rosidl_cmake_export_typesupport_libraries-extras.cmake
-- Up-to-date: /home/haiboliu/project/vln/localization/src/fastlio2/install/interface/share/interface/cmake/interfaceConfig.cmake
-- Up-to-date: /home/haiboliu/project/vln/localization/src/fastlio2/install/interface/share/interface/cmake/interfaceConfig-version.cmake
-- Up-to-date: /home/haiboliu/project/vln/localization/src/fastlio2/install/interface/share/interface/package.xml
