[0.013s] Invoking command in '/home/haiboliu/project/vln/localization/src/fastlio2/build/interface': CMAKE_PREFIX_PATH=/opt/ros/humble /usr/bin/cmake --build /home/haiboliu/project/vln/localization/src/fastlio2/build/interface -- -j16 -l16
[0.065s] [35m[1mConsolidate compiler generated dependencies of target interface__rosidl_generator_c[0m
[0.075s] [  1%] Built target interface__cpp
[0.082s] [ 12%] Built target interface__rosidl_generator_c
[0.099s] [35m[1mConsolidate compiler generated dependencies of target interface__rosidl_typesupport_cpp[0m
[0.099s] [35m[1mConsolidate compiler generated dependencies of target interface__rosidl_typesupport_fastrtps_cpp[0m
[0.099s] [35m[1mConsolidate compiler generated dependencies of target interface__rosidl_typesupport_introspection_cpp[0m
[0.099s] [ 12%] Built target ament_cmake_python_copy_interface
[0.105s] [35m[1mConsolidate compiler generated dependencies of target interface__rosidl_typesupport_c[0m
[0.108s] [35m[1mConsolidate compiler generated dependencies of target interface__rosidl_typesupport_fastrtps_c[0m
[0.108s] [35m[1mConsolidate compiler generated dependencies of target interface__rosidl_typesupport_introspection_c[0m
[0.128s] [ 23%] Built target interface__rosidl_typesupport_cpp
[0.132s] [ 46%] Built target interface__rosidl_typesupport_c
[0.132s] [ 46%] Built target interface__rosidl_typesupport_introspection_cpp
[0.134s] [ 57%] Built target interface__rosidl_typesupport_fastrtps_cpp
[0.135s] [ 68%] Built target interface__rosidl_typesupport_introspection_c
[0.142s] [ 79%] Built target interface__rosidl_typesupport_fastrtps_c
[0.167s] [ 79%] Built target interface
[0.192s] [ 80%] Built target interface__py
[0.208s] [35m[1mConsolidate compiler generated dependencies of target interface__rosidl_generator_py[0m
[0.231s] [ 90%] Built target interface__rosidl_generator_py
[0.247s] [35m[1mConsolidate compiler generated dependencies of target interface__rosidl_typesupport_c__pyext[0m
[0.247s] [35m[1mConsolidate compiler generated dependencies of target interface__rosidl_typesupport_introspection_c__pyext[0m
[0.250s] [35m[1mConsolidate compiler generated dependencies of target interface__rosidl_typesupport_fastrtps_c__pyext[0m
[0.264s] [ 96%] Built target interface__rosidl_typesupport_c__pyext
[0.264s] [ 96%] Built target interface__rosidl_typesupport_introspection_c__pyext
[0.268s] [100%] Built target interface__rosidl_typesupport_fastrtps_c__pyext
[0.344s] running egg_info
[0.345s] writing interface.egg-info/PKG-INFO
[0.345s] writing dependency_links to interface.egg-info/dependency_links.txt
[0.345s] writing top-level names to interface.egg-info/top_level.txt
[0.347s] reading manifest file 'interface.egg-info/SOURCES.txt'
[0.348s] writing manifest file 'interface.egg-info/SOURCES.txt'
[0.382s] [100%] Built target ament_cmake_python_build_interface_egg
[0.397s] Invoked command in '/home/haiboliu/project/vln/localization/src/fastlio2/build/interface' returned '0': CMAKE_PREFIX_PATH=/opt/ros/humble /usr/bin/cmake --build /home/haiboliu/project/vln/localization/src/fastlio2/build/interface -- -j16 -l16
[0.408s] Invoking command in '/home/haiboliu/project/vln/localization/src/fastlio2/build/interface': CMAKE_PREFIX_PATH=/opt/ros/humble /usr/bin/cmake --install /home/haiboliu/project/vln/localization/src/fastlio2/build/interface
[0.418s] -- Install configuration: ""
[0.418s] -- Up-to-date: /home/haiboliu/project/vln/localization/src/fastlio2/install/interface/share/ament_index/resource_index/rosidl_interfaces/interface
[0.418s] -- Up-to-date: /home/haiboliu/project/vln/localization/src/fastlio2/install/interface/include/interface/interface
[0.418s] -- Up-to-date: /home/haiboliu/project/vln/localization/src/fastlio2/install/interface/include/interface/interface/srv
[0.418s] -- Up-to-date: /home/haiboliu/project/vln/localization/src/fastlio2/install/interface/include/interface/interface/srv/relocalize.h
[0.419s] -- Up-to-date: /home/haiboliu/project/vln/localization/src/fastlio2/install/interface/include/interface/interface/srv/save_maps.h
[0.419s] -- Up-to-date: /home/haiboliu/project/vln/localization/src/fastlio2/install/interface/include/interface/interface/srv/save_poses.h
[0.419s] -- Up-to-date: /home/haiboliu/project/vln/localization/src/fastlio2/install/interface/include/interface/interface/srv/is_valid.h
[0.419s] -- Up-to-date: /home/haiboliu/project/vln/localization/src/fastlio2/install/interface/include/interface/interface/srv/refine_map.h
[0.419s] -- Up-to-date: /home/haiboliu/project/vln/localization/src/fastlio2/install/interface/include/interface/interface/srv/detail
[0.419s] -- Up-to-date: /home/haiboliu/project/vln/localization/src/fastlio2/install/interface/include/interface/interface/srv/detail/refine_map__type_support.h
[0.419s] -- Up-to-date: /home/haiboliu/project/vln/localization/src/fastlio2/install/interface/include/interface/interface/srv/detail/relocalize__type_support.h
[0.419s] -- Up-to-date: /home/haiboliu/project/vln/localization/src/fastlio2/install/interface/include/interface/interface/srv/detail/save_maps__functions.c
[0.420s] -- Up-to-date: /home/haiboliu/project/vln/localization/src/fastlio2/install/interface/include/interface/interface/srv/detail/save_poses__struct.h
[0.420s] -- Up-to-date: /home/haiboliu/project/vln/localization/src/fastlio2/install/interface/include/interface/interface/srv/detail/relocalize__functions.h
[0.420s] -- Up-to-date: /home/haiboliu/project/vln/localization/src/fastlio2/install/interface/include/interface/interface/srv/detail/relocalize__struct.h
[0.420s] -- Up-to-date: /home/haiboliu/project/vln/localization/src/fastlio2/install/interface/include/interface/interface/srv/detail/is_valid__functions.c
[0.420s] -- Up-to-date: /home/haiboliu/project/vln/localization/src/fastlio2/install/interface/include/interface/interface/srv/detail/save_poses__functions.h
[0.420s] -- Up-to-date: /home/haiboliu/project/vln/localization/src/fastlio2/install/interface/include/interface/interface/srv/detail/refine_map__functions.h
[0.420s] -- Up-to-date: /home/haiboliu/project/vln/localization/src/fastlio2/install/interface/include/interface/interface/srv/detail/save_maps__type_support.h
[0.420s] -- Up-to-date: /home/haiboliu/project/vln/localization/src/fastlio2/install/interface/include/interface/interface/srv/detail/is_valid__functions.h
[0.421s] -- Up-to-date: /home/haiboliu/project/vln/localization/src/fastlio2/install/interface/include/interface/interface/srv/detail/is_valid__type_support.h
[0.421s] -- Up-to-date: /home/haiboliu/project/vln/localization/src/fastlio2/install/interface/include/interface/interface/srv/detail/save_maps__struct.h
[0.421s] -- Up-to-date: /home/haiboliu/project/vln/localization/src/fastlio2/install/interface/include/interface/interface/srv/detail/refine_map__functions.c
[0.421s] -- Up-to-date: /home/haiboliu/project/vln/localization/src/fastlio2/install/interface/include/interface/interface/srv/detail/is_valid__struct.h
[0.421s] -- Up-to-date: /home/haiboliu/project/vln/localization/src/fastlio2/install/interface/include/interface/interface/srv/detail/refine_map__struct.h
[0.422s] -- Up-to-date: /home/haiboliu/project/vln/localization/src/fastlio2/install/interface/include/interface/interface/srv/detail/save_poses__type_support.h
[0.422s] -- Up-to-date: /home/haiboliu/project/vln/localization/src/fastlio2/install/interface/include/interface/interface/srv/detail/save_poses__functions.c
[0.422s] -- Up-to-date: /home/haiboliu/project/vln/localization/src/fastlio2/install/interface/include/interface/interface/srv/detail/relocalize__functions.c
[0.422s] -- Up-to-date: /home/haiboliu/project/vln/localization/src/fastlio2/install/interface/include/interface/interface/srv/detail/save_maps__functions.h
[0.422s] -- Up-to-date: /home/haiboliu/project/vln/localization/src/fastlio2/install/interface/include/interface/interface/msg
[0.422s] -- Up-to-date: /home/haiboliu/project/vln/localization/src/fastlio2/install/interface/include/interface/interface/msg/rosidl_generator_c__visibility_control.h
[0.423s] -- Up-to-date: /home/haiboliu/project/vln/localization/src/fastlio2/install/interface/share/interface/environment/library_path.sh
[0.423s] -- Up-to-date: /home/haiboliu/project/vln/localization/src/fastlio2/install/interface/share/interface/environment/library_path.dsv
[0.423s] -- Up-to-date: /home/haiboliu/project/vln/localization/src/fastlio2/install/interface/lib/libinterface__rosidl_generator_c.so
[0.423s] -- Up-to-date: /home/haiboliu/project/vln/localization/src/fastlio2/install/interface/include/interface/interface
[0.423s] -- Up-to-date: /home/haiboliu/project/vln/localization/src/fastlio2/install/interface/include/interface/interface/srv
[0.424s] -- Up-to-date: /home/haiboliu/project/vln/localization/src/fastlio2/install/interface/include/interface/interface/srv/detail
[0.424s] -- Up-to-date: /home/haiboliu/project/vln/localization/src/fastlio2/install/interface/include/interface/interface/srv/detail/save_maps__rosidl_typesupport_fastrtps_c.h
[0.424s] -- Up-to-date: /home/haiboliu/project/vln/localization/src/fastlio2/install/interface/include/interface/interface/srv/detail/is_valid__rosidl_typesupport_fastrtps_c.h
[0.424s] -- Up-to-date: /home/haiboliu/project/vln/localization/src/fastlio2/install/interface/include/interface/interface/srv/detail/refine_map__rosidl_typesupport_fastrtps_c.h
[0.424s] -- Up-to-date: /home/haiboliu/project/vln/localization/src/fastlio2/install/interface/include/interface/interface/srv/detail/relocalize__rosidl_typesupport_fastrtps_c.h
[0.424s] -- Up-to-date: /home/haiboliu/project/vln/localization/src/fastlio2/install/interface/include/interface/interface/srv/detail/save_poses__rosidl_typesupport_fastrtps_c.h
[0.424s] -- Up-to-date: /home/haiboliu/project/vln/localization/src/fastlio2/install/interface/include/interface/interface/msg
[0.425s] -- Up-to-date: /home/haiboliu/project/vln/localization/src/fastlio2/install/interface/include/interface/interface/msg/rosidl_typesupport_fastrtps_c__visibility_control.h
[0.425s] -- Up-to-date: /home/haiboliu/project/vln/localization/src/fastlio2/install/interface/lib/libinterface__rosidl_typesupport_fastrtps_c.so
[0.425s] -- Up-to-date: /home/haiboliu/project/vln/localization/src/fastlio2/install/interface/include/interface/interface
[0.425s] -- Up-to-date: /home/haiboliu/project/vln/localization/src/fastlio2/install/interface/include/interface/interface/srv
[0.425s] -- Up-to-date: /home/haiboliu/project/vln/localization/src/fastlio2/install/interface/include/interface/interface/srv/is_valid.hpp
[0.425s] -- Up-to-date: /home/haiboliu/project/vln/localization/src/fastlio2/install/interface/include/interface/interface/srv/refine_map.hpp
[0.426s] -- Up-to-date: /home/haiboliu/project/vln/localization/src/fastlio2/install/interface/include/interface/interface/srv/relocalize.hpp
[0.426s] -- Up-to-date: /home/haiboliu/project/vln/localization/src/fastlio2/install/interface/include/interface/interface/srv/save_maps.hpp
[0.426s] -- Up-to-date: /home/haiboliu/project/vln/localization/src/fastlio2/install/interface/include/interface/interface/srv/detail
[0.426s] -- Up-to-date: /home/haiboliu/project/vln/localization/src/fastlio2/install/interface/include/interface/interface/srv/detail/is_valid__struct.hpp
[0.426s] -- Up-to-date: /home/haiboliu/project/vln/localization/src/fastlio2/install/interface/include/interface/interface/srv/detail/save_maps__struct.hpp
[0.427s] -- Up-to-date: /home/haiboliu/project/vln/localization/src/fastlio2/install/interface/include/interface/interface/srv/detail/save_poses__traits.hpp
[0.427s] -- Up-to-date: /home/haiboliu/project/vln/localization/src/fastlio2/install/interface/include/interface/interface/srv/detail/save_maps__builder.hpp
[0.427s] -- Up-to-date: /home/haiboliu/project/vln/localization/src/fastlio2/install/interface/include/interface/interface/srv/detail/save_poses__type_support.hpp
[0.427s] -- Up-to-date: /home/haiboliu/project/vln/localization/src/fastlio2/install/interface/include/interface/interface/srv/detail/relocalize__traits.hpp
[0.427s] -- Up-to-date: /home/haiboliu/project/vln/localization/src/fastlio2/install/interface/include/interface/interface/srv/detail/refine_map__traits.hpp
[0.427s] -- Up-to-date: /home/haiboliu/project/vln/localization/src/fastlio2/install/interface/include/interface/interface/srv/detail/is_valid__type_support.hpp
[0.428s] -- Up-to-date: /home/haiboliu/project/vln/localization/src/fastlio2/install/interface/include/interface/interface/srv/detail/save_poses__struct.hpp
[0.428s] -- Up-to-date: /home/haiboliu/project/vln/localization/src/fastlio2/install/interface/include/interface/interface/srv/detail/is_valid__builder.hpp
[0.428s] -- Up-to-date: /home/haiboliu/project/vln/localization/src/fastlio2/install/interface/include/interface/interface/srv/detail/is_valid__traits.hpp
[0.428s] -- Up-to-date: /home/haiboliu/project/vln/localization/src/fastlio2/install/interface/include/interface/interface/srv/detail/relocalize__type_support.hpp
[0.428s] -- Up-to-date: /home/haiboliu/project/vln/localization/src/fastlio2/install/interface/include/interface/interface/srv/detail/refine_map__builder.hpp
[0.428s] -- Up-to-date: /home/haiboliu/project/vln/localization/src/fastlio2/install/interface/include/interface/interface/srv/detail/save_poses__builder.hpp
[0.429s] -- Up-to-date: /home/haiboliu/project/vln/localization/src/fastlio2/install/interface/include/interface/interface/srv/detail/save_maps__traits.hpp
[0.429s] -- Up-to-date: /home/haiboliu/project/vln/localization/src/fastlio2/install/interface/include/interface/interface/srv/detail/relocalize__builder.hpp
[0.429s] -- Up-to-date: /home/haiboliu/project/vln/localization/src/fastlio2/install/interface/include/interface/interface/srv/detail/save_maps__type_support.hpp
[0.429s] -- Up-to-date: /home/haiboliu/project/vln/localization/src/fastlio2/install/interface/include/interface/interface/srv/detail/refine_map__type_support.hpp
[0.429s] -- Up-to-date: /home/haiboliu/project/vln/localization/src/fastlio2/install/interface/include/interface/interface/srv/detail/refine_map__struct.hpp
[0.429s] -- Up-to-date: /home/haiboliu/project/vln/localization/src/fastlio2/install/interface/include/interface/interface/srv/detail/relocalize__struct.hpp
[0.429s] -- Up-to-date: /home/haiboliu/project/vln/localization/src/fastlio2/install/interface/include/interface/interface/srv/save_poses.hpp
[0.430s] -- Up-to-date: /home/haiboliu/project/vln/localization/src/fastlio2/install/interface/include/interface/interface/msg
[0.430s] -- Up-to-date: /home/haiboliu/project/vln/localization/src/fastlio2/install/interface/include/interface/interface/msg/rosidl_generator_cpp__visibility_control.hpp
[0.430s] -- Up-to-date: /home/haiboliu/project/vln/localization/src/fastlio2/install/interface/include/interface/interface
[0.430s] -- Up-to-date: /home/haiboliu/project/vln/localization/src/fastlio2/install/interface/include/interface/interface/srv
[0.430s] -- Up-to-date: /home/haiboliu/project/vln/localization/src/fastlio2/install/interface/include/interface/interface/srv/detail
[0.430s] -- Up-to-date: /home/haiboliu/project/vln/localization/src/fastlio2/install/interface/include/interface/interface/srv/detail/save_poses__rosidl_typesupport_fastrtps_cpp.hpp
[0.431s] -- Up-to-date: /home/haiboliu/project/vln/localization/src/fastlio2/install/interface/include/interface/interface/srv/detail/dds_fastrtps
[0.431s] -- Up-to-date: /home/haiboliu/project/vln/localization/src/fastlio2/install/interface/include/interface/interface/srv/detail/is_valid__rosidl_typesupport_fastrtps_cpp.hpp
[0.431s] -- Up-to-date: /home/haiboliu/project/vln/localization/src/fastlio2/install/interface/include/interface/interface/srv/detail/relocalize__rosidl_typesupport_fastrtps_cpp.hpp
[0.431s] -- Up-to-date: /home/haiboliu/project/vln/localization/src/fastlio2/install/interface/include/interface/interface/srv/detail/refine_map__rosidl_typesupport_fastrtps_cpp.hpp
[0.431s] -- Up-to-date: /home/haiboliu/project/vln/localization/src/fastlio2/install/interface/include/interface/interface/srv/detail/save_maps__rosidl_typesupport_fastrtps_cpp.hpp
[0.431s] -- Up-to-date: /home/haiboliu/project/vln/localization/src/fastlio2/install/interface/include/interface/interface/msg
[0.431s] -- Up-to-date: /home/haiboliu/project/vln/localization/src/fastlio2/install/interface/include/interface/interface/msg/rosidl_typesupport_fastrtps_cpp__visibility_control.h
[0.432s] -- Up-to-date: /home/haiboliu/project/vln/localization/src/fastlio2/install/interface/lib/libinterface__rosidl_typesupport_fastrtps_cpp.so
[0.432s] -- Up-to-date: /home/haiboliu/project/vln/localization/src/fastlio2/install/interface/include/interface/interface
[0.432s] -- Up-to-date: /home/haiboliu/project/vln/localization/src/fastlio2/install/interface/include/interface/interface/srv
[0.434s] -- Up-to-date: /home/haiboliu/project/vln/localization/src/fastlio2/install/interface/include/interface/interface/srv/detail
[0.434s] -- Up-to-date: /home/haiboliu/project/vln/localization/src/fastlio2/install/interface/include/interface/interface/srv/detail/save_maps__type_support.c
[0.434s] -- Up-to-date: /home/haiboliu/project/vln/localization/src/fastlio2/install/interface/include/interface/interface/srv/detail/save_poses__type_support.c
[0.434s] -- Up-to-date: /home/haiboliu/project/vln/localization/src/fastlio2/install/interface/include/interface/interface/srv/detail/is_valid__type_support.c
[0.434s] -- Up-to-date: /home/haiboliu/project/vln/localization/src/fastlio2/install/interface/include/interface/interface/srv/detail/save_poses__rosidl_typesupport_introspection_c.h
[0.435s] -- Up-to-date: /home/haiboliu/project/vln/localization/src/fastlio2/install/interface/include/interface/interface/srv/detail/refine_map__type_support.c
[0.435s] -- Up-to-date: /home/haiboliu/project/vln/localization/src/fastlio2/install/interface/include/interface/interface/srv/detail/refine_map__rosidl_typesupport_introspection_c.h
[0.435s] -- Up-to-date: /home/haiboliu/project/vln/localization/src/fastlio2/install/interface/include/interface/interface/srv/detail/is_valid__rosidl_typesupport_introspection_c.h
[0.435s] -- Up-to-date: /home/haiboliu/project/vln/localization/src/fastlio2/install/interface/include/interface/interface/srv/detail/relocalize__type_support.c
[0.435s] -- Up-to-date: /home/haiboliu/project/vln/localization/src/fastlio2/install/interface/include/interface/interface/srv/detail/save_maps__rosidl_typesupport_introspection_c.h
[0.435s] -- Up-to-date: /home/haiboliu/project/vln/localization/src/fastlio2/install/interface/include/interface/interface/srv/detail/relocalize__rosidl_typesupport_introspection_c.h
[0.435s] -- Up-to-date: /home/haiboliu/project/vln/localization/src/fastlio2/install/interface/include/interface/interface/msg
[0.435s] -- Up-to-date: /home/haiboliu/project/vln/localization/src/fastlio2/install/interface/include/interface/interface/msg/rosidl_typesupport_introspection_c__visibility_control.h
[0.435s] -- Up-to-date: /home/haiboliu/project/vln/localization/src/fastlio2/install/interface/lib/libinterface__rosidl_typesupport_introspection_c.so
[0.435s] -- Up-to-date: /home/haiboliu/project/vln/localization/src/fastlio2/install/interface/lib/libinterface__rosidl_typesupport_c.so
[0.436s] -- Up-to-date: /home/haiboliu/project/vln/localization/src/fastlio2/install/interface/include/interface/interface
[0.436s] -- Up-to-date: /home/haiboliu/project/vln/localization/src/fastlio2/install/interface/include/interface/interface/srv
[0.436s] -- Up-to-date: /home/haiboliu/project/vln/localization/src/fastlio2/install/interface/include/interface/interface/srv/detail
[0.436s] -- Up-to-date: /home/haiboliu/project/vln/localization/src/fastlio2/install/interface/include/interface/interface/srv/detail/refine_map__type_support.cpp
[0.436s] -- Up-to-date: /home/haiboliu/project/vln/localization/src/fastlio2/install/interface/include/interface/interface/srv/detail/save_poses__type_support.cpp
[0.436s] -- Up-to-date: /home/haiboliu/project/vln/localization/src/fastlio2/install/interface/include/interface/interface/srv/detail/relocalize__type_support.cpp
[0.436s] -- Up-to-date: /home/haiboliu/project/vln/localization/src/fastlio2/install/interface/include/interface/interface/srv/detail/save_maps__type_support.cpp
[0.436s] -- Up-to-date: /home/haiboliu/project/vln/localization/src/fastlio2/install/interface/include/interface/interface/srv/detail/save_maps__rosidl_typesupport_introspection_cpp.hpp
[0.436s] -- Up-to-date: /home/haiboliu/project/vln/localization/src/fastlio2/install/interface/include/interface/interface/srv/detail/refine_map__rosidl_typesupport_introspection_cpp.hpp
[0.436s] -- Up-to-date: /home/haiboliu/project/vln/localization/src/fastlio2/install/interface/include/interface/interface/srv/detail/save_poses__rosidl_typesupport_introspection_cpp.hpp
[0.437s] -- Up-to-date: /home/haiboliu/project/vln/localization/src/fastlio2/install/interface/include/interface/interface/srv/detail/is_valid__type_support.cpp
[0.437s] -- Up-to-date: /home/haiboliu/project/vln/localization/src/fastlio2/install/interface/include/interface/interface/srv/detail/is_valid__rosidl_typesupport_introspection_cpp.hpp
[0.437s] -- Up-to-date: /home/haiboliu/project/vln/localization/src/fastlio2/install/interface/include/interface/interface/srv/detail/relocalize__rosidl_typesupport_introspection_cpp.hpp
[0.437s] -- Up-to-date: /home/haiboliu/project/vln/localization/src/fastlio2/install/interface/lib/libinterface__rosidl_typesupport_introspection_cpp.so
[0.437s] -- Up-to-date: /home/haiboliu/project/vln/localization/src/fastlio2/install/interface/lib/libinterface__rosidl_typesupport_cpp.so
[0.437s] -- Up-to-date: /home/haiboliu/project/vln/localization/src/fastlio2/install/interface/share/interface/environment/pythonpath.sh
[0.437s] -- Up-to-date: /home/haiboliu/project/vln/localization/src/fastlio2/install/interface/share/interface/environment/pythonpath.dsv
[0.437s] -- Up-to-date: /home/haiboliu/project/vln/localization/src/fastlio2/install/interface/local/lib/python3.10/dist-packages/interface-0.0.0-py3.10.egg-info
[0.437s] -- Installing: /home/haiboliu/project/vln/localization/src/fastlio2/install/interface/local/lib/python3.10/dist-packages/interface-0.0.0-py3.10.egg-info/dependency_links.txt
[0.437s] -- Installing: /home/haiboliu/project/vln/localization/src/fastlio2/install/interface/local/lib/python3.10/dist-packages/interface-0.0.0-py3.10.egg-info/SOURCES.txt
[0.438s] -- Installing: /home/haiboliu/project/vln/localization/src/fastlio2/install/interface/local/lib/python3.10/dist-packages/interface-0.0.0-py3.10.egg-info/top_level.txt
[0.438s] -- Installing: /home/haiboliu/project/vln/localization/src/fastlio2/install/interface/local/lib/python3.10/dist-packages/interface-0.0.0-py3.10.egg-info/PKG-INFO
[0.438s] -- Up-to-date: /home/haiboliu/project/vln/localization/src/fastlio2/install/interface/local/lib/python3.10/dist-packages/interface
[0.438s] -- Up-to-date: /home/haiboliu/project/vln/localization/src/fastlio2/install/interface/local/lib/python3.10/dist-packages/interface/interface_s__rosidl_typesupport_introspection_c.cpython-310-x86_64-linux-gnu.so
[0.438s] -- Up-to-date: /home/haiboliu/project/vln/localization/src/fastlio2/install/interface/local/lib/python3.10/dist-packages/interface/__init__.py
[0.439s] -- Up-to-date: /home/haiboliu/project/vln/localization/src/fastlio2/install/interface/local/lib/python3.10/dist-packages/interface/srv
[0.439s] -- Up-to-date: /home/haiboliu/project/vln/localization/src/fastlio2/install/interface/local/lib/python3.10/dist-packages/interface/srv/_is_valid_s.c
[0.439s] -- Up-to-date: /home/haiboliu/project/vln/localization/src/fastlio2/install/interface/local/lib/python3.10/dist-packages/interface/srv/__init__.py
[0.439s] -- Up-to-date: /home/haiboliu/project/vln/localization/src/fastlio2/install/interface/local/lib/python3.10/dist-packages/interface/srv/_relocalize_s.c
[0.439s] -- Up-to-date: /home/haiboliu/project/vln/localization/src/fastlio2/install/interface/local/lib/python3.10/dist-packages/interface/srv/_refine_map.py
[0.439s] -- Up-to-date: /home/haiboliu/project/vln/localization/src/fastlio2/install/interface/local/lib/python3.10/dist-packages/interface/srv/_refine_map_s.c
[0.439s] -- Up-to-date: /home/haiboliu/project/vln/localization/src/fastlio2/install/interface/local/lib/python3.10/dist-packages/interface/srv/_save_poses_s.c
[0.439s] -- Up-to-date: /home/haiboliu/project/vln/localization/src/fastlio2/install/interface/local/lib/python3.10/dist-packages/interface/srv/_is_valid.py
[0.439s] -- Up-to-date: /home/haiboliu/project/vln/localization/src/fastlio2/install/interface/local/lib/python3.10/dist-packages/interface/srv/_relocalize.py
[0.439s] -- Up-to-date: /home/haiboliu/project/vln/localization/src/fastlio2/install/interface/local/lib/python3.10/dist-packages/interface/srv/_save_poses.py
[0.439s] -- Up-to-date: /home/haiboliu/project/vln/localization/src/fastlio2/install/interface/local/lib/python3.10/dist-packages/interface/srv/_save_maps.py
[0.439s] -- Up-to-date: /home/haiboliu/project/vln/localization/src/fastlio2/install/interface/local/lib/python3.10/dist-packages/interface/srv/_save_maps_s.c
[0.439s] -- Up-to-date: /home/haiboliu/project/vln/localization/src/fastlio2/install/interface/local/lib/python3.10/dist-packages/interface/_interface_s.ep.rosidl_typesupport_introspection_c.c
[0.440s] -- Up-to-date: /home/haiboliu/project/vln/localization/src/fastlio2/install/interface/local/lib/python3.10/dist-packages/interface/interface_s__rosidl_typesupport_c.cpython-310-x86_64-linux-gnu.so
[0.440s] -- Up-to-date: /home/haiboliu/project/vln/localization/src/fastlio2/install/interface/local/lib/python3.10/dist-packages/interface/_interface_s.ep.rosidl_typesupport_c.c
[0.440s] -- Up-to-date: /home/haiboliu/project/vln/localization/src/fastlio2/install/interface/local/lib/python3.10/dist-packages/interface/libinterface__rosidl_generator_py.so
[0.440s] -- Up-to-date: /home/haiboliu/project/vln/localization/src/fastlio2/install/interface/local/lib/python3.10/dist-packages/interface/interface_s__rosidl_typesupport_fastrtps_c.cpython-310-x86_64-linux-gnu.so
[0.440s] -- Up-to-date: /home/haiboliu/project/vln/localization/src/fastlio2/install/interface/local/lib/python3.10/dist-packages/interface/_interface_s.ep.rosidl_typesupport_fastrtps_c.c
[0.462s] Listing '/home/haiboliu/project/vln/localization/src/fastlio2/install/interface/local/lib/python3.10/dist-packages/interface'...
[0.462s] Listing '/home/haiboliu/project/vln/localization/src/fastlio2/install/interface/local/lib/python3.10/dist-packages/interface/srv'...
[0.467s] -- Up-to-date: /home/haiboliu/project/vln/localization/src/fastlio2/install/interface/local/lib/python3.10/dist-packages/interface/interface_s__rosidl_typesupport_fastrtps_c.cpython-310-x86_64-linux-gnu.so
[0.468s] -- Up-to-date: /home/haiboliu/project/vln/localization/src/fastlio2/install/interface/local/lib/python3.10/dist-packages/interface/interface_s__rosidl_typesupport_introspection_c.cpython-310-x86_64-linux-gnu.so
[0.469s] -- Up-to-date: /home/haiboliu/project/vln/localization/src/fastlio2/install/interface/local/lib/python3.10/dist-packages/interface/interface_s__rosidl_typesupport_c.cpython-310-x86_64-linux-gnu.so
[0.469s] -- Up-to-date: /home/haiboliu/project/vln/localization/src/fastlio2/install/interface/lib/libinterface__rosidl_generator_py.so
[0.470s] -- Up-to-date: /home/haiboliu/project/vln/localization/src/fastlio2/install/interface/share/interface/srv/SaveMaps.idl
[0.470s] -- Up-to-date: /home/haiboliu/project/vln/localization/src/fastlio2/install/interface/share/interface/srv/Relocalize.idl
[0.470s] -- Up-to-date: /home/haiboliu/project/vln/localization/src/fastlio2/install/interface/share/interface/srv/IsValid.idl
[0.471s] -- Up-to-date: /home/haiboliu/project/vln/localization/src/fastlio2/install/interface/share/interface/srv/RefineMap.idl
[0.471s] -- Up-to-date: /home/haiboliu/project/vln/localization/src/fastlio2/install/interface/share/interface/srv/SavePoses.idl
[0.471s] -- Up-to-date: /home/haiboliu/project/vln/localization/src/fastlio2/install/interface/share/interface/srv/SaveMaps.srv
[0.471s] -- Up-to-date: /home/haiboliu/project/vln/localization/src/fastlio2/install/interface/share/interface/srv/SaveMaps_Request.msg
[0.471s] -- Up-to-date: /home/haiboliu/project/vln/localization/src/fastlio2/install/interface/share/interface/srv/SaveMaps_Response.msg
[0.471s] -- Up-to-date: /home/haiboliu/project/vln/localization/src/fastlio2/install/interface/share/interface/srv/Relocalize.srv
[0.471s] -- Up-to-date: /home/haiboliu/project/vln/localization/src/fastlio2/install/interface/share/interface/srv/Relocalize_Request.msg
[0.472s] -- Up-to-date: /home/haiboliu/project/vln/localization/src/fastlio2/install/interface/share/interface/srv/Relocalize_Response.msg
[0.472s] -- Up-to-date: /home/haiboliu/project/vln/localization/src/fastlio2/install/interface/share/interface/srv/IsValid.srv
[0.472s] -- Up-to-date: /home/haiboliu/project/vln/localization/src/fastlio2/install/interface/share/interface/srv/IsValid_Request.msg
[0.472s] -- Up-to-date: /home/haiboliu/project/vln/localization/src/fastlio2/install/interface/share/interface/srv/IsValid_Response.msg
[0.473s] -- Up-to-date: /home/haiboliu/project/vln/localization/src/fastlio2/install/interface/share/interface/srv/RefineMap.srv
[0.473s] -- Up-to-date: /home/haiboliu/project/vln/localization/src/fastlio2/install/interface/share/interface/srv/RefineMap_Request.msg
[0.473s] -- Up-to-date: /home/haiboliu/project/vln/localization/src/fastlio2/install/interface/share/interface/srv/RefineMap_Response.msg
[0.473s] -- Up-to-date: /home/haiboliu/project/vln/localization/src/fastlio2/install/interface/share/interface/srv/SavePoses.srv
[0.473s] -- Up-to-date: /home/haiboliu/project/vln/localization/src/fastlio2/install/interface/share/interface/srv/SavePoses_Request.msg
[0.473s] -- Up-to-date: /home/haiboliu/project/vln/localization/src/fastlio2/install/interface/share/interface/srv/SavePoses_Response.msg
[0.473s] -- Up-to-date: /home/haiboliu/project/vln/localization/src/fastlio2/install/interface/share/ament_index/resource_index/package_run_dependencies/interface
[0.474s] -- Up-to-date: /home/haiboliu/project/vln/localization/src/fastlio2/install/interface/share/ament_index/resource_index/parent_prefix_path/interface
[0.474s] -- Up-to-date: /home/haiboliu/project/vln/localization/src/fastlio2/install/interface/share/interface/environment/ament_prefix_path.sh
[0.475s] -- Up-to-date: /home/haiboliu/project/vln/localization/src/fastlio2/install/interface/share/interface/environment/ament_prefix_path.dsv
[0.475s] -- Up-to-date: /home/haiboliu/project/vln/localization/src/fastlio2/install/interface/share/interface/environment/path.sh
[0.475s] -- Up-to-date: /home/haiboliu/project/vln/localization/src/fastlio2/install/interface/share/interface/environment/path.dsv
[0.475s] -- Up-to-date: /home/haiboliu/project/vln/localization/src/fastlio2/install/interface/share/interface/local_setup.bash
[0.475s] -- Up-to-date: /home/haiboliu/project/vln/localization/src/fastlio2/install/interface/share/interface/local_setup.sh
[0.475s] -- Up-to-date: /home/haiboliu/project/vln/localization/src/fastlio2/install/interface/share/interface/local_setup.zsh
[0.475s] -- Up-to-date: /home/haiboliu/project/vln/localization/src/fastlio2/install/interface/share/interface/local_setup.dsv
[0.476s] -- Installing: /home/haiboliu/project/vln/localization/src/fastlio2/install/interface/share/interface/package.dsv
[0.477s] -- Up-to-date: /home/haiboliu/project/vln/localization/src/fastlio2/install/interface/share/ament_index/resource_index/packages/interface
[0.477s] -- Up-to-date: /home/haiboliu/project/vln/localization/src/fastlio2/install/interface/share/interface/cmake/export_interface__rosidl_generator_cExport.cmake
[0.477s] -- Up-to-date: /home/haiboliu/project/vln/localization/src/fastlio2/install/interface/share/interface/cmake/export_interface__rosidl_generator_cExport-noconfig.cmake
[0.478s] -- Up-to-date: /home/haiboliu/project/vln/localization/src/fastlio2/install/interface/share/interface/cmake/export_interface__rosidl_typesupport_fastrtps_cExport.cmake
[0.478s] -- Up-to-date: /home/haiboliu/project/vln/localization/src/fastlio2/install/interface/share/interface/cmake/export_interface__rosidl_typesupport_fastrtps_cExport-noconfig.cmake
[0.479s] -- Up-to-date: /home/haiboliu/project/vln/localization/src/fastlio2/install/interface/share/interface/cmake/export_interface__rosidl_generator_cppExport.cmake
[0.479s] -- Up-to-date: /home/haiboliu/project/vln/localization/src/fastlio2/install/interface/share/interface/cmake/export_interface__rosidl_typesupport_fastrtps_cppExport.cmake
[0.480s] -- Up-to-date: /home/haiboliu/project/vln/localization/src/fastlio2/install/interface/share/interface/cmake/export_interface__rosidl_typesupport_fastrtps_cppExport-noconfig.cmake
[0.480s] -- Up-to-date: /home/haiboliu/project/vln/localization/src/fastlio2/install/interface/share/interface/cmake/interface__rosidl_typesupport_introspection_cExport.cmake
[0.480s] -- Up-to-date: /home/haiboliu/project/vln/localization/src/fastlio2/install/interface/share/interface/cmake/interface__rosidl_typesupport_introspection_cExport-noconfig.cmake
[0.480s] -- Up-to-date: /home/haiboliu/project/vln/localization/src/fastlio2/install/interface/share/interface/cmake/interface__rosidl_typesupport_cExport.cmake
[0.480s] -- Up-to-date: /home/haiboliu/project/vln/localization/src/fastlio2/install/interface/share/interface/cmake/interface__rosidl_typesupport_cExport-noconfig.cmake
[0.480s] -- Up-to-date: /home/haiboliu/project/vln/localization/src/fastlio2/install/interface/share/interface/cmake/interface__rosidl_typesupport_introspection_cppExport.cmake
[0.481s] -- Up-to-date: /home/haiboliu/project/vln/localization/src/fastlio2/install/interface/share/interface/cmake/interface__rosidl_typesupport_introspection_cppExport-noconfig.cmake
[0.481s] -- Up-to-date: /home/haiboliu/project/vln/localization/src/fastlio2/install/interface/share/interface/cmake/interface__rosidl_typesupport_cppExport.cmake
[0.481s] -- Up-to-date: /home/haiboliu/project/vln/localization/src/fastlio2/install/interface/share/interface/cmake/interface__rosidl_typesupport_cppExport-noconfig.cmake
[0.481s] -- Up-to-date: /home/haiboliu/project/vln/localization/src/fastlio2/install/interface/share/interface/cmake/export_interface__rosidl_generator_pyExport.cmake
[0.481s] -- Up-to-date: /home/haiboliu/project/vln/localization/src/fastlio2/install/interface/share/interface/cmake/export_interface__rosidl_generator_pyExport-noconfig.cmake
[0.482s] -- Up-to-date: /home/haiboliu/project/vln/localization/src/fastlio2/install/interface/share/interface/cmake/rosidl_cmake-extras.cmake
[0.482s] -- Up-to-date: /home/haiboliu/project/vln/localization/src/fastlio2/install/interface/share/interface/cmake/ament_cmake_export_dependencies-extras.cmake
[0.482s] -- Up-to-date: /home/haiboliu/project/vln/localization/src/fastlio2/install/interface/share/interface/cmake/ament_cmake_export_include_directories-extras.cmake
[0.482s] -- Up-to-date: /home/haiboliu/project/vln/localization/src/fastlio2/install/interface/share/interface/cmake/ament_cmake_export_libraries-extras.cmake
[0.483s] -- Up-to-date: /home/haiboliu/project/vln/localization/src/fastlio2/install/interface/share/interface/cmake/ament_cmake_export_targets-extras.cmake
[0.483s] -- Up-to-date: /home/haiboliu/project/vln/localization/src/fastlio2/install/interface/share/interface/cmake/rosidl_cmake_export_typesupport_targets-extras.cmake
[0.484s] -- Up-to-date: /home/haiboliu/project/vln/localization/src/fastlio2/install/interface/share/interface/cmake/rosidl_cmake_export_typesupport_libraries-extras.cmake
[0.484s] -- Up-to-date: /home/haiboliu/project/vln/localization/src/fastlio2/install/interface/share/interface/cmake/interfaceConfig.cmake
[0.484s] -- Up-to-date: /home/haiboliu/project/vln/localization/src/fastlio2/install/interface/share/interface/cmake/interfaceConfig-version.cmake
[0.484s] -- Up-to-date: /home/haiboliu/project/vln/localization/src/fastlio2/install/interface/share/interface/package.xml
[0.535s] Invoked command in '/home/haiboliu/project/vln/localization/src/fastlio2/build/interface' returned '0': CMAKE_PREFIX_PATH=/opt/ros/humble /usr/bin/cmake --install /home/haiboliu/project/vln/localization/src/fastlio2/build/interface
