[35m[1mConsolidate compiler generated dependencies of target map_builder[0m
[ 10%] [32mBuilding CXX object CMakeFiles/map_builder.dir/src/map_builder/imu_processor.cpp.o[0m
[ 15%] [32mBuilding CXX object CMakeFiles/map_builder.dir/src/map_builder/ieskf.cpp.o[0m
[ 15%] [32mBuilding CXX object CMakeFiles/map_builder.dir/src/map_builder/lidar_processor.cpp.o[0m
[ 25%] [32mBuilding CXX object CMakeFiles/map_builder.dir/src/map_builder/map_builder.cpp.o[0m
[ 25%] [32mBuilding CXX object CMakeFiles/map_builder.dir/src/map_builder/imu_pose_predictor.cpp.o[0m
[ 35%] [32mBuilding CXX object CMakeFiles/map_builder.dir/src/lio_node.cpp.o[0m
[ 35%] [32mBuilding CXX object CMakeFiles/map_builder.dir/src/lio_localization_node.cpp.o[0m
In file included from [01m[K/home/haiboliu/project/vln/localization/src/fastlio2/fastlio2/src/map_builder/ieskf.cpp:1[m[K:
[01m[K/home/haiboliu/project/vln/localization/src/fastlio2/fastlio2/src/map_builder/ieskf.h:3:10:[m[K [01;31m[Kfatal error: [m[Ksophus/so3.hpp: No such file or directory
    3 | #include [01;31m[K<sophus/so3.hpp>[m[K
      |          [01;31m[K^~~~~~~~~~~~~~~~[m[K
compilation terminated.
In file included from [01m[K/home/haiboliu/project/vln/localization/src/fastlio2/fastlio2/src/map_builder/imu_processor.h:2[m[K,
                 from [01m[K/home/haiboliu/project/vln/localization/src/fastlio2/fastlio2/src/map_builder/imu_processor.cpp:1[m[K:
[01m[K/home/haiboliu/project/vln/localization/src/fastlio2/fastlio2/src/map_builder/ieskf.h:3:10:[m[K [01;31m[Kfatal error: [m[Ksophus/so3.hpp: No such file or directory
    3 | #include [01;31m[K<sophus/so3.hpp>[m[K
      |          [01;31m[K^~~~~~~~~~~~~~~~[m[K
compilation terminated.
gmake[2]: *** [CMakeFiles/map_builder.dir/build.make:90: CMakeFiles/map_builder.dir/src/map_builder/ieskf.cpp.o] Error 1
gmake[2]: *** Waiting for unfinished jobs....
gmake[2]: *** [CMakeFiles/map_builder.dir/build.make:104: CMakeFiles/map_builder.dir/src/map_builder/imu_processor.cpp.o] Error 1
In file included from [01m[K/home/haiboliu/project/vln/localization/src/fastlio2/fastlio2/src/map_builder/imu_processor.h:2[m[K,
                 from [01m[K/home/haiboliu/project/vln/localization/src/fastlio2/fastlio2/src/map_builder/map_builder.h:2[m[K,
                 from [01m[K/home/haiboliu/project/vln/localization/src/fastlio2/fastlio2/src/map_builder/map_builder.cpp:1[m[K:
[01m[K/home/haiboliu/project/vln/localization/src/fastlio2/fastlio2/src/map_builder/ieskf.h:3:10:[m[K [01;31m[Kfatal error: [m[Ksophus/so3.hpp: No such file or directory
    3 | #include [01;31m[K<sophus/so3.hpp>[m[K
      |          [01;31m[K^~~~~~~~~~~~~~~~[m[K
compilation terminated.
gmake[2]: *** [CMakeFiles/map_builder.dir/build.make:146: CMakeFiles/map_builder.dir/src/map_builder/map_builder.cpp.o] Error 1
In file included from [01m[K/home/haiboliu/project/vln/localization/src/fastlio2/fastlio2/src/map_builder/lidar_processor.h:3[m[K,
                 from [01m[K/home/haiboliu/project/vln/localization/src/fastlio2/fastlio2/src/map_builder/lidar_processor.cpp:1[m[K:
[01m[K/home/haiboliu/project/vln/localization/src/fastlio2/fastlio2/src/map_builder/ieskf.h:3:10:[m[K [01;31m[Kfatal error: [m[Ksophus/so3.hpp: No such file or directory
    3 | #include [01;31m[K<sophus/so3.hpp>[m[K
      |          [01;31m[K^~~~~~~~~~~~~~~~[m[K
compilation terminated.
gmake[2]: *** [CMakeFiles/map_builder.dir/build.make:132: CMakeFiles/map_builder.dir/src/map_builder/lidar_processor.cpp.o] Error 1
In file included from [01m[K/home/haiboliu/project/vln/localization/src/fastlio2/fastlio2/src/map_builder/imu_pose_predictor.h:9[m[K,
                 from [01m[K/home/haiboliu/project/vln/localization/src/fastlio2/fastlio2/src/map_builder/imu_pose_predictor.cpp:1[m[K:
[01m[K/home/haiboliu/project/vln/localization/src/fastlio2/fastlio2/src/map_builder/ieskf.h:3:10:[m[K [01;31m[Kfatal error: [m[Ksophus/so3.hpp: No such file or directory
    3 | #include [01;31m[K<sophus/so3.hpp>[m[K
      |          [01;31m[K^~~~~~~~~~~~~~~~[m[K
compilation terminated.
gmake[2]: *** [CMakeFiles/map_builder.dir/build.make:160: CMakeFiles/map_builder.dir/src/map_builder/imu_pose_predictor.cpp.o] Error 1
In file included from [01m[K/home/haiboliu/project/vln/localization/src/fastlio2/fastlio2/src/map_builder/imu_pose_predictor.h:9[m[K,
                 from [01m[K/home/haiboliu/project/vln/localization/src/fastlio2/fastlio2/src/lio_node.h:21[m[K,
                 from [01m[K/home/haiboliu/project/vln/localization/src/fastlio2/fastlio2/src/lio_node.cpp:1[m[K:
[01m[K/home/haiboliu/project/vln/localization/src/fastlio2/fastlio2/src/map_builder/ieskf.h:3:10:[m[K [01;31m[Kfatal error: [m[Ksophus/so3.hpp: No such file or directory
    3 | #include [01;31m[K<sophus/so3.hpp>[m[K
      |          [01;31m[K^~~~~~~~~~~~~~~~[m[K
compilation terminated.
gmake[2]: *** [CMakeFiles/map_builder.dir/build.make:188: CMakeFiles/map_builder.dir/src/lio_node.cpp.o] Error 1
In file included from [01m[K/home/haiboliu/project/vln/localization/src/fastlio2/fastlio2/src/map_builder/imu_pose_predictor.h:9[m[K,
                 from [01m[K/home/haiboliu/project/vln/localization/src/fastlio2/fastlio2/src/lio_node.h:21[m[K,
                 from [01m[K/home/haiboliu/project/vln/localization/src/fastlio2/fastlio2/src/lio_localization_node.h:5[m[K,
                 from [01m[K/home/haiboliu/project/vln/localization/src/fastlio2/fastlio2/src/lio_localization_node.cpp:1[m[K:
[01m[K/home/haiboliu/project/vln/localization/src/fastlio2/fastlio2/src/map_builder/ieskf.h:3:10:[m[K [01;31m[Kfatal error: [m[Ksophus/so3.hpp: No such file or directory
    3 | #include [01;31m[K<sophus/so3.hpp>[m[K
      |          [01;31m[K^~~~~~~~~~~~~~~~[m[K
compilation terminated.
gmake[2]: *** [CMakeFiles/map_builder.dir/build.make:202: CMakeFiles/map_builder.dir/src/lio_localization_node.cpp.o] Error 1
gmake[1]: *** [CMakeFiles/Makefile2:143: CMakeFiles/map_builder.dir/all] Error 2
gmake: *** [Makefile:146: all] Error 2
