[0.033s] Invoking command in '/home/haiboliu/project/vln/localization/src/fastlio2/build/fastlio2': AMENT_PREFIX_PATH=/home/haiboliu/project/vln/localization/src/fastlio2/install/livox_ros_driver2:${AMENT_PREFIX_PATH} CMAKE_PREFIX_PATH=/home/haiboliu/project/vln/localization/src/fastlio2/install/livox_ros_driver2:/opt/ros/humble LD_LIBRARY_PATH=/home/haiboliu/project/vln/localization/src/fastlio2/install/livox_ros_driver2/lib:${LD_LIBRARY_PATH} PYTHONPATH=/home/haiboliu/project/vln/localization/src/fastlio2/install/livox_ros_driver2/local/lib/python3.10/dist-packages:${PYTHONPATH} /usr/bin/cmake --build /home/haiboliu/project/vln/localization/src/fastlio2/build/fastlio2 -- -j16 -l16
[0.095s] [35m[1mConsolidate compiler generated dependencies of target map_builder[0m
[0.168s] [ 10%] [32mBuilding CXX object CMakeFiles/map_builder.dir/src/map_builder/imu_processor.cpp.o[0m
[0.168s] [ 15%] [32mBuilding CXX object CMakeFiles/map_builder.dir/src/map_builder/ieskf.cpp.o[0m
[0.168s] [ 15%] [32mBuilding CXX object CMakeFiles/map_builder.dir/src/map_builder/lidar_processor.cpp.o[0m
[0.169s] [ 25%] [32mBuilding CXX object CMakeFiles/map_builder.dir/src/map_builder/map_builder.cpp.o[0m
[0.169s] [ 25%] [32mBuilding CXX object CMakeFiles/map_builder.dir/src/map_builder/imu_pose_predictor.cpp.o[0m
[0.175s] [ 35%] [32mBuilding CXX object CMakeFiles/map_builder.dir/src/lio_node.cpp.o[0m
[0.175s] [ 35%] [32mBuilding CXX object CMakeFiles/map_builder.dir/src/lio_localization_node.cpp.o[0m
[0.545s] In file included from [01m[K/home/haiboliu/project/vln/localization/src/fastlio2/fastlio2/src/map_builder/ieskf.cpp:1[m[K:
[0.546s] [01m[K/home/haiboliu/project/vln/localization/src/fastlio2/fastlio2/src/map_builder/ieskf.h:3:10:[m[K [01;31m[Kfatal error: [m[Ksophus/so3.hpp: No such file or directory
[0.546s]     3 | #include [01;31m[K<sophus/so3.hpp>[m[K
[0.546s]       |          [01;31m[K^~~~~~~~~~~~~~~~[m[K
[0.546s] compilation terminated.
[0.550s] In file included from [01m[K/home/haiboliu/project/vln/localization/src/fastlio2/fastlio2/src/map_builder/imu_processor.h:2[m[K,
[0.550s]                  from [01m[K/home/haiboliu/project/vln/localization/src/fastlio2/fastlio2/src/map_builder/imu_processor.cpp:1[m[K:
[0.550s] [01m[K/home/haiboliu/project/vln/localization/src/fastlio2/fastlio2/src/map_builder/ieskf.h:3:10:[m[K [01;31m[Kfatal error: [m[Ksophus/so3.hpp: No such file or directory
[0.550s]     3 | #include [01;31m[K<sophus/so3.hpp>[m[K
[0.550s]       |          [01;31m[K^~~~~~~~~~~~~~~~[m[K
[0.550s] compilation terminated.
[0.553s] gmake[2]: *** [CMakeFiles/map_builder.dir/build.make:90: CMakeFiles/map_builder.dir/src/map_builder/ieskf.cpp.o] Error 1
[0.553s] gmake[2]: *** Waiting for unfinished jobs....
[0.557s] gmake[2]: *** [CMakeFiles/map_builder.dir/build.make:104: CMakeFiles/map_builder.dir/src/map_builder/imu_processor.cpp.o] Error 1
[0.656s] In file included from [01m[K/home/haiboliu/project/vln/localization/src/fastlio2/fastlio2/src/map_builder/imu_processor.h:2[m[K,
[0.656s]                  from [01m[K/home/haiboliu/project/vln/localization/src/fastlio2/fastlio2/src/map_builder/map_builder.h:2[m[K,
[0.656s]                  from [01m[K/home/haiboliu/project/vln/localization/src/fastlio2/fastlio2/src/map_builder/map_builder.cpp:1[m[K:
[0.656s] [01m[K/home/haiboliu/project/vln/localization/src/fastlio2/fastlio2/src/map_builder/ieskf.h:3:10:[m[K [01;31m[Kfatal error: [m[Ksophus/so3.hpp: No such file or directory
[0.656s]     3 | #include [01;31m[K<sophus/so3.hpp>[m[K
[0.656s]       |          [01;31m[K^~~~~~~~~~~~~~~~[m[K
[0.656s] compilation terminated.
[0.670s] gmake[2]: *** [CMakeFiles/map_builder.dir/build.make:146: CMakeFiles/map_builder.dir/src/map_builder/map_builder.cpp.o] Error 1
[1.596s] In file included from [01m[K/home/haiboliu/project/vln/localization/src/fastlio2/fastlio2/src/map_builder/lidar_processor.h:3[m[K,
[1.596s]                  from [01m[K/home/haiboliu/project/vln/localization/src/fastlio2/fastlio2/src/map_builder/lidar_processor.cpp:1[m[K:
[1.596s] [01m[K/home/haiboliu/project/vln/localization/src/fastlio2/fastlio2/src/map_builder/ieskf.h:3:10:[m[K [01;31m[Kfatal error: [m[Ksophus/so3.hpp: No such file or directory
[1.596s]     3 | #include [01;31m[K<sophus/so3.hpp>[m[K
[1.596s]       |          [01;31m[K^~~~~~~~~~~~~~~~[m[K
[1.596s] compilation terminated.
[1.625s] gmake[2]: *** [CMakeFiles/map_builder.dir/build.make:132: CMakeFiles/map_builder.dir/src/map_builder/lidar_processor.cpp.o] Error 1
[1.652s] In file included from [01m[K/home/haiboliu/project/vln/localization/src/fastlio2/fastlio2/src/map_builder/imu_pose_predictor.h:9[m[K,
[1.652s]                  from [01m[K/home/haiboliu/project/vln/localization/src/fastlio2/fastlio2/src/map_builder/imu_pose_predictor.cpp:1[m[K:
[1.652s] [01m[K/home/haiboliu/project/vln/localization/src/fastlio2/fastlio2/src/map_builder/ieskf.h:3:10:[m[K [01;31m[Kfatal error: [m[Ksophus/so3.hpp: No such file or directory
[1.652s]     3 | #include [01;31m[K<sophus/so3.hpp>[m[K
[1.653s]       |          [01;31m[K^~~~~~~~~~~~~~~~[m[K
[1.653s] compilation terminated.
[1.680s] gmake[2]: *** [CMakeFiles/map_builder.dir/build.make:160: CMakeFiles/map_builder.dir/src/map_builder/imu_pose_predictor.cpp.o] Error 1
[2.266s] In file included from [01m[K/home/haiboliu/project/vln/localization/src/fastlio2/fastlio2/src/map_builder/imu_pose_predictor.h:9[m[K,
[2.266s]                  from [01m[K/home/haiboliu/project/vln/localization/src/fastlio2/fastlio2/src/lio_node.h:21[m[K,
[2.267s]                  from [01m[K/home/haiboliu/project/vln/localization/src/fastlio2/fastlio2/src/lio_node.cpp:1[m[K:
[2.267s] [01m[K/home/haiboliu/project/vln/localization/src/fastlio2/fastlio2/src/map_builder/ieskf.h:3:10:[m[K [01;31m[Kfatal error: [m[Ksophus/so3.hpp: No such file or directory
[2.267s]     3 | #include [01;31m[K<sophus/so3.hpp>[m[K
[2.267s]       |          [01;31m[K^~~~~~~~~~~~~~~~[m[K
[2.267s] compilation terminated.
[2.295s] gmake[2]: *** [CMakeFiles/map_builder.dir/build.make:188: CMakeFiles/map_builder.dir/src/lio_node.cpp.o] Error 1
[2.540s] In file included from [01m[K/home/haiboliu/project/vln/localization/src/fastlio2/fastlio2/src/map_builder/imu_pose_predictor.h:9[m[K,
[2.540s]                  from [01m[K/home/haiboliu/project/vln/localization/src/fastlio2/fastlio2/src/lio_node.h:21[m[K,
[2.540s]                  from [01m[K/home/haiboliu/project/vln/localization/src/fastlio2/fastlio2/src/lio_localization_node.h:5[m[K,
[2.540s]                  from [01m[K/home/haiboliu/project/vln/localization/src/fastlio2/fastlio2/src/lio_localization_node.cpp:1[m[K:
[2.540s] [01m[K/home/haiboliu/project/vln/localization/src/fastlio2/fastlio2/src/map_builder/ieskf.h:3:10:[m[K [01;31m[Kfatal error: [m[Ksophus/so3.hpp: No such file or directory
[2.540s]     3 | #include [01;31m[K<sophus/so3.hpp>[m[K
[2.540s]       |          [01;31m[K^~~~~~~~~~~~~~~~[m[K
[2.541s] compilation terminated.
[2.578s] gmake[2]: *** [CMakeFiles/map_builder.dir/build.make:202: CMakeFiles/map_builder.dir/src/lio_localization_node.cpp.o] Error 1
[2.579s] gmake[1]: *** [CMakeFiles/Makefile2:143: CMakeFiles/map_builder.dir/all] Error 2
[2.579s] gmake: *** [Makefile:146: all] Error 2
