[0.018s] Invoking command in '/home/haiboliu/project/vln/localization/src/fastlio2/build/localizer': AMENT_PREFIX_PATH=/home/haiboliu/project/vln/localization/src/fastlio2/install/interface:${AMENT_PREFIX_PATH} CMAKE_PREFIX_PATH=/home/haiboliu/project/vln/localization/src/fastlio2/install/interface:/opt/ros/humble LD_LIBRARY_PATH=/home/haiboliu/project/vln/localization/src/fastlio2/install/interface/lib:${LD_LIBRARY_PATH} PYTHONPATH=/home/haiboliu/project/vln/localization/src/fastlio2/install/interface/local/lib/python3.10/dist-packages:${PYTHONPATH} /usr/bin/cmake --build /home/haiboliu/project/vln/localization/src/fastlio2/build/localizer -- -j16 -l16
[0.078s] [35m[1mConsolidate compiler generated dependencies of target localizer_node[0m
[0.133s] [100%] Built target localizer_node
[0.156s] Invoked command in '/home/haiboliu/project/vln/localization/src/fastlio2/build/localizer' returned '0': AMENT_PREFIX_PATH=/home/haiboliu/project/vln/localization/src/fastlio2/install/interface:${AMENT_PREFIX_PATH} CMAKE_PREFIX_PATH=/home/haiboliu/project/vln/localization/src/fastlio2/install/interface:/opt/ros/humble LD_LIBRARY_PATH=/home/haiboliu/project/vln/localization/src/fastlio2/install/interface/lib:${LD_LIBRARY_PATH} PYTHONPATH=/home/haiboliu/project/vln/localization/src/fastlio2/install/interface/local/lib/python3.10/dist-packages:${PYTHONPATH} /usr/bin/cmake --build /home/haiboliu/project/vln/localization/src/fastlio2/build/localizer -- -j16 -l16
[0.160s] Invoking command in '/home/haiboliu/project/vln/localization/src/fastlio2/build/localizer': AMENT_PREFIX_PATH=/home/haiboliu/project/vln/localization/src/fastlio2/install/interface:${AMENT_PREFIX_PATH} CMAKE_PREFIX_PATH=/home/haiboliu/project/vln/localization/src/fastlio2/install/interface:/opt/ros/humble LD_LIBRARY_PATH=/home/haiboliu/project/vln/localization/src/fastlio2/install/interface/lib:${LD_LIBRARY_PATH} PYTHONPATH=/home/haiboliu/project/vln/localization/src/fastlio2/install/interface/local/lib/python3.10/dist-packages:${PYTHONPATH} /usr/bin/cmake --install /home/haiboliu/project/vln/localization/src/fastlio2/build/localizer
[0.172s] -- Install configuration: "Release"
[0.172s] -- Installing: /home/haiboliu/project/vln/localization/src/fastlio2/install/localizer/lib/localizer/localizer_node
[0.177s] -- Set runtime path of "/home/haiboliu/project/vln/localization/src/fastlio2/install/localizer/lib/localizer/localizer_node" to ""
[0.177s] -- Installing: /home/haiboliu/project/vln/localization/src/fastlio2/install/localizer/share/localizer/launch
[0.177s] -- Installing: /home/haiboliu/project/vln/localization/src/fastlio2/install/localizer/share/localizer/launch/localizer_launch.py
[0.177s] -- Installing: /home/haiboliu/project/vln/localization/src/fastlio2/install/localizer/share/localizer/config
[0.177s] -- Installing: /home/haiboliu/project/vln/localization/src/fastlio2/install/localizer/share/localizer/config/localizer.yaml
[0.177s] -- Installing: /home/haiboliu/project/vln/localization/src/fastlio2/install/localizer/share/localizer/rviz
[0.178s] -- Installing: /home/haiboliu/project/vln/localization/src/fastlio2/install/localizer/share/localizer/rviz/localizer.rviz
[0.178s] -- Installing: /home/haiboliu/project/vln/localization/src/fastlio2/install/localizer/share/ament_index/resource_index/package_run_dependencies/localizer
[0.179s] -- Installing: /home/haiboliu/project/vln/localization/src/fastlio2/install/localizer/share/ament_index/resource_index/parent_prefix_path/localizer
[0.181s] -- Installing: /home/haiboliu/project/vln/localization/src/fastlio2/install/localizer/share/localizer/environment/ament_prefix_path.sh
[0.181s] -- Installing: /home/haiboliu/project/vln/localization/src/fastlio2/install/localizer/share/localizer/environment/ament_prefix_path.dsv
[0.181s] -- Installing: /home/haiboliu/project/vln/localization/src/fastlio2/install/localizer/share/localizer/environment/path.sh
[0.181s] -- Installing: /home/haiboliu/project/vln/localization/src/fastlio2/install/localizer/share/localizer/environment/path.dsv
[0.181s] -- Installing: /home/haiboliu/project/vln/localization/src/fastlio2/install/localizer/share/localizer/local_setup.bash
[0.181s] -- Installing: /home/haiboliu/project/vln/localization/src/fastlio2/install/localizer/share/localizer/local_setup.sh
[0.181s] -- Installing: /home/haiboliu/project/vln/localization/src/fastlio2/install/localizer/share/localizer/local_setup.zsh
[0.182s] -- Installing: /home/haiboliu/project/vln/localization/src/fastlio2/install/localizer/share/localizer/local_setup.dsv
[0.182s] -- Installing: /home/haiboliu/project/vln/localization/src/fastlio2/install/localizer/share/localizer/package.dsv
[0.183s] -- Installing: /home/haiboliu/project/vln/localization/src/fastlio2/install/localizer/share/ament_index/resource_index/packages/localizer
[0.183s] -- Installing: /home/haiboliu/project/vln/localization/src/fastlio2/install/localizer/share/localizer/cmake/localizerConfig.cmake
[0.183s] -- Installing: /home/haiboliu/project/vln/localization/src/fastlio2/install/localizer/share/localizer/cmake/localizerConfig-version.cmake
[0.184s] -- Installing: /home/haiboliu/project/vln/localization/src/fastlio2/install/localizer/share/localizer/package.xml
[0.188s] Invoked command in '/home/haiboliu/project/vln/localization/src/fastlio2/build/localizer' returned '0': AMENT_PREFIX_PATH=/home/haiboliu/project/vln/localization/src/fastlio2/install/interface:${AMENT_PREFIX_PATH} CMAKE_PREFIX_PATH=/home/haiboliu/project/vln/localization/src/fastlio2/install/interface:/opt/ros/humble LD_LIBRARY_PATH=/home/haiboliu/project/vln/localization/src/fastlio2/install/interface/lib:${LD_LIBRARY_PATH} PYTHONPATH=/home/haiboliu/project/vln/localization/src/fastlio2/install/interface/local/lib/python3.10/dist-packages:${PYTHONPATH} /usr/bin/cmake --install /home/haiboliu/project/vln/localization/src/fastlio2/build/localizer
