[0.086s] DEBUG:colcon:Command line arguments: ['/usr/bin/colcon', 'build']
[0.086s] DEBUG:colcon:Parsed command line arguments: Namespace(log_base=None, log_level=None, verb_name='build', build_base='build', install_base='install', merge_install=False, symlink_install=False, test_result_base=None, continue_on_error=False, executor='parallel', parallel_workers=16, event_handlers=None, ignore_user_meta=False, metas=['./colcon.meta'], base_paths=['.'], packages_ignore=None, packages_ignore_regex=None, paths=None, packages_up_to=None, packages_up_to_regex=None, packages_above=None, packages_above_and_dependencies=None, packages_above_depth=None, packages_select_by_dep=None, packages_skip_by_dep=None, packages_skip_up_to=None, packages_select_build_failed=False, packages_skip_build_finished=False, packages_select_test_failures=False, packages_skip_test_passed=False, packages_select=None, packages_skip=None, packages_select_regex=None, packages_skip_regex=None, packages_start=None, packages_end=None, allow_overriding=[], cmake_args=None, cmake_target=None, cmake_target_skip_unavailable=False, cmake_clean_cache=False, cmake_clean_first=False, cmake_force_configure=False, ament_cmake_args=None, catkin_cmake_args=None, catkin_skip_building_tests=False, verb_parser=<colcon_defaults.argument_parser.defaults.DefaultArgumentsDecorator object at 0x7e18bc39f550>, verb_extension=<colcon_core.verb.build.BuildVerb object at 0x7e18bc568a30>, main=<bound method BuildVerb.main of <colcon_core.verb.build.BuildVerb object at 0x7e18bc568a30>>)
[0.217s] Level 1:colcon.colcon_core.package_discovery:discover_packages(colcon_meta) check parameters
[0.218s] Level 1:colcon.colcon_core.package_discovery:discover_packages(recursive) check parameters
[0.218s] Level 1:colcon.colcon_core.package_discovery:discover_packages(ignore) check parameters
[0.218s] Level 1:colcon.colcon_core.package_discovery:discover_packages(path) check parameters
[0.218s] Level 1:colcon.colcon_core.package_discovery:discover_packages(colcon_meta) discover
[0.218s] Level 1:colcon.colcon_core.package_discovery:discover_packages(recursive) discover
[0.218s] INFO:colcon.colcon_core.package_discovery:Crawling recursively for packages in '/home/haiboliu/project/vln/localization/src/fastlio2'
[0.218s] Level 1:colcon.colcon_core.package_identification:_identify(.) by extensions ['ignore', 'ignore_ament_install']
[0.218s] Level 1:colcon.colcon_core.package_identification:_identify(.) by extension 'ignore'
[0.218s] Level 1:colcon.colcon_core.package_identification:_identify(.) by extension 'ignore_ament_install'
[0.218s] Level 1:colcon.colcon_core.package_identification:_identify(.) by extensions ['colcon_pkg']
[0.218s] Level 1:colcon.colcon_core.package_identification:_identify(.) by extension 'colcon_pkg'
[0.218s] Level 1:colcon.colcon_core.package_identification:_identify(.) by extensions ['colcon_meta']
[0.218s] Level 1:colcon.colcon_core.package_identification:_identify(.) by extension 'colcon_meta'
[0.218s] Level 1:colcon.colcon_core.package_identification:_identify(.) by extensions ['ros']
[0.218s] Level 1:colcon.colcon_core.package_identification:_identify(.) by extension 'ros'
[0.227s] Level 1:colcon.colcon_core.package_identification:_identify(.) by extensions ['cmake', 'python']
[0.228s] Level 1:colcon.colcon_core.package_identification:_identify(.) by extension 'cmake'
[0.228s] Level 1:colcon.colcon_core.package_identification:_identify(.) by extension 'python'
[0.228s] Level 1:colcon.colcon_core.package_identification:_identify(.) by extensions ['python_setup_py']
[0.228s] Level 1:colcon.colcon_core.package_identification:_identify(.) by extension 'python_setup_py'
[0.228s] Level 1:colcon.colcon_core.package_identification:_identify(build) by extensions ['ignore', 'ignore_ament_install']
[0.228s] Level 1:colcon.colcon_core.package_identification:_identify(build) by extension 'ignore'
[0.228s] Level 1:colcon.colcon_core.package_identification:_identify(build) ignored
[0.228s] Level 1:colcon.colcon_core.package_identification:_identify(fastlio2) by extensions ['ignore', 'ignore_ament_install']
[0.228s] Level 1:colcon.colcon_core.package_identification:_identify(fastlio2) by extension 'ignore'
[0.228s] Level 1:colcon.colcon_core.package_identification:_identify(fastlio2) by extension 'ignore_ament_install'
[0.228s] Level 1:colcon.colcon_core.package_identification:_identify(fastlio2) by extensions ['colcon_pkg']
[0.228s] Level 1:colcon.colcon_core.package_identification:_identify(fastlio2) by extension 'colcon_pkg'
[0.228s] Level 1:colcon.colcon_core.package_identification:_identify(fastlio2) by extensions ['colcon_meta']
[0.228s] Level 1:colcon.colcon_core.package_identification:_identify(fastlio2) by extension 'colcon_meta'
[0.228s] Level 1:colcon.colcon_core.package_identification:_identify(fastlio2) by extensions ['ros']
[0.228s] Level 1:colcon.colcon_core.package_identification:_identify(fastlio2) by extension 'ros'
[0.231s] DEBUG:colcon.colcon_core.package_identification:Package 'fastlio2' with type 'ros.ament_cmake' and name 'fastlio2'
[0.231s] Level 1:colcon.colcon_core.package_identification:_identify(hba) by extensions ['ignore', 'ignore_ament_install']
[0.231s] Level 1:colcon.colcon_core.package_identification:_identify(hba) by extension 'ignore'
[0.231s] Level 1:colcon.colcon_core.package_identification:_identify(hba) by extension 'ignore_ament_install'
[0.231s] Level 1:colcon.colcon_core.package_identification:_identify(hba) by extensions ['colcon_pkg']
[0.231s] Level 1:colcon.colcon_core.package_identification:_identify(hba) by extension 'colcon_pkg'
[0.231s] Level 1:colcon.colcon_core.package_identification:_identify(hba) by extensions ['colcon_meta']
[0.231s] Level 1:colcon.colcon_core.package_identification:_identify(hba) by extension 'colcon_meta'
[0.231s] Level 1:colcon.colcon_core.package_identification:_identify(hba) by extensions ['ros']
[0.231s] Level 1:colcon.colcon_core.package_identification:_identify(hba) by extension 'ros'
[0.232s] DEBUG:colcon.colcon_core.package_identification:Package 'hba' with type 'ros.ament_cmake' and name 'hba'
[0.232s] Level 1:colcon.colcon_core.package_identification:_identify(install) by extensions ['ignore', 'ignore_ament_install']
[0.232s] Level 1:colcon.colcon_core.package_identification:_identify(install) by extension 'ignore'
[0.232s] Level 1:colcon.colcon_core.package_identification:_identify(install) ignored
[0.232s] Level 1:colcon.colcon_core.package_identification:_identify(interface) by extensions ['ignore', 'ignore_ament_install']
[0.232s] Level 1:colcon.colcon_core.package_identification:_identify(interface) by extension 'ignore'
[0.232s] Level 1:colcon.colcon_core.package_identification:_identify(interface) by extension 'ignore_ament_install'
[0.232s] Level 1:colcon.colcon_core.package_identification:_identify(interface) by extensions ['colcon_pkg']
[0.232s] Level 1:colcon.colcon_core.package_identification:_identify(interface) by extension 'colcon_pkg'
[0.232s] Level 1:colcon.colcon_core.package_identification:_identify(interface) by extensions ['colcon_meta']
[0.232s] Level 1:colcon.colcon_core.package_identification:_identify(interface) by extension 'colcon_meta'
[0.233s] Level 1:colcon.colcon_core.package_identification:_identify(interface) by extensions ['ros']
[0.233s] Level 1:colcon.colcon_core.package_identification:_identify(interface) by extension 'ros'
[0.233s] DEBUG:colcon.colcon_core.package_identification:Package 'interface' with type 'ros.ament_cmake' and name 'interface'
[0.233s] Level 1:colcon.colcon_core.package_identification:_identify(livox_ros_driver2) by extensions ['ignore', 'ignore_ament_install']
[0.233s] Level 1:colcon.colcon_core.package_identification:_identify(livox_ros_driver2) by extension 'ignore'
[0.233s] Level 1:colcon.colcon_core.package_identification:_identify(livox_ros_driver2) by extension 'ignore_ament_install'
[0.233s] Level 1:colcon.colcon_core.package_identification:_identify(livox_ros_driver2) by extensions ['colcon_pkg']
[0.233s] Level 1:colcon.colcon_core.package_identification:_identify(livox_ros_driver2) by extension 'colcon_pkg'
[0.233s] Level 1:colcon.colcon_core.package_identification:_identify(livox_ros_driver2) by extensions ['colcon_meta']
[0.233s] Level 1:colcon.colcon_core.package_identification:_identify(livox_ros_driver2) by extension 'colcon_meta'
[0.233s] Level 1:colcon.colcon_core.package_identification:_identify(livox_ros_driver2) by extensions ['ros']
[0.233s] Level 1:colcon.colcon_core.package_identification:_identify(livox_ros_driver2) by extension 'ros'
[0.234s] DEBUG:colcon.colcon_core.package_identification:Package 'livox_ros_driver2' with type 'ros.ament_cmake' and name 'livox_ros_driver2'
[0.235s] Level 1:colcon.colcon_core.package_identification:_identify(localizer) by extensions ['ignore', 'ignore_ament_install']
[0.235s] Level 1:colcon.colcon_core.package_identification:_identify(localizer) by extension 'ignore'
[0.235s] Level 1:colcon.colcon_core.package_identification:_identify(localizer) by extension 'ignore_ament_install'
[0.235s] Level 1:colcon.colcon_core.package_identification:_identify(localizer) by extensions ['colcon_pkg']
[0.235s] Level 1:colcon.colcon_core.package_identification:_identify(localizer) by extension 'colcon_pkg'
[0.235s] Level 1:colcon.colcon_core.package_identification:_identify(localizer) by extensions ['colcon_meta']
[0.235s] Level 1:colcon.colcon_core.package_identification:_identify(localizer) by extension 'colcon_meta'
[0.235s] Level 1:colcon.colcon_core.package_identification:_identify(localizer) by extensions ['ros']
[0.235s] Level 1:colcon.colcon_core.package_identification:_identify(localizer) by extension 'ros'
[0.236s] DEBUG:colcon.colcon_core.package_identification:Package 'localizer' with type 'ros.ament_cmake' and name 'localizer'
[0.236s] Level 1:colcon.colcon_core.package_identification:_identify(log) by extensions ['ignore', 'ignore_ament_install']
[0.236s] Level 1:colcon.colcon_core.package_identification:_identify(log) by extension 'ignore'
[0.236s] Level 1:colcon.colcon_core.package_identification:_identify(log) ignored
[0.236s] Level 1:colcon.colcon_core.package_identification:_identify(pgo) by extensions ['ignore', 'ignore_ament_install']
[0.236s] Level 1:colcon.colcon_core.package_identification:_identify(pgo) by extension 'ignore'
[0.236s] Level 1:colcon.colcon_core.package_identification:_identify(pgo) by extension 'ignore_ament_install'
[0.236s] Level 1:colcon.colcon_core.package_identification:_identify(pgo) by extensions ['colcon_pkg']
[0.236s] Level 1:colcon.colcon_core.package_identification:_identify(pgo) by extension 'colcon_pkg'
[0.236s] Level 1:colcon.colcon_core.package_identification:_identify(pgo) by extensions ['colcon_meta']
[0.236s] Level 1:colcon.colcon_core.package_identification:_identify(pgo) by extension 'colcon_meta'
[0.236s] Level 1:colcon.colcon_core.package_identification:_identify(pgo) by extensions ['ros']
[0.236s] Level 1:colcon.colcon_core.package_identification:_identify(pgo) by extension 'ros'
[0.237s] DEBUG:colcon.colcon_core.package_identification:Package 'pgo' with type 'ros.ament_cmake' and name 'pgo'
[0.237s] Level 1:colcon.colcon_core.package_discovery:discover_packages(recursive) using defaults
[0.237s] Level 1:colcon.colcon_core.package_discovery:discover_packages(ignore) discover
[0.237s] Level 1:colcon.colcon_core.package_discovery:discover_packages(ignore) using defaults
[0.237s] Level 1:colcon.colcon_core.package_discovery:discover_packages(path) discover
[0.237s] Level 1:colcon.colcon_core.package_discovery:discover_packages(path) using defaults
[0.263s] Level 1:colcon.colcon_core.package_discovery:discover_packages(prefix_path) check parameters
[0.263s] Level 1:colcon.colcon_core.package_discovery:discover_packages(prefix_path) discover
[0.266s] DEBUG:colcon.colcon_installed_package_information.package_discovery:Found 277 installed packages in /opt/ros/humble
[0.279s] Level 1:colcon.colcon_core.package_discovery:discover_packages(prefix_path) using defaults
[0.308s] Level 5:colcon.colcon_core.verb:set package 'interface' build argument 'cmake_args' from command line to 'None'
[0.308s] Level 5:colcon.colcon_core.verb:set package 'interface' build argument 'cmake_target' from command line to 'None'
[0.308s] Level 5:colcon.colcon_core.verb:set package 'interface' build argument 'cmake_target_skip_unavailable' from command line to 'False'
[0.308s] Level 5:colcon.colcon_core.verb:set package 'interface' build argument 'cmake_clean_cache' from command line to 'False'
[0.308s] Level 5:colcon.colcon_core.verb:set package 'interface' build argument 'cmake_clean_first' from command line to 'False'
[0.308s] Level 5:colcon.colcon_core.verb:set package 'interface' build argument 'cmake_force_configure' from command line to 'False'
[0.308s] Level 5:colcon.colcon_core.verb:set package 'interface' build argument 'ament_cmake_args' from command line to 'None'
[0.308s] Level 5:colcon.colcon_core.verb:set package 'interface' build argument 'catkin_cmake_args' from command line to 'None'
[0.308s] Level 5:colcon.colcon_core.verb:set package 'interface' build argument 'catkin_skip_building_tests' from command line to 'False'
[0.308s] DEBUG:colcon.colcon_core.verb:Building package 'interface' with the following arguments: {'ament_cmake_args': None, 'build_base': '/home/haiboliu/project/vln/localization/src/fastlio2/build/interface', 'catkin_cmake_args': None, 'catkin_skip_building_tests': False, 'cmake_args': None, 'cmake_clean_cache': False, 'cmake_clean_first': False, 'cmake_force_configure': False, 'cmake_target': None, 'cmake_target_skip_unavailable': False, 'install_base': '/home/haiboliu/project/vln/localization/src/fastlio2/install/interface', 'merge_install': False, 'path': '/home/haiboliu/project/vln/localization/src/fastlio2/interface', 'symlink_install': False, 'test_result_base': None}
[0.309s] Level 5:colcon.colcon_core.verb:set package 'livox_ros_driver2' build argument 'cmake_args' from command line to 'None'
[0.309s] Level 5:colcon.colcon_core.verb:set package 'livox_ros_driver2' build argument 'cmake_target' from command line to 'None'
[0.309s] Level 5:colcon.colcon_core.verb:set package 'livox_ros_driver2' build argument 'cmake_target_skip_unavailable' from command line to 'False'
[0.309s] Level 5:colcon.colcon_core.verb:set package 'livox_ros_driver2' build argument 'cmake_clean_cache' from command line to 'False'
[0.309s] Level 5:colcon.colcon_core.verb:set package 'livox_ros_driver2' build argument 'cmake_clean_first' from command line to 'False'
[0.309s] Level 5:colcon.colcon_core.verb:set package 'livox_ros_driver2' build argument 'cmake_force_configure' from command line to 'False'
[0.309s] Level 5:colcon.colcon_core.verb:set package 'livox_ros_driver2' build argument 'ament_cmake_args' from command line to 'None'
[0.309s] Level 5:colcon.colcon_core.verb:set package 'livox_ros_driver2' build argument 'catkin_cmake_args' from command line to 'None'
[0.309s] Level 5:colcon.colcon_core.verb:set package 'livox_ros_driver2' build argument 'catkin_skip_building_tests' from command line to 'False'
[0.309s] DEBUG:colcon.colcon_core.verb:Building package 'livox_ros_driver2' with the following arguments: {'ament_cmake_args': None, 'build_base': '/home/haiboliu/project/vln/localization/src/fastlio2/build/livox_ros_driver2', 'catkin_cmake_args': None, 'catkin_skip_building_tests': False, 'cmake_args': None, 'cmake_clean_cache': False, 'cmake_clean_first': False, 'cmake_force_configure': False, 'cmake_target': None, 'cmake_target_skip_unavailable': False, 'install_base': '/home/haiboliu/project/vln/localization/src/fastlio2/install/livox_ros_driver2', 'merge_install': False, 'path': '/home/haiboliu/project/vln/localization/src/fastlio2/livox_ros_driver2', 'symlink_install': False, 'test_result_base': None}
[0.309s] Level 5:colcon.colcon_core.verb:set package 'fastlio2' build argument 'cmake_args' from command line to 'None'
[0.309s] Level 5:colcon.colcon_core.verb:set package 'fastlio2' build argument 'cmake_target' from command line to 'None'
[0.309s] Level 5:colcon.colcon_core.verb:set package 'fastlio2' build argument 'cmake_target_skip_unavailable' from command line to 'False'
[0.309s] Level 5:colcon.colcon_core.verb:set package 'fastlio2' build argument 'cmake_clean_cache' from command line to 'False'
[0.309s] Level 5:colcon.colcon_core.verb:set package 'fastlio2' build argument 'cmake_clean_first' from command line to 'False'
[0.309s] Level 5:colcon.colcon_core.verb:set package 'fastlio2' build argument 'cmake_force_configure' from command line to 'False'
[0.309s] Level 5:colcon.colcon_core.verb:set package 'fastlio2' build argument 'ament_cmake_args' from command line to 'None'
[0.309s] Level 5:colcon.colcon_core.verb:set package 'fastlio2' build argument 'catkin_cmake_args' from command line to 'None'
[0.309s] Level 5:colcon.colcon_core.verb:set package 'fastlio2' build argument 'catkin_skip_building_tests' from command line to 'False'
[0.309s] DEBUG:colcon.colcon_core.verb:Building package 'fastlio2' with the following arguments: {'ament_cmake_args': None, 'build_base': '/home/haiboliu/project/vln/localization/src/fastlio2/build/fastlio2', 'catkin_cmake_args': None, 'catkin_skip_building_tests': False, 'cmake_args': None, 'cmake_clean_cache': False, 'cmake_clean_first': False, 'cmake_force_configure': False, 'cmake_target': None, 'cmake_target_skip_unavailable': False, 'install_base': '/home/haiboliu/project/vln/localization/src/fastlio2/install/fastlio2', 'merge_install': False, 'path': '/home/haiboliu/project/vln/localization/src/fastlio2/fastlio2', 'symlink_install': False, 'test_result_base': None}
[0.309s] Level 5:colcon.colcon_core.verb:set package 'hba' build argument 'cmake_args' from command line to 'None'
[0.309s] Level 5:colcon.colcon_core.verb:set package 'hba' build argument 'cmake_target' from command line to 'None'
[0.309s] Level 5:colcon.colcon_core.verb:set package 'hba' build argument 'cmake_target_skip_unavailable' from command line to 'False'
[0.309s] Level 5:colcon.colcon_core.verb:set package 'hba' build argument 'cmake_clean_cache' from command line to 'False'
[0.309s] Level 5:colcon.colcon_core.verb:set package 'hba' build argument 'cmake_clean_first' from command line to 'False'
[0.310s] Level 5:colcon.colcon_core.verb:set package 'hba' build argument 'cmake_force_configure' from command line to 'False'
[0.310s] Level 5:colcon.colcon_core.verb:set package 'hba' build argument 'ament_cmake_args' from command line to 'None'
[0.310s] Level 5:colcon.colcon_core.verb:set package 'hba' build argument 'catkin_cmake_args' from command line to 'None'
[0.310s] Level 5:colcon.colcon_core.verb:set package 'hba' build argument 'catkin_skip_building_tests' from command line to 'False'
[0.310s] DEBUG:colcon.colcon_core.verb:Building package 'hba' with the following arguments: {'ament_cmake_args': None, 'build_base': '/home/haiboliu/project/vln/localization/src/fastlio2/build/hba', 'catkin_cmake_args': None, 'catkin_skip_building_tests': False, 'cmake_args': None, 'cmake_clean_cache': False, 'cmake_clean_first': False, 'cmake_force_configure': False, 'cmake_target': None, 'cmake_target_skip_unavailable': False, 'install_base': '/home/haiboliu/project/vln/localization/src/fastlio2/install/hba', 'merge_install': False, 'path': '/home/haiboliu/project/vln/localization/src/fastlio2/hba', 'symlink_install': False, 'test_result_base': None}
[0.310s] Level 5:colcon.colcon_core.verb:set package 'localizer' build argument 'cmake_args' from command line to 'None'
[0.310s] Level 5:colcon.colcon_core.verb:set package 'localizer' build argument 'cmake_target' from command line to 'None'
[0.310s] Level 5:colcon.colcon_core.verb:set package 'localizer' build argument 'cmake_target_skip_unavailable' from command line to 'False'
[0.310s] Level 5:colcon.colcon_core.verb:set package 'localizer' build argument 'cmake_clean_cache' from command line to 'False'
[0.310s] Level 5:colcon.colcon_core.verb:set package 'localizer' build argument 'cmake_clean_first' from command line to 'False'
[0.310s] Level 5:colcon.colcon_core.verb:set package 'localizer' build argument 'cmake_force_configure' from command line to 'False'
[0.310s] Level 5:colcon.colcon_core.verb:set package 'localizer' build argument 'ament_cmake_args' from command line to 'None'
[0.310s] Level 5:colcon.colcon_core.verb:set package 'localizer' build argument 'catkin_cmake_args' from command line to 'None'
[0.310s] Level 5:colcon.colcon_core.verb:set package 'localizer' build argument 'catkin_skip_building_tests' from command line to 'False'
[0.310s] DEBUG:colcon.colcon_core.verb:Building package 'localizer' with the following arguments: {'ament_cmake_args': None, 'build_base': '/home/haiboliu/project/vln/localization/src/fastlio2/build/localizer', 'catkin_cmake_args': None, 'catkin_skip_building_tests': False, 'cmake_args': None, 'cmake_clean_cache': False, 'cmake_clean_first': False, 'cmake_force_configure': False, 'cmake_target': None, 'cmake_target_skip_unavailable': False, 'install_base': '/home/haiboliu/project/vln/localization/src/fastlio2/install/localizer', 'merge_install': False, 'path': '/home/haiboliu/project/vln/localization/src/fastlio2/localizer', 'symlink_install': False, 'test_result_base': None}
[0.310s] Level 5:colcon.colcon_core.verb:set package 'pgo' build argument 'cmake_args' from command line to 'None'
[0.310s] Level 5:colcon.colcon_core.verb:set package 'pgo' build argument 'cmake_target' from command line to 'None'
[0.310s] Level 5:colcon.colcon_core.verb:set package 'pgo' build argument 'cmake_target_skip_unavailable' from command line to 'False'
[0.310s] Level 5:colcon.colcon_core.verb:set package 'pgo' build argument 'cmake_clean_cache' from command line to 'False'
[0.310s] Level 5:colcon.colcon_core.verb:set package 'pgo' build argument 'cmake_clean_first' from command line to 'False'
[0.310s] Level 5:colcon.colcon_core.verb:set package 'pgo' build argument 'cmake_force_configure' from command line to 'False'
[0.310s] Level 5:colcon.colcon_core.verb:set package 'pgo' build argument 'ament_cmake_args' from command line to 'None'
[0.310s] Level 5:colcon.colcon_core.verb:set package 'pgo' build argument 'catkin_cmake_args' from command line to 'None'
[0.310s] Level 5:colcon.colcon_core.verb:set package 'pgo' build argument 'catkin_skip_building_tests' from command line to 'False'
[0.310s] DEBUG:colcon.colcon_core.verb:Building package 'pgo' with the following arguments: {'ament_cmake_args': None, 'build_base': '/home/haiboliu/project/vln/localization/src/fastlio2/build/pgo', 'catkin_cmake_args': None, 'catkin_skip_building_tests': False, 'cmake_args': None, 'cmake_clean_cache': False, 'cmake_clean_first': False, 'cmake_force_configure': False, 'cmake_target': None, 'cmake_target_skip_unavailable': False, 'install_base': '/home/haiboliu/project/vln/localization/src/fastlio2/install/pgo', 'merge_install': False, 'path': '/home/haiboliu/project/vln/localization/src/fastlio2/pgo', 'symlink_install': False, 'test_result_base': None}
[0.311s] INFO:colcon.colcon_core.executor:Executing jobs using 'parallel' executor
[0.312s] DEBUG:colcon.colcon_parallel_executor.executor.parallel:run_until_complete
[0.312s] INFO:colcon.colcon_ros.task.ament_cmake.build:Building ROS package in '/home/haiboliu/project/vln/localization/src/fastlio2/interface' with build type 'ament_cmake'
[0.312s] INFO:colcon.colcon_cmake.task.cmake.build:Building CMake package in '/home/haiboliu/project/vln/localization/src/fastlio2/interface'
[0.314s] INFO:colcon.colcon_core.plugin_system:Skipping extension 'colcon_core.shell.bat': Not used on non-Windows systems
[0.314s] INFO:colcon.colcon_core.shell:Skip shell extension 'powershell' for command environment: Not usable outside of PowerShell
[0.314s] DEBUG:colcon.colcon_core.shell:Skip shell extension 'dsv' for command environment
[0.317s] INFO:colcon.colcon_ros.task.ament_cmake.build:Building ROS package in '/home/haiboliu/project/vln/localization/src/fastlio2/livox_ros_driver2' with build type 'ament_cmake'
[0.317s] INFO:colcon.colcon_cmake.task.cmake.build:Building CMake package in '/home/haiboliu/project/vln/localization/src/fastlio2/livox_ros_driver2'
[0.317s] INFO:colcon.colcon_core.shell:Skip shell extension 'powershell' for command environment: Not usable outside of PowerShell
[0.318s] DEBUG:colcon.colcon_core.shell:Skip shell extension 'dsv' for command environment
[0.326s] DEBUG:colcon.colcon_core.event_handler.log_command:Invoking command in '/home/haiboliu/project/vln/localization/src/fastlio2/build/interface': CMAKE_PREFIX_PATH=/opt/ros/humble /usr/bin/cmake --build /home/haiboliu/project/vln/localization/src/fastlio2/build/interface -- -j16 -l16
[0.329s] DEBUG:colcon.colcon_core.event_handler.log_command:Invoking command in '/home/haiboliu/project/vln/localization/src/fastlio2/build/livox_ros_driver2': CMAKE_PREFIX_PATH=/opt/ros/humble /usr/bin/cmake --build /home/haiboliu/project/vln/localization/src/fastlio2/build/livox_ros_driver2 -- -j16 -l16
[0.710s] DEBUG:colcon.colcon_core.event_handler.log_command:Invoked command in '/home/haiboliu/project/vln/localization/src/fastlio2/build/interface' returned '0': CMAKE_PREFIX_PATH=/opt/ros/humble /usr/bin/cmake --build /home/haiboliu/project/vln/localization/src/fastlio2/build/interface -- -j16 -l16
[0.722s] DEBUG:colcon.colcon_core.event_handler.log_command:Invoking command in '/home/haiboliu/project/vln/localization/src/fastlio2/build/interface': CMAKE_PREFIX_PATH=/opt/ros/humble /usr/bin/cmake --install /home/haiboliu/project/vln/localization/src/fastlio2/build/interface
[0.724s] DEBUG:colcon.colcon_core.event_handler.log_command:Invoked command in '/home/haiboliu/project/vln/localization/src/fastlio2/build/livox_ros_driver2' returned '0': CMAKE_PREFIX_PATH=/opt/ros/humble /usr/bin/cmake --build /home/haiboliu/project/vln/localization/src/fastlio2/build/livox_ros_driver2 -- -j16 -l16
[0.726s] DEBUG:colcon.colcon_core.event_handler.log_command:Invoking command in '/home/haiboliu/project/vln/localization/src/fastlio2/build/livox_ros_driver2': CMAKE_PREFIX_PATH=/opt/ros/humble /usr/bin/cmake --install /home/haiboliu/project/vln/localization/src/fastlio2/build/livox_ros_driver2
[0.792s] Level 1:colcon.colcon_core.environment:create_environment_scripts_only(livox_ros_driver2)
[0.798s] DEBUG:colcon.colcon_core.event_handler.log_command:Invoked command in '/home/haiboliu/project/vln/localization/src/fastlio2/build/livox_ros_driver2' returned '0': CMAKE_PREFIX_PATH=/opt/ros/humble /usr/bin/cmake --install /home/haiboliu/project/vln/localization/src/fastlio2/build/livox_ros_driver2
[0.801s] Level 1:colcon.colcon_core.environment:checking '/home/haiboliu/project/vln/localization/src/fastlio2/install/livox_ros_driver2' for CMake module files
[0.803s] Level 1:colcon.colcon_core.environment:checking '/home/haiboliu/project/vln/localization/src/fastlio2/install/livox_ros_driver2' for CMake config files
[0.803s] Level 1:colcon.colcon_core.shell:create_environment_hook('livox_ros_driver2', 'cmake_prefix_path')
[0.804s] INFO:colcon.colcon_core.shell:Creating environment hook '/home/haiboliu/project/vln/localization/src/fastlio2/install/livox_ros_driver2/share/livox_ros_driver2/hook/cmake_prefix_path.ps1'
[0.805s] INFO:colcon.colcon_core.shell:Creating environment descriptor '/home/haiboliu/project/vln/localization/src/fastlio2/install/livox_ros_driver2/share/livox_ros_driver2/hook/cmake_prefix_path.dsv'
[0.806s] INFO:colcon.colcon_core.shell:Creating environment hook '/home/haiboliu/project/vln/localization/src/fastlio2/install/livox_ros_driver2/share/livox_ros_driver2/hook/cmake_prefix_path.sh'
[0.808s] Level 1:colcon.colcon_core.environment:checking '/home/haiboliu/project/vln/localization/src/fastlio2/install/livox_ros_driver2/lib'
[0.809s] Level 1:colcon.colcon_core.shell:create_environment_hook('livox_ros_driver2', 'ld_library_path_lib')
[0.809s] INFO:colcon.colcon_core.shell:Creating environment hook '/home/haiboliu/project/vln/localization/src/fastlio2/install/livox_ros_driver2/share/livox_ros_driver2/hook/ld_library_path_lib.ps1'
[0.810s] INFO:colcon.colcon_core.shell:Creating environment descriptor '/home/haiboliu/project/vln/localization/src/fastlio2/install/livox_ros_driver2/share/livox_ros_driver2/hook/ld_library_path_lib.dsv'
[0.811s] INFO:colcon.colcon_core.shell:Creating environment hook '/home/haiboliu/project/vln/localization/src/fastlio2/install/livox_ros_driver2/share/livox_ros_driver2/hook/ld_library_path_lib.sh'
[0.812s] Level 1:colcon.colcon_core.environment:checking '/home/haiboliu/project/vln/localization/src/fastlio2/install/livox_ros_driver2/bin'
[0.812s] Level 1:colcon.colcon_core.environment:checking '/home/haiboliu/project/vln/localization/src/fastlio2/install/livox_ros_driver2/lib/pkgconfig/livox_ros_driver2.pc'
[0.812s] Level 1:colcon.colcon_core.environment:checking '/home/haiboliu/project/vln/localization/src/fastlio2/install/livox_ros_driver2/lib/python3.10/site-packages'
[0.813s] Level 1:colcon.colcon_core.environment:checking '/home/haiboliu/project/vln/localization/src/fastlio2/install/livox_ros_driver2/bin'
[0.814s] INFO:colcon.colcon_core.shell:Creating package script '/home/haiboliu/project/vln/localization/src/fastlio2/install/livox_ros_driver2/share/livox_ros_driver2/package.ps1'
[0.816s] INFO:colcon.colcon_core.shell:Creating package descriptor '/home/haiboliu/project/vln/localization/src/fastlio2/install/livox_ros_driver2/share/livox_ros_driver2/package.dsv'
[0.817s] INFO:colcon.colcon_core.shell:Creating package script '/home/haiboliu/project/vln/localization/src/fastlio2/install/livox_ros_driver2/share/livox_ros_driver2/package.sh'
[0.818s] INFO:colcon.colcon_core.shell:Creating package script '/home/haiboliu/project/vln/localization/src/fastlio2/install/livox_ros_driver2/share/livox_ros_driver2/package.bash'
[0.820s] INFO:colcon.colcon_core.shell:Creating package script '/home/haiboliu/project/vln/localization/src/fastlio2/install/livox_ros_driver2/share/livox_ros_driver2/package.zsh'
[0.821s] Level 1:colcon.colcon_core.environment:create_file_with_runtime_dependencies(/home/haiboliu/project/vln/localization/src/fastlio2/install/livox_ros_driver2/share/colcon-core/packages/livox_ros_driver2)
[0.823s] Level 1:colcon.colcon_core.environment:create_environment_scripts_only(livox_ros_driver2)
[0.823s] Level 1:colcon.colcon_core.environment:checking '/home/haiboliu/project/vln/localization/src/fastlio2/install/livox_ros_driver2' for CMake module files
[0.825s] Level 1:colcon.colcon_core.environment:checking '/home/haiboliu/project/vln/localization/src/fastlio2/install/livox_ros_driver2' for CMake config files
[0.825s] Level 1:colcon.colcon_core.shell:create_environment_hook('livox_ros_driver2', 'cmake_prefix_path')
[0.826s] INFO:colcon.colcon_core.shell:Creating environment hook '/home/haiboliu/project/vln/localization/src/fastlio2/install/livox_ros_driver2/share/livox_ros_driver2/hook/cmake_prefix_path.ps1'
[0.826s] INFO:colcon.colcon_core.shell:Creating environment descriptor '/home/haiboliu/project/vln/localization/src/fastlio2/install/livox_ros_driver2/share/livox_ros_driver2/hook/cmake_prefix_path.dsv'
[0.827s] INFO:colcon.colcon_core.shell:Creating environment hook '/home/haiboliu/project/vln/localization/src/fastlio2/install/livox_ros_driver2/share/livox_ros_driver2/hook/cmake_prefix_path.sh'
[0.828s] Level 1:colcon.colcon_core.environment:checking '/home/haiboliu/project/vln/localization/src/fastlio2/install/livox_ros_driver2/lib'
[0.829s] Level 1:colcon.colcon_core.shell:create_environment_hook('livox_ros_driver2', 'ld_library_path_lib')
[0.829s] INFO:colcon.colcon_core.shell:Creating environment hook '/home/haiboliu/project/vln/localization/src/fastlio2/install/livox_ros_driver2/share/livox_ros_driver2/hook/ld_library_path_lib.ps1'
[0.830s] INFO:colcon.colcon_core.shell:Creating environment descriptor '/home/haiboliu/project/vln/localization/src/fastlio2/install/livox_ros_driver2/share/livox_ros_driver2/hook/ld_library_path_lib.dsv'
[0.831s] INFO:colcon.colcon_core.shell:Creating environment hook '/home/haiboliu/project/vln/localization/src/fastlio2/install/livox_ros_driver2/share/livox_ros_driver2/hook/ld_library_path_lib.sh'
[0.831s] Level 1:colcon.colcon_core.environment:checking '/home/haiboliu/project/vln/localization/src/fastlio2/install/livox_ros_driver2/bin'
[0.832s] Level 1:colcon.colcon_core.environment:checking '/home/haiboliu/project/vln/localization/src/fastlio2/install/livox_ros_driver2/lib/pkgconfig/livox_ros_driver2.pc'
[0.832s] Level 1:colcon.colcon_core.environment:checking '/home/haiboliu/project/vln/localization/src/fastlio2/install/livox_ros_driver2/lib/python3.10/site-packages'
[0.832s] Level 1:colcon.colcon_core.environment:checking '/home/haiboliu/project/vln/localization/src/fastlio2/install/livox_ros_driver2/bin'
[0.833s] INFO:colcon.colcon_core.shell:Creating package script '/home/haiboliu/project/vln/localization/src/fastlio2/install/livox_ros_driver2/share/livox_ros_driver2/package.ps1'
[0.834s] INFO:colcon.colcon_core.shell:Creating package descriptor '/home/haiboliu/project/vln/localization/src/fastlio2/install/livox_ros_driver2/share/livox_ros_driver2/package.dsv'
[0.835s] INFO:colcon.colcon_core.shell:Creating package script '/home/haiboliu/project/vln/localization/src/fastlio2/install/livox_ros_driver2/share/livox_ros_driver2/package.sh'
[0.836s] INFO:colcon.colcon_core.shell:Creating package script '/home/haiboliu/project/vln/localization/src/fastlio2/install/livox_ros_driver2/share/livox_ros_driver2/package.bash'
[0.837s] INFO:colcon.colcon_core.shell:Creating package script '/home/haiboliu/project/vln/localization/src/fastlio2/install/livox_ros_driver2/share/livox_ros_driver2/package.zsh'
[0.838s] Level 1:colcon.colcon_core.environment:create_file_with_runtime_dependencies(/home/haiboliu/project/vln/localization/src/fastlio2/install/livox_ros_driver2/share/colcon-core/packages/livox_ros_driver2)
[0.839s] INFO:colcon.colcon_ros.task.ament_cmake.build:Building ROS package in '/home/haiboliu/project/vln/localization/src/fastlio2/fastlio2' with build type 'ament_cmake'
[0.839s] INFO:colcon.colcon_cmake.task.cmake.build:Building CMake package in '/home/haiboliu/project/vln/localization/src/fastlio2/fastlio2'
[0.840s] INFO:colcon.colcon_core.shell:Skip shell extension 'powershell' for command environment: Not usable outside of PowerShell
[0.840s] DEBUG:colcon.colcon_core.shell:Skip shell extension 'dsv' for command environment
[0.847s] Level 1:colcon.colcon_core.environment:create_environment_scripts_only(interface)
[0.847s] Level 1:colcon.colcon_core.environment:checking '/home/haiboliu/project/vln/localization/src/fastlio2/install/interface' for CMake module files
[0.848s] DEBUG:colcon.colcon_core.event_handler.log_command:Invoked command in '/home/haiboliu/project/vln/localization/src/fastlio2/build/interface' returned '0': CMAKE_PREFIX_PATH=/opt/ros/humble /usr/bin/cmake --install /home/haiboliu/project/vln/localization/src/fastlio2/build/interface
[0.849s] Level 1:colcon.colcon_core.environment:checking '/home/haiboliu/project/vln/localization/src/fastlio2/install/interface' for CMake config files
[0.849s] Level 1:colcon.colcon_core.shell:create_environment_hook('interface', 'cmake_prefix_path')
[0.849s] INFO:colcon.colcon_core.shell:Creating environment hook '/home/haiboliu/project/vln/localization/src/fastlio2/install/interface/share/interface/hook/cmake_prefix_path.ps1'
[0.850s] INFO:colcon.colcon_core.shell:Creating environment descriptor '/home/haiboliu/project/vln/localization/src/fastlio2/install/interface/share/interface/hook/cmake_prefix_path.dsv'
[0.850s] INFO:colcon.colcon_core.shell:Creating environment hook '/home/haiboliu/project/vln/localization/src/fastlio2/install/interface/share/interface/hook/cmake_prefix_path.sh'
[0.850s] Level 1:colcon.colcon_core.environment:checking '/home/haiboliu/project/vln/localization/src/fastlio2/install/interface/lib'
[0.850s] Level 1:colcon.colcon_core.shell:create_environment_hook('interface', 'ld_library_path_lib')
[0.850s] INFO:colcon.colcon_core.shell:Creating environment hook '/home/haiboliu/project/vln/localization/src/fastlio2/install/interface/share/interface/hook/ld_library_path_lib.ps1'
[0.851s] INFO:colcon.colcon_core.shell:Creating environment descriptor '/home/haiboliu/project/vln/localization/src/fastlio2/install/interface/share/interface/hook/ld_library_path_lib.dsv'
[0.851s] INFO:colcon.colcon_core.shell:Creating environment hook '/home/haiboliu/project/vln/localization/src/fastlio2/install/interface/share/interface/hook/ld_library_path_lib.sh'
[0.852s] Level 1:colcon.colcon_core.environment:checking '/home/haiboliu/project/vln/localization/src/fastlio2/install/interface/bin'
[0.852s] Level 1:colcon.colcon_core.environment:checking '/home/haiboliu/project/vln/localization/src/fastlio2/install/interface/lib/pkgconfig/interface.pc'
[0.852s] Level 1:colcon.colcon_core.environment:checking '/home/haiboliu/project/vln/localization/src/fastlio2/install/interface/lib/python3.10/site-packages'
[0.852s] Level 1:colcon.colcon_core.environment:checking '/home/haiboliu/project/vln/localization/src/fastlio2/install/interface/bin'
[0.853s] INFO:colcon.colcon_core.shell:Creating package script '/home/haiboliu/project/vln/localization/src/fastlio2/install/interface/share/interface/package.ps1'
[0.853s] INFO:colcon.colcon_core.shell:Creating package descriptor '/home/haiboliu/project/vln/localization/src/fastlio2/install/interface/share/interface/package.dsv'
[0.853s] INFO:colcon.colcon_core.shell:Creating package script '/home/haiboliu/project/vln/localization/src/fastlio2/install/interface/share/interface/package.sh'
[0.854s] INFO:colcon.colcon_core.shell:Creating package script '/home/haiboliu/project/vln/localization/src/fastlio2/install/interface/share/interface/package.bash'
[0.854s] INFO:colcon.colcon_core.shell:Creating package script '/home/haiboliu/project/vln/localization/src/fastlio2/install/interface/share/interface/package.zsh'
[0.854s] Level 1:colcon.colcon_core.environment:create_file_with_runtime_dependencies(/home/haiboliu/project/vln/localization/src/fastlio2/install/interface/share/colcon-core/packages/interface)
[0.855s] Level 1:colcon.colcon_core.environment:create_environment_scripts_only(interface)
[0.855s] Level 1:colcon.colcon_core.environment:checking '/home/haiboliu/project/vln/localization/src/fastlio2/install/interface' for CMake module files
[0.856s] Level 1:colcon.colcon_core.environment:checking '/home/haiboliu/project/vln/localization/src/fastlio2/install/interface' for CMake config files
[0.856s] Level 1:colcon.colcon_core.shell:create_environment_hook('interface', 'cmake_prefix_path')
[0.856s] INFO:colcon.colcon_core.shell:Creating environment hook '/home/haiboliu/project/vln/localization/src/fastlio2/install/interface/share/interface/hook/cmake_prefix_path.ps1'
[0.856s] INFO:colcon.colcon_core.shell:Creating environment descriptor '/home/haiboliu/project/vln/localization/src/fastlio2/install/interface/share/interface/hook/cmake_prefix_path.dsv'
[0.857s] INFO:colcon.colcon_core.shell:Creating environment hook '/home/haiboliu/project/vln/localization/src/fastlio2/install/interface/share/interface/hook/cmake_prefix_path.sh'
[0.857s] Level 1:colcon.colcon_core.environment:checking '/home/haiboliu/project/vln/localization/src/fastlio2/install/interface/lib'
[0.857s] Level 1:colcon.colcon_core.shell:create_environment_hook('interface', 'ld_library_path_lib')
[0.857s] INFO:colcon.colcon_core.shell:Creating environment hook '/home/haiboliu/project/vln/localization/src/fastlio2/install/interface/share/interface/hook/ld_library_path_lib.ps1'
[0.858s] INFO:colcon.colcon_core.shell:Creating environment descriptor '/home/haiboliu/project/vln/localization/src/fastlio2/install/interface/share/interface/hook/ld_library_path_lib.dsv'
[0.858s] INFO:colcon.colcon_core.shell:Creating environment hook '/home/haiboliu/project/vln/localization/src/fastlio2/install/interface/share/interface/hook/ld_library_path_lib.sh'
[0.858s] Level 1:colcon.colcon_core.environment:checking '/home/haiboliu/project/vln/localization/src/fastlio2/install/interface/bin'
[0.858s] Level 1:colcon.colcon_core.environment:checking '/home/haiboliu/project/vln/localization/src/fastlio2/install/interface/lib/pkgconfig/interface.pc'
[0.858s] Level 1:colcon.colcon_core.environment:checking '/home/haiboliu/project/vln/localization/src/fastlio2/install/interface/lib/python3.10/site-packages'
[0.859s] Level 1:colcon.colcon_core.environment:checking '/home/haiboliu/project/vln/localization/src/fastlio2/install/interface/bin'
[0.859s] INFO:colcon.colcon_core.shell:Creating package script '/home/haiboliu/project/vln/localization/src/fastlio2/install/interface/share/interface/package.ps1'
[0.859s] INFO:colcon.colcon_core.shell:Creating package descriptor '/home/haiboliu/project/vln/localization/src/fastlio2/install/interface/share/interface/package.dsv'
[0.860s] INFO:colcon.colcon_core.shell:Creating package script '/home/haiboliu/project/vln/localization/src/fastlio2/install/interface/share/interface/package.sh'
[0.860s] INFO:colcon.colcon_core.shell:Creating package script '/home/haiboliu/project/vln/localization/src/fastlio2/install/interface/share/interface/package.bash'
[0.860s] INFO:colcon.colcon_core.shell:Creating package script '/home/haiboliu/project/vln/localization/src/fastlio2/install/interface/share/interface/package.zsh'
[0.861s] Level 1:colcon.colcon_core.environment:create_file_with_runtime_dependencies(/home/haiboliu/project/vln/localization/src/fastlio2/install/interface/share/colcon-core/packages/interface)
[0.861s] INFO:colcon.colcon_ros.task.ament_cmake.build:Building ROS package in '/home/haiboliu/project/vln/localization/src/fastlio2/hba' with build type 'ament_cmake'
[0.861s] INFO:colcon.colcon_cmake.task.cmake.build:Building CMake package in '/home/haiboliu/project/vln/localization/src/fastlio2/hba'
[0.861s] INFO:colcon.colcon_core.shell:Skip shell extension 'powershell' for command environment: Not usable outside of PowerShell
[0.862s] DEBUG:colcon.colcon_core.shell:Skip shell extension 'dsv' for command environment
[0.864s] INFO:colcon.colcon_ros.task.ament_cmake.build:Building ROS package in '/home/haiboliu/project/vln/localization/src/fastlio2/localizer' with build type 'ament_cmake'
[0.864s] INFO:colcon.colcon_cmake.task.cmake.build:Building CMake package in '/home/haiboliu/project/vln/localization/src/fastlio2/localizer'
[0.864s] INFO:colcon.colcon_core.shell:Skip shell extension 'powershell' for command environment: Not usable outside of PowerShell
[0.865s] DEBUG:colcon.colcon_core.shell:Skip shell extension 'dsv' for command environment
[0.867s] INFO:colcon.colcon_ros.task.ament_cmake.build:Building ROS package in '/home/haiboliu/project/vln/localization/src/fastlio2/pgo' with build type 'ament_cmake'
[0.867s] INFO:colcon.colcon_cmake.task.cmake.build:Building CMake package in '/home/haiboliu/project/vln/localization/src/fastlio2/pgo'
[0.867s] INFO:colcon.colcon_core.shell:Skip shell extension 'powershell' for command environment: Not usable outside of PowerShell
[0.867s] DEBUG:colcon.colcon_core.shell:Skip shell extension 'dsv' for command environment
[0.875s] DEBUG:colcon.colcon_core.event_handler.log_command:Invoking command in '/home/haiboliu/project/vln/localization/src/fastlio2/build/fastlio2': AMENT_PREFIX_PATH=/home/haiboliu/project/vln/localization/src/fastlio2/install/livox_ros_driver2:${AMENT_PREFIX_PATH} CMAKE_PREFIX_PATH=/home/haiboliu/project/vln/localization/src/fastlio2/install/livox_ros_driver2:/opt/ros/humble LD_LIBRARY_PATH=/home/haiboliu/project/vln/localization/src/fastlio2/install/livox_ros_driver2/lib:${LD_LIBRARY_PATH} PYTHONPATH=/home/haiboliu/project/vln/localization/src/fastlio2/install/livox_ros_driver2/local/lib/python3.10/dist-packages:${PYTHONPATH} /usr/bin/cmake --build /home/haiboliu/project/vln/localization/src/fastlio2/build/fastlio2 -- -j16 -l16
[0.879s] DEBUG:colcon.colcon_core.event_handler.log_command:Invoking command in '/home/haiboliu/project/vln/localization/src/fastlio2/build/hba': AMENT_PREFIX_PATH=/home/haiboliu/project/vln/localization/src/fastlio2/install/interface:${AMENT_PREFIX_PATH} CMAKE_PREFIX_PATH=/home/haiboliu/project/vln/localization/src/fastlio2/install/interface:/opt/ros/humble LD_LIBRARY_PATH=/home/haiboliu/project/vln/localization/src/fastlio2/install/interface/lib:${LD_LIBRARY_PATH} PYTHONPATH=/home/haiboliu/project/vln/localization/src/fastlio2/install/interface/local/lib/python3.10/dist-packages:${PYTHONPATH} /usr/bin/cmake --build /home/haiboliu/project/vln/localization/src/fastlio2/build/hba -- -j16 -l16
[0.883s] DEBUG:colcon.colcon_core.event_handler.log_command:Invoking command in '/home/haiboliu/project/vln/localization/src/fastlio2/build/localizer': AMENT_PREFIX_PATH=/home/haiboliu/project/vln/localization/src/fastlio2/install/interface:${AMENT_PREFIX_PATH} CMAKE_PREFIX_PATH=/home/haiboliu/project/vln/localization/src/fastlio2/install/interface:/opt/ros/humble LD_LIBRARY_PATH=/home/haiboliu/project/vln/localization/src/fastlio2/install/interface/lib:${LD_LIBRARY_PATH} PYTHONPATH=/home/haiboliu/project/vln/localization/src/fastlio2/install/interface/local/lib/python3.10/dist-packages:${PYTHONPATH} /usr/bin/cmake --build /home/haiboliu/project/vln/localization/src/fastlio2/build/localizer -- -j16 -l16
[0.887s] DEBUG:colcon.colcon_core.event_handler.log_command:Invoking command in '/home/haiboliu/project/vln/localization/src/fastlio2/build/pgo': AMENT_PREFIX_PATH=/home/haiboliu/project/vln/localization/src/fastlio2/install/interface:${AMENT_PREFIX_PATH} CMAKE_PREFIX_PATH=/home/haiboliu/project/vln/localization/src/fastlio2/install/interface:/opt/ros/humble LD_LIBRARY_PATH=/home/haiboliu/project/vln/localization/src/fastlio2/install/interface/lib:${LD_LIBRARY_PATH} PYTHONPATH=/home/haiboliu/project/vln/localization/src/fastlio2/install/interface/local/lib/python3.10/dist-packages:${PYTHONPATH} /usr/bin/cmake --build /home/haiboliu/project/vln/localization/src/fastlio2/build/pgo -- -j16 -l16
[1.021s] DEBUG:colcon.colcon_core.event_handler.log_command:Invoked command in '/home/haiboliu/project/vln/localization/src/fastlio2/build/localizer' returned '0': AMENT_PREFIX_PATH=/home/haiboliu/project/vln/localization/src/fastlio2/install/interface:${AMENT_PREFIX_PATH} CMAKE_PREFIX_PATH=/home/haiboliu/project/vln/localization/src/fastlio2/install/interface:/opt/ros/humble LD_LIBRARY_PATH=/home/haiboliu/project/vln/localization/src/fastlio2/install/interface/lib:${LD_LIBRARY_PATH} PYTHONPATH=/home/haiboliu/project/vln/localization/src/fastlio2/install/interface/local/lib/python3.10/dist-packages:${PYTHONPATH} /usr/bin/cmake --build /home/haiboliu/project/vln/localization/src/fastlio2/build/localizer -- -j16 -l16
[1.025s] DEBUG:colcon.colcon_core.event_handler.log_command:Invoking command in '/home/haiboliu/project/vln/localization/src/fastlio2/build/localizer': AMENT_PREFIX_PATH=/home/haiboliu/project/vln/localization/src/fastlio2/install/interface:${AMENT_PREFIX_PATH} CMAKE_PREFIX_PATH=/home/haiboliu/project/vln/localization/src/fastlio2/install/interface:/opt/ros/humble LD_LIBRARY_PATH=/home/haiboliu/project/vln/localization/src/fastlio2/install/interface/lib:${LD_LIBRARY_PATH} PYTHONPATH=/home/haiboliu/project/vln/localization/src/fastlio2/install/interface/local/lib/python3.10/dist-packages:${PYTHONPATH} /usr/bin/cmake --install /home/haiboliu/project/vln/localization/src/fastlio2/build/localizer
[1.051s] Level 1:colcon.colcon_core.environment:create_environment_scripts_only(localizer)
[1.052s] Level 1:colcon.colcon_core.environment:checking '/home/haiboliu/project/vln/localization/src/fastlio2/install/localizer' for CMake module files
[1.053s] Level 1:colcon.colcon_core.environment:checking '/home/haiboliu/project/vln/localization/src/fastlio2/install/localizer' for CMake config files
[1.053s] DEBUG:colcon.colcon_core.event_handler.log_command:Invoked command in '/home/haiboliu/project/vln/localization/src/fastlio2/build/localizer' returned '0': AMENT_PREFIX_PATH=/home/haiboliu/project/vln/localization/src/fastlio2/install/interface:${AMENT_PREFIX_PATH} CMAKE_PREFIX_PATH=/home/haiboliu/project/vln/localization/src/fastlio2/install/interface:/opt/ros/humble LD_LIBRARY_PATH=/home/haiboliu/project/vln/localization/src/fastlio2/install/interface/lib:${LD_LIBRARY_PATH} PYTHONPATH=/home/haiboliu/project/vln/localization/src/fastlio2/install/interface/local/lib/python3.10/dist-packages:${PYTHONPATH} /usr/bin/cmake --install /home/haiboliu/project/vln/localization/src/fastlio2/build/localizer
[1.054s] Level 1:colcon.colcon_core.shell:create_environment_hook('localizer', 'cmake_prefix_path')
[1.054s] INFO:colcon.colcon_core.shell:Creating environment hook '/home/haiboliu/project/vln/localization/src/fastlio2/install/localizer/share/localizer/hook/cmake_prefix_path.ps1'
[1.055s] INFO:colcon.colcon_core.shell:Creating environment descriptor '/home/haiboliu/project/vln/localization/src/fastlio2/install/localizer/share/localizer/hook/cmake_prefix_path.dsv'
[1.055s] INFO:colcon.colcon_core.shell:Creating environment hook '/home/haiboliu/project/vln/localization/src/fastlio2/install/localizer/share/localizer/hook/cmake_prefix_path.sh'
[1.056s] Level 1:colcon.colcon_core.environment:checking '/home/haiboliu/project/vln/localization/src/fastlio2/install/localizer/lib'
[1.056s] Level 1:colcon.colcon_core.environment:checking '/home/haiboliu/project/vln/localization/src/fastlio2/install/localizer/bin'
[1.056s] Level 1:colcon.colcon_core.environment:checking '/home/haiboliu/project/vln/localization/src/fastlio2/install/localizer/lib/pkgconfig/localizer.pc'
[1.056s] Level 1:colcon.colcon_core.environment:checking '/home/haiboliu/project/vln/localization/src/fastlio2/install/localizer/lib/python3.10/site-packages'
[1.057s] Level 1:colcon.colcon_core.environment:checking '/home/haiboliu/project/vln/localization/src/fastlio2/install/localizer/bin'
[1.057s] INFO:colcon.colcon_core.shell:Creating package script '/home/haiboliu/project/vln/localization/src/fastlio2/install/localizer/share/localizer/package.ps1'
[1.058s] INFO:colcon.colcon_core.shell:Creating package descriptor '/home/haiboliu/project/vln/localization/src/fastlio2/install/localizer/share/localizer/package.dsv'
[1.058s] INFO:colcon.colcon_core.shell:Creating package script '/home/haiboliu/project/vln/localization/src/fastlio2/install/localizer/share/localizer/package.sh'
[1.058s] INFO:colcon.colcon_core.shell:Creating package script '/home/haiboliu/project/vln/localization/src/fastlio2/install/localizer/share/localizer/package.bash'
[1.059s] INFO:colcon.colcon_core.shell:Creating package script '/home/haiboliu/project/vln/localization/src/fastlio2/install/localizer/share/localizer/package.zsh'
[1.059s] Level 1:colcon.colcon_core.environment:create_file_with_runtime_dependencies(/home/haiboliu/project/vln/localization/src/fastlio2/install/localizer/share/colcon-core/packages/localizer)
[1.060s] Level 1:colcon.colcon_core.environment:create_environment_scripts_only(localizer)
[1.060s] Level 1:colcon.colcon_core.environment:checking '/home/haiboliu/project/vln/localization/src/fastlio2/install/localizer' for CMake module files
[1.061s] Level 1:colcon.colcon_core.environment:checking '/home/haiboliu/project/vln/localization/src/fastlio2/install/localizer' for CMake config files
[1.061s] Level 1:colcon.colcon_core.shell:create_environment_hook('localizer', 'cmake_prefix_path')
[1.061s] INFO:colcon.colcon_core.shell:Creating environment hook '/home/haiboliu/project/vln/localization/src/fastlio2/install/localizer/share/localizer/hook/cmake_prefix_path.ps1'
[1.062s] INFO:colcon.colcon_core.shell:Creating environment descriptor '/home/haiboliu/project/vln/localization/src/fastlio2/install/localizer/share/localizer/hook/cmake_prefix_path.dsv'
[1.062s] INFO:colcon.colcon_core.shell:Creating environment hook '/home/haiboliu/project/vln/localization/src/fastlio2/install/localizer/share/localizer/hook/cmake_prefix_path.sh'
[1.063s] Level 1:colcon.colcon_core.environment:checking '/home/haiboliu/project/vln/localization/src/fastlio2/install/localizer/lib'
[1.063s] Level 1:colcon.colcon_core.environment:checking '/home/haiboliu/project/vln/localization/src/fastlio2/install/localizer/bin'
[1.063s] Level 1:colcon.colcon_core.environment:checking '/home/haiboliu/project/vln/localization/src/fastlio2/install/localizer/lib/pkgconfig/localizer.pc'
[1.064s] Level 1:colcon.colcon_core.environment:checking '/home/haiboliu/project/vln/localization/src/fastlio2/install/localizer/lib/python3.10/site-packages'
[1.064s] Level 1:colcon.colcon_core.environment:checking '/home/haiboliu/project/vln/localization/src/fastlio2/install/localizer/bin'
[1.064s] INFO:colcon.colcon_core.shell:Creating package script '/home/haiboliu/project/vln/localization/src/fastlio2/install/localizer/share/localizer/package.ps1'
[1.065s] INFO:colcon.colcon_core.shell:Creating package descriptor '/home/haiboliu/project/vln/localization/src/fastlio2/install/localizer/share/localizer/package.dsv'
[1.066s] INFO:colcon.colcon_core.shell:Creating package script '/home/haiboliu/project/vln/localization/src/fastlio2/install/localizer/share/localizer/package.sh'
[1.066s] INFO:colcon.colcon_core.shell:Creating package script '/home/haiboliu/project/vln/localization/src/fastlio2/install/localizer/share/localizer/package.bash'
[1.067s] INFO:colcon.colcon_core.shell:Creating package script '/home/haiboliu/project/vln/localization/src/fastlio2/install/localizer/share/localizer/package.zsh'
[1.067s] Level 1:colcon.colcon_core.environment:create_file_with_runtime_dependencies(/home/haiboliu/project/vln/localization/src/fastlio2/install/localizer/share/colcon-core/packages/localizer)
[1.069s] DEBUG:colcon.colcon_core.event_handler.log_command:Invoked command in '/home/haiboliu/project/vln/localization/src/fastlio2/build/pgo' returned '0': AMENT_PREFIX_PATH=/home/haiboliu/project/vln/localization/src/fastlio2/install/interface:${AMENT_PREFIX_PATH} CMAKE_PREFIX_PATH=/home/haiboliu/project/vln/localization/src/fastlio2/install/interface:/opt/ros/humble LD_LIBRARY_PATH=/home/haiboliu/project/vln/localization/src/fastlio2/install/interface/lib:${LD_LIBRARY_PATH} PYTHONPATH=/home/haiboliu/project/vln/localization/src/fastlio2/install/interface/local/lib/python3.10/dist-packages:${PYTHONPATH} /usr/bin/cmake --build /home/haiboliu/project/vln/localization/src/fastlio2/build/pgo -- -j16 -l16
[1.072s] DEBUG:colcon.colcon_core.event_handler.log_command:Invoking command in '/home/haiboliu/project/vln/localization/src/fastlio2/build/pgo': AMENT_PREFIX_PATH=/home/haiboliu/project/vln/localization/src/fastlio2/install/interface:${AMENT_PREFIX_PATH} CMAKE_PREFIX_PATH=/home/haiboliu/project/vln/localization/src/fastlio2/install/interface:/opt/ros/humble LD_LIBRARY_PATH=/home/haiboliu/project/vln/localization/src/fastlio2/install/interface/lib:${LD_LIBRARY_PATH} PYTHONPATH=/home/haiboliu/project/vln/localization/src/fastlio2/install/interface/local/lib/python3.10/dist-packages:${PYTHONPATH} /usr/bin/cmake --install /home/haiboliu/project/vln/localization/src/fastlio2/build/pgo
[1.103s] Level 1:colcon.colcon_core.environment:create_environment_scripts_only(pgo)
[1.103s] Level 1:colcon.colcon_core.environment:checking '/home/haiboliu/project/vln/localization/src/fastlio2/install/pgo' for CMake module files
[1.104s] DEBUG:colcon.colcon_core.event_handler.log_command:Invoked command in '/home/haiboliu/project/vln/localization/src/fastlio2/build/pgo' returned '0': AMENT_PREFIX_PATH=/home/haiboliu/project/vln/localization/src/fastlio2/install/interface:${AMENT_PREFIX_PATH} CMAKE_PREFIX_PATH=/home/haiboliu/project/vln/localization/src/fastlio2/install/interface:/opt/ros/humble LD_LIBRARY_PATH=/home/haiboliu/project/vln/localization/src/fastlio2/install/interface/lib:${LD_LIBRARY_PATH} PYTHONPATH=/home/haiboliu/project/vln/localization/src/fastlio2/install/interface/local/lib/python3.10/dist-packages:${PYTHONPATH} /usr/bin/cmake --install /home/haiboliu/project/vln/localization/src/fastlio2/build/pgo
[1.104s] Level 1:colcon.colcon_core.environment:checking '/home/haiboliu/project/vln/localization/src/fastlio2/install/pgo' for CMake config files
[1.105s] Level 1:colcon.colcon_core.shell:create_environment_hook('pgo', 'cmake_prefix_path')
[1.105s] INFO:colcon.colcon_core.shell:Creating environment hook '/home/haiboliu/project/vln/localization/src/fastlio2/install/pgo/share/pgo/hook/cmake_prefix_path.ps1'
[1.106s] INFO:colcon.colcon_core.shell:Creating environment descriptor '/home/haiboliu/project/vln/localization/src/fastlio2/install/pgo/share/pgo/hook/cmake_prefix_path.dsv'
[1.106s] INFO:colcon.colcon_core.shell:Creating environment hook '/home/haiboliu/project/vln/localization/src/fastlio2/install/pgo/share/pgo/hook/cmake_prefix_path.sh'
[1.106s] Level 1:colcon.colcon_core.environment:checking '/home/haiboliu/project/vln/localization/src/fastlio2/install/pgo/lib'
[1.107s] Level 1:colcon.colcon_core.environment:checking '/home/haiboliu/project/vln/localization/src/fastlio2/install/pgo/bin'
[1.107s] Level 1:colcon.colcon_core.environment:checking '/home/haiboliu/project/vln/localization/src/fastlio2/install/pgo/lib/pkgconfig/pgo.pc'
[1.107s] Level 1:colcon.colcon_core.environment:checking '/home/haiboliu/project/vln/localization/src/fastlio2/install/pgo/lib/python3.10/site-packages'
[1.107s] Level 1:colcon.colcon_core.environment:checking '/home/haiboliu/project/vln/localization/src/fastlio2/install/pgo/bin'
[1.107s] INFO:colcon.colcon_core.shell:Creating package script '/home/haiboliu/project/vln/localization/src/fastlio2/install/pgo/share/pgo/package.ps1'
[1.108s] INFO:colcon.colcon_core.shell:Creating package descriptor '/home/haiboliu/project/vln/localization/src/fastlio2/install/pgo/share/pgo/package.dsv'
[1.108s] INFO:colcon.colcon_core.shell:Creating package script '/home/haiboliu/project/vln/localization/src/fastlio2/install/pgo/share/pgo/package.sh'
[1.109s] INFO:colcon.colcon_core.shell:Creating package script '/home/haiboliu/project/vln/localization/src/fastlio2/install/pgo/share/pgo/package.bash'
[1.109s] INFO:colcon.colcon_core.shell:Creating package script '/home/haiboliu/project/vln/localization/src/fastlio2/install/pgo/share/pgo/package.zsh'
[1.109s] Level 1:colcon.colcon_core.environment:create_file_with_runtime_dependencies(/home/haiboliu/project/vln/localization/src/fastlio2/install/pgo/share/colcon-core/packages/pgo)
[1.110s] Level 1:colcon.colcon_core.environment:create_environment_scripts_only(pgo)
[1.110s] Level 1:colcon.colcon_core.environment:checking '/home/haiboliu/project/vln/localization/src/fastlio2/install/pgo' for CMake module files
[1.111s] Level 1:colcon.colcon_core.environment:checking '/home/haiboliu/project/vln/localization/src/fastlio2/install/pgo' for CMake config files
[1.111s] Level 1:colcon.colcon_core.shell:create_environment_hook('pgo', 'cmake_prefix_path')
[1.111s] INFO:colcon.colcon_core.shell:Creating environment hook '/home/haiboliu/project/vln/localization/src/fastlio2/install/pgo/share/pgo/hook/cmake_prefix_path.ps1'
[1.112s] INFO:colcon.colcon_core.shell:Creating environment descriptor '/home/haiboliu/project/vln/localization/src/fastlio2/install/pgo/share/pgo/hook/cmake_prefix_path.dsv'
[1.113s] INFO:colcon.colcon_core.shell:Creating environment hook '/home/haiboliu/project/vln/localization/src/fastlio2/install/pgo/share/pgo/hook/cmake_prefix_path.sh'
[1.114s] Level 1:colcon.colcon_core.environment:checking '/home/haiboliu/project/vln/localization/src/fastlio2/install/pgo/lib'
[1.114s] Level 1:colcon.colcon_core.environment:checking '/home/haiboliu/project/vln/localization/src/fastlio2/install/pgo/bin'
[1.114s] Level 1:colcon.colcon_core.environment:checking '/home/haiboliu/project/vln/localization/src/fastlio2/install/pgo/lib/pkgconfig/pgo.pc'
[1.114s] Level 1:colcon.colcon_core.environment:checking '/home/haiboliu/project/vln/localization/src/fastlio2/install/pgo/lib/python3.10/site-packages'
[1.114s] Level 1:colcon.colcon_core.environment:checking '/home/haiboliu/project/vln/localization/src/fastlio2/install/pgo/bin'
[1.115s] INFO:colcon.colcon_core.shell:Creating package script '/home/haiboliu/project/vln/localization/src/fastlio2/install/pgo/share/pgo/package.ps1'
[1.115s] INFO:colcon.colcon_core.shell:Creating package descriptor '/home/haiboliu/project/vln/localization/src/fastlio2/install/pgo/share/pgo/package.dsv'
[1.116s] INFO:colcon.colcon_core.shell:Creating package script '/home/haiboliu/project/vln/localization/src/fastlio2/install/pgo/share/pgo/package.sh'
[1.116s] INFO:colcon.colcon_core.shell:Creating package script '/home/haiboliu/project/vln/localization/src/fastlio2/install/pgo/share/pgo/package.bash'
[1.117s] INFO:colcon.colcon_core.shell:Creating package script '/home/haiboliu/project/vln/localization/src/fastlio2/install/pgo/share/pgo/package.zsh'
[1.117s] Level 1:colcon.colcon_core.environment:create_file_with_runtime_dependencies(/home/haiboliu/project/vln/localization/src/fastlio2/install/pgo/share/colcon-core/packages/pgo)
[2.672s] DEBUG:colcon.colcon_core.event_handler.log_command:Invoked command in '/home/haiboliu/project/vln/localization/src/fastlio2/build/hba' returned '2': AMENT_PREFIX_PATH=/home/haiboliu/project/vln/localization/src/fastlio2/install/interface:${AMENT_PREFIX_PATH} CMAKE_PREFIX_PATH=/home/haiboliu/project/vln/localization/src/fastlio2/install/interface:/opt/ros/humble LD_LIBRARY_PATH=/home/haiboliu/project/vln/localization/src/fastlio2/install/interface/lib:${LD_LIBRARY_PATH} PYTHONPATH=/home/haiboliu/project/vln/localization/src/fastlio2/install/interface/local/lib/python3.10/dist-packages:${PYTHONPATH} /usr/bin/cmake --build /home/haiboliu/project/vln/localization/src/fastlio2/build/hba -- -j16 -l16
[2.673s] Level 1:colcon.colcon_core.environment:create_environment_scripts_only(hba)
[2.673s] Level 1:colcon.colcon_core.environment:checking '/home/haiboliu/project/vln/localization/src/fastlio2/install/hba' for CMake module files
[2.674s] Level 1:colcon.colcon_core.environment:checking '/home/haiboliu/project/vln/localization/src/fastlio2/install/hba' for CMake config files
[2.675s] Level 1:colcon.colcon_core.environment:checking '/home/haiboliu/project/vln/localization/src/fastlio2/install/hba/bin'
[2.675s] Level 1:colcon.colcon_core.environment:checking '/home/haiboliu/project/vln/localization/src/fastlio2/install/hba/lib/pkgconfig/hba.pc'
[2.675s] Level 1:colcon.colcon_core.environment:checking '/home/haiboliu/project/vln/localization/src/fastlio2/install/hba/lib/python3.10/site-packages'
[2.676s] Level 1:colcon.colcon_core.environment:checking '/home/haiboliu/project/vln/localization/src/fastlio2/install/hba/bin'
[2.676s] INFO:colcon.colcon_core.shell:Creating package script '/home/haiboliu/project/vln/localization/src/fastlio2/install/hba/share/hba/package.ps1'
[2.677s] INFO:colcon.colcon_core.shell:Creating package descriptor '/home/haiboliu/project/vln/localization/src/fastlio2/install/hba/share/hba/package.dsv'
[2.678s] INFO:colcon.colcon_core.shell:Creating package script '/home/haiboliu/project/vln/localization/src/fastlio2/install/hba/share/hba/package.sh'
[2.678s] INFO:colcon.colcon_core.shell:Creating package script '/home/haiboliu/project/vln/localization/src/fastlio2/install/hba/share/hba/package.bash'
[2.679s] INFO:colcon.colcon_core.shell:Creating package script '/home/haiboliu/project/vln/localization/src/fastlio2/install/hba/share/hba/package.zsh'
[2.680s] Level 1:colcon.colcon_core.environment:create_file_with_runtime_dependencies(/home/haiboliu/project/vln/localization/src/fastlio2/install/hba/share/colcon-core/packages/hba)
[3.436s] DEBUG:colcon.colcon_parallel_executor.executor.parallel:closing loop
[3.437s] DEBUG:colcon.colcon_parallel_executor.executor.parallel:loop closed
[3.437s] DEBUG:colcon.colcon_parallel_executor.executor.parallel:run_until_complete finished with '2'
[3.437s] DEBUG:colcon.colcon_core.event_reactor:joining thread
[3.448s] INFO:colcon.colcon_core.plugin_system:Skipping extension 'colcon_notification.desktop_notification.terminal_notifier': Not used on non-Darwin systems
[3.448s] INFO:colcon.colcon_core.plugin_system:Skipping extension 'colcon_notification.desktop_notification.win32': Not used on non-Windows systems
[3.448s] INFO:colcon.colcon_notification.desktop_notification:Sending desktop notification using 'notify2'
[3.462s] DEBUG:colcon.colcon_core.event_reactor:joined thread
[3.463s] INFO:colcon.colcon_core.shell:Creating prefix script '/home/haiboliu/project/vln/localization/src/fastlio2/install/local_setup.ps1'
[3.464s] INFO:colcon.colcon_core.shell:Creating prefix util module '/home/haiboliu/project/vln/localization/src/fastlio2/install/_local_setup_util_ps1.py'
[3.465s] INFO:colcon.colcon_core.shell:Creating prefix chain script '/home/haiboliu/project/vln/localization/src/fastlio2/install/setup.ps1'
[3.466s] INFO:colcon.colcon_core.shell:Creating prefix script '/home/haiboliu/project/vln/localization/src/fastlio2/install/local_setup.sh'
[3.466s] INFO:colcon.colcon_core.shell:Creating prefix util module '/home/haiboliu/project/vln/localization/src/fastlio2/install/_local_setup_util_sh.py'
[3.467s] INFO:colcon.colcon_core.shell:Creating prefix chain script '/home/haiboliu/project/vln/localization/src/fastlio2/install/setup.sh'
[3.467s] INFO:colcon.colcon_core.shell:Creating prefix script '/home/haiboliu/project/vln/localization/src/fastlio2/install/local_setup.bash'
[3.468s] INFO:colcon.colcon_core.shell:Creating prefix chain script '/home/haiboliu/project/vln/localization/src/fastlio2/install/setup.bash'
[3.469s] INFO:colcon.colcon_core.shell:Creating prefix script '/home/haiboliu/project/vln/localization/src/fastlio2/install/local_setup.zsh'
[3.469s] INFO:colcon.colcon_core.shell:Creating prefix chain script '/home/haiboliu/project/vln/localization/src/fastlio2/install/setup.zsh'
