[0.011s] Invoking command in '/home/haiboliu/project/vln/localization/src/fastlio2/build/livox_ros_driver2': CMAKE_PREFIX_PATH=/opt/ros/humble /usr/bin/cmake --build /home/haiboliu/project/vln/localization/src/fastlio2/build/livox_ros_driver2 -- -j16 -l16
[0.059s] [35m[1mConsolidate compiler generated dependencies of target livox_ros_driver2__rosidl_generator_c[0m
[0.071s] [  2%] Built target livox_ros_driver2__cpp
[0.075s] [ 12%] Built target livox_ros_driver2__rosidl_generator_c
[0.090s] [35m[1mConsolidate compiler generated dependencies of target livox_ros_driver2__rosidl_typesupport_cpp[0m
[0.090s] [35m[1mConsolidate compiler generated dependencies of target livox_ros_driver2__rosidl_typesupport_introspection_cpp[0m
[0.090s] [35m[1mConsolidate compiler generated dependencies of target livox_ros_driver2__rosidl_typesupport_fastrtps_cpp[0m
[0.090s] [ 12%] Built target ament_cmake_python_copy_livox_ros_driver2
[0.095s] [35m[1mConsolidate compiler generated dependencies of target livox_ros_driver2__rosidl_typesupport_introspection_c[0m
[0.096s] [35m[1mConsolidate compiler generated dependencies of target livox_ros_driver2__rosidl_typesupport_c[0m
[0.096s] [35m[1mConsolidate compiler generated dependencies of target livox_ros_driver2__rosidl_typesupport_fastrtps_c[0m
[0.121s] [ 41%] Built target livox_ros_driver2__rosidl_typesupport_cpp
[0.121s] [ 43%] Built target livox_ros_driver2__rosidl_typesupport_introspection_c
[0.121s] [ 43%] Built target livox_ros_driver2__rosidl_typesupport_introspection_cpp
[0.123s] [ 69%] Built target livox_ros_driver2__rosidl_typesupport_fastrtps_cpp
[0.123s] [ 71%] Built target livox_ros_driver2__rosidl_typesupport_fastrtps_c
[0.123s] [ 74%] Built target livox_ros_driver2__rosidl_typesupport_c
[0.152s] [ 74%] Built target livox_ros_driver2
[0.175s] [ 76%] Built target livox_ros_driver2__py
[0.189s] [35m[1mConsolidate compiler generated dependencies of target livox_ros_driver2__rosidl_generator_py[0m
[0.205s] [ 84%] Built target livox_ros_driver2__rosidl_generator_py
[0.220s] [35m[1mConsolidate compiler generated dependencies of target livox_ros_driver2__rosidl_typesupport_fastrtps_c__pyext[0m
[0.220s] [35m[1mConsolidate compiler generated dependencies of target livox_ros_driver2__rosidl_typesupport_c__pyext[0m
[0.220s] [35m[1mConsolidate compiler generated dependencies of target livox_ros_driver2__rosidl_typesupport_introspection_c__pyext[0m
[0.240s] [ 94%] Built target livox_ros_driver2__rosidl_typesupport_fastrtps_c__pyext
[0.240s] [ 94%] Built target livox_ros_driver2__rosidl_typesupport_introspection_c__pyext
[0.242s] [100%] Built target livox_ros_driver2__rosidl_typesupport_c__pyext
[0.347s] running egg_info
[0.348s] writing livox_ros_driver2.egg-info/PKG-INFO
[0.348s] writing dependency_links to livox_ros_driver2.egg-info/dependency_links.txt
[0.348s] writing top-level names to livox_ros_driver2.egg-info/top_level.txt
[0.350s] reading manifest file 'livox_ros_driver2.egg-info/SOURCES.txt'
[0.351s] writing manifest file 'livox_ros_driver2.egg-info/SOURCES.txt'
[0.385s] [100%] Built target ament_cmake_python_build_livox_ros_driver2_egg
[0.406s] Invoked command in '/home/haiboliu/project/vln/localization/src/fastlio2/build/livox_ros_driver2' returned '0': CMAKE_PREFIX_PATH=/opt/ros/humble /usr/bin/cmake --build /home/haiboliu/project/vln/localization/src/fastlio2/build/livox_ros_driver2 -- -j16 -l16
[0.408s] Invoking command in '/home/haiboliu/project/vln/localization/src/fastlio2/build/livox_ros_driver2': CMAKE_PREFIX_PATH=/opt/ros/humble /usr/bin/cmake --install /home/haiboliu/project/vln/localization/src/fastlio2/build/livox_ros_driver2
[0.425s] -- Install configuration: ""
[0.427s] -- Up-to-date: /home/haiboliu/project/vln/localization/src/fastlio2/install/livox_ros_driver2/share/ament_index/resource_index/rosidl_interfaces/livox_ros_driver2
[0.427s] -- Up-to-date: /home/haiboliu/project/vln/localization/src/fastlio2/install/livox_ros_driver2/include/livox_ros_driver2/livox_ros_driver2
[0.427s] -- Up-to-date: /home/haiboliu/project/vln/localization/src/fastlio2/install/livox_ros_driver2/include/livox_ros_driver2/livox_ros_driver2/msg
[0.427s] -- Up-to-date: /home/haiboliu/project/vln/localization/src/fastlio2/install/livox_ros_driver2/include/livox_ros_driver2/livox_ros_driver2/msg/custom_msg.h
[0.428s] -- Up-to-date: /home/haiboliu/project/vln/localization/src/fastlio2/install/livox_ros_driver2/include/livox_ros_driver2/livox_ros_driver2/msg/rosidl_generator_c__visibility_control.h
[0.428s] -- Up-to-date: /home/haiboliu/project/vln/localization/src/fastlio2/install/livox_ros_driver2/include/livox_ros_driver2/livox_ros_driver2/msg/detail
[0.428s] -- Up-to-date: /home/haiboliu/project/vln/localization/src/fastlio2/install/livox_ros_driver2/include/livox_ros_driver2/livox_ros_driver2/msg/detail/custom_msg__functions.c
[0.428s] -- Up-to-date: /home/haiboliu/project/vln/localization/src/fastlio2/install/livox_ros_driver2/include/livox_ros_driver2/livox_ros_driver2/msg/detail/custom_msg__functions.h
[0.428s] -- Up-to-date: /home/haiboliu/project/vln/localization/src/fastlio2/install/livox_ros_driver2/include/livox_ros_driver2/livox_ros_driver2/msg/detail/custom_point__functions.h
[0.428s] -- Up-to-date: /home/haiboliu/project/vln/localization/src/fastlio2/install/livox_ros_driver2/include/livox_ros_driver2/livox_ros_driver2/msg/detail/custom_point__type_support.h
[0.428s] -- Up-to-date: /home/haiboliu/project/vln/localization/src/fastlio2/install/livox_ros_driver2/include/livox_ros_driver2/livox_ros_driver2/msg/detail/custom_point__functions.c
[0.428s] -- Up-to-date: /home/haiboliu/project/vln/localization/src/fastlio2/install/livox_ros_driver2/include/livox_ros_driver2/livox_ros_driver2/msg/detail/custom_point__struct.h
[0.429s] -- Up-to-date: /home/haiboliu/project/vln/localization/src/fastlio2/install/livox_ros_driver2/include/livox_ros_driver2/livox_ros_driver2/msg/detail/custom_msg__struct.h
[0.429s] -- Up-to-date: /home/haiboliu/project/vln/localization/src/fastlio2/install/livox_ros_driver2/include/livox_ros_driver2/livox_ros_driver2/msg/detail/custom_msg__type_support.h
[0.429s] -- Up-to-date: /home/haiboliu/project/vln/localization/src/fastlio2/install/livox_ros_driver2/include/livox_ros_driver2/livox_ros_driver2/msg/custom_point.h
[0.429s] -- Up-to-date: /home/haiboliu/project/vln/localization/src/fastlio2/install/livox_ros_driver2/share/livox_ros_driver2/environment/library_path.sh
[0.429s] -- Up-to-date: /home/haiboliu/project/vln/localization/src/fastlio2/install/livox_ros_driver2/share/livox_ros_driver2/environment/library_path.dsv
[0.429s] -- Up-to-date: /home/haiboliu/project/vln/localization/src/fastlio2/install/livox_ros_driver2/lib/liblivox_ros_driver2__rosidl_generator_c.so
[0.430s] -- Up-to-date: /home/haiboliu/project/vln/localization/src/fastlio2/install/livox_ros_driver2/include/livox_ros_driver2/livox_ros_driver2
[0.430s] -- Up-to-date: /home/haiboliu/project/vln/localization/src/fastlio2/install/livox_ros_driver2/include/livox_ros_driver2/livox_ros_driver2/msg
[0.430s] -- Up-to-date: /home/haiboliu/project/vln/localization/src/fastlio2/install/livox_ros_driver2/include/livox_ros_driver2/livox_ros_driver2/msg/rosidl_typesupport_fastrtps_c__visibility_control.h
[0.430s] -- Up-to-date: /home/haiboliu/project/vln/localization/src/fastlio2/install/livox_ros_driver2/include/livox_ros_driver2/livox_ros_driver2/msg/detail
[0.430s] -- Up-to-date: /home/haiboliu/project/vln/localization/src/fastlio2/install/livox_ros_driver2/include/livox_ros_driver2/livox_ros_driver2/msg/detail/custom_msg__rosidl_typesupport_fastrtps_c.h
[0.430s] -- Up-to-date: /home/haiboliu/project/vln/localization/src/fastlio2/install/livox_ros_driver2/include/livox_ros_driver2/livox_ros_driver2/msg/detail/custom_point__rosidl_typesupport_fastrtps_c.h
[0.430s] -- Up-to-date: /home/haiboliu/project/vln/localization/src/fastlio2/install/livox_ros_driver2/lib/liblivox_ros_driver2__rosidl_typesupport_fastrtps_c.so
[0.431s] -- Up-to-date: /home/haiboliu/project/vln/localization/src/fastlio2/install/livox_ros_driver2/include/livox_ros_driver2/livox_ros_driver2
[0.431s] -- Up-to-date: /home/haiboliu/project/vln/localization/src/fastlio2/install/livox_ros_driver2/include/livox_ros_driver2/livox_ros_driver2/msg
[0.431s] -- Up-to-date: /home/haiboliu/project/vln/localization/src/fastlio2/install/livox_ros_driver2/include/livox_ros_driver2/livox_ros_driver2/msg/custom_point.hpp
[0.431s] -- Up-to-date: /home/haiboliu/project/vln/localization/src/fastlio2/install/livox_ros_driver2/include/livox_ros_driver2/livox_ros_driver2/msg/rosidl_generator_cpp__visibility_control.hpp
[0.431s] -- Up-to-date: /home/haiboliu/project/vln/localization/src/fastlio2/install/livox_ros_driver2/include/livox_ros_driver2/livox_ros_driver2/msg/custom_msg.hpp
[0.431s] -- Up-to-date: /home/haiboliu/project/vln/localization/src/fastlio2/install/livox_ros_driver2/include/livox_ros_driver2/livox_ros_driver2/msg/detail
[0.431s] -- Up-to-date: /home/haiboliu/project/vln/localization/src/fastlio2/install/livox_ros_driver2/include/livox_ros_driver2/livox_ros_driver2/msg/detail/custom_msg__builder.hpp
[0.431s] -- Up-to-date: /home/haiboliu/project/vln/localization/src/fastlio2/install/livox_ros_driver2/include/livox_ros_driver2/livox_ros_driver2/msg/detail/custom_point__type_support.hpp
[0.431s] -- Up-to-date: /home/haiboliu/project/vln/localization/src/fastlio2/install/livox_ros_driver2/include/livox_ros_driver2/livox_ros_driver2/msg/detail/custom_point__struct.hpp
[0.431s] -- Up-to-date: /home/haiboliu/project/vln/localization/src/fastlio2/install/livox_ros_driver2/include/livox_ros_driver2/livox_ros_driver2/msg/detail/custom_msg__traits.hpp
[0.431s] -- Up-to-date: /home/haiboliu/project/vln/localization/src/fastlio2/install/livox_ros_driver2/include/livox_ros_driver2/livox_ros_driver2/msg/detail/custom_point__builder.hpp
[0.431s] -- Up-to-date: /home/haiboliu/project/vln/localization/src/fastlio2/install/livox_ros_driver2/include/livox_ros_driver2/livox_ros_driver2/msg/detail/custom_point__traits.hpp
[0.432s] -- Up-to-date: /home/haiboliu/project/vln/localization/src/fastlio2/install/livox_ros_driver2/include/livox_ros_driver2/livox_ros_driver2/msg/detail/custom_msg__struct.hpp
[0.432s] -- Up-to-date: /home/haiboliu/project/vln/localization/src/fastlio2/install/livox_ros_driver2/include/livox_ros_driver2/livox_ros_driver2/msg/detail/custom_msg__type_support.hpp
[0.432s] -- Up-to-date: /home/haiboliu/project/vln/localization/src/fastlio2/install/livox_ros_driver2/include/livox_ros_driver2/livox_ros_driver2
[0.432s] -- Up-to-date: /home/haiboliu/project/vln/localization/src/fastlio2/install/livox_ros_driver2/include/livox_ros_driver2/livox_ros_driver2/msg
[0.432s] -- Up-to-date: /home/haiboliu/project/vln/localization/src/fastlio2/install/livox_ros_driver2/include/livox_ros_driver2/livox_ros_driver2/msg/rosidl_typesupport_fastrtps_cpp__visibility_control.h
[0.432s] -- Up-to-date: /home/haiboliu/project/vln/localization/src/fastlio2/install/livox_ros_driver2/include/livox_ros_driver2/livox_ros_driver2/msg/detail
[0.432s] -- Up-to-date: /home/haiboliu/project/vln/localization/src/fastlio2/install/livox_ros_driver2/include/livox_ros_driver2/livox_ros_driver2/msg/detail/dds_fastrtps
[0.432s] -- Up-to-date: /home/haiboliu/project/vln/localization/src/fastlio2/install/livox_ros_driver2/include/livox_ros_driver2/livox_ros_driver2/msg/detail/custom_point__rosidl_typesupport_fastrtps_cpp.hpp
[0.432s] -- Up-to-date: /home/haiboliu/project/vln/localization/src/fastlio2/install/livox_ros_driver2/include/livox_ros_driver2/livox_ros_driver2/msg/detail/custom_msg__rosidl_typesupport_fastrtps_cpp.hpp
[0.432s] -- Up-to-date: /home/haiboliu/project/vln/localization/src/fastlio2/install/livox_ros_driver2/lib/liblivox_ros_driver2__rosidl_typesupport_fastrtps_cpp.so
[0.433s] -- Up-to-date: /home/haiboliu/project/vln/localization/src/fastlio2/install/livox_ros_driver2/include/livox_ros_driver2/livox_ros_driver2
[0.433s] -- Up-to-date: /home/haiboliu/project/vln/localization/src/fastlio2/install/livox_ros_driver2/include/livox_ros_driver2/livox_ros_driver2/msg
[0.433s] -- Up-to-date: /home/haiboliu/project/vln/localization/src/fastlio2/install/livox_ros_driver2/include/livox_ros_driver2/livox_ros_driver2/msg/rosidl_typesupport_introspection_c__visibility_control.h
[0.433s] -- Up-to-date: /home/haiboliu/project/vln/localization/src/fastlio2/install/livox_ros_driver2/include/livox_ros_driver2/livox_ros_driver2/msg/detail
[0.433s] -- Up-to-date: /home/haiboliu/project/vln/localization/src/fastlio2/install/livox_ros_driver2/include/livox_ros_driver2/livox_ros_driver2/msg/detail/custom_point__rosidl_typesupport_introspection_c.h
[0.433s] -- Up-to-date: /home/haiboliu/project/vln/localization/src/fastlio2/install/livox_ros_driver2/include/livox_ros_driver2/livox_ros_driver2/msg/detail/custom_point__type_support.c
[0.433s] -- Up-to-date: /home/haiboliu/project/vln/localization/src/fastlio2/install/livox_ros_driver2/include/livox_ros_driver2/livox_ros_driver2/msg/detail/custom_msg__rosidl_typesupport_introspection_c.h
[0.433s] -- Up-to-date: /home/haiboliu/project/vln/localization/src/fastlio2/install/livox_ros_driver2/include/livox_ros_driver2/livox_ros_driver2/msg/detail/custom_msg__type_support.c
[0.433s] -- Up-to-date: /home/haiboliu/project/vln/localization/src/fastlio2/install/livox_ros_driver2/lib/liblivox_ros_driver2__rosidl_typesupport_introspection_c.so
[0.433s] -- Up-to-date: /home/haiboliu/project/vln/localization/src/fastlio2/install/livox_ros_driver2/lib/liblivox_ros_driver2__rosidl_typesupport_c.so
[0.433s] -- Up-to-date: /home/haiboliu/project/vln/localization/src/fastlio2/install/livox_ros_driver2/include/livox_ros_driver2/livox_ros_driver2
[0.433s] -- Up-to-date: /home/haiboliu/project/vln/localization/src/fastlio2/install/livox_ros_driver2/include/livox_ros_driver2/livox_ros_driver2/msg
[0.434s] -- Up-to-date: /home/haiboliu/project/vln/localization/src/fastlio2/install/livox_ros_driver2/include/livox_ros_driver2/livox_ros_driver2/msg/detail
[0.434s] -- Up-to-date: /home/haiboliu/project/vln/localization/src/fastlio2/install/livox_ros_driver2/include/livox_ros_driver2/livox_ros_driver2/msg/detail/custom_msg__rosidl_typesupport_introspection_cpp.hpp
[0.434s] -- Up-to-date: /home/haiboliu/project/vln/localization/src/fastlio2/install/livox_ros_driver2/include/livox_ros_driver2/livox_ros_driver2/msg/detail/custom_msg__type_support.cpp
[0.434s] -- Up-to-date: /home/haiboliu/project/vln/localization/src/fastlio2/install/livox_ros_driver2/include/livox_ros_driver2/livox_ros_driver2/msg/detail/custom_point__type_support.cpp
[0.434s] -- Up-to-date: /home/haiboliu/project/vln/localization/src/fastlio2/install/livox_ros_driver2/include/livox_ros_driver2/livox_ros_driver2/msg/detail/custom_point__rosidl_typesupport_introspection_cpp.hpp
[0.434s] -- Up-to-date: /home/haiboliu/project/vln/localization/src/fastlio2/install/livox_ros_driver2/lib/liblivox_ros_driver2__rosidl_typesupport_introspection_cpp.so
[0.434s] -- Up-to-date: /home/haiboliu/project/vln/localization/src/fastlio2/install/livox_ros_driver2/lib/liblivox_ros_driver2__rosidl_typesupport_cpp.so
[0.435s] -- Up-to-date: /home/haiboliu/project/vln/localization/src/fastlio2/install/livox_ros_driver2/share/livox_ros_driver2/environment/pythonpath.sh
[0.435s] -- Up-to-date: /home/haiboliu/project/vln/localization/src/fastlio2/install/livox_ros_driver2/share/livox_ros_driver2/environment/pythonpath.dsv
[0.435s] -- Up-to-date: /home/haiboliu/project/vln/localization/src/fastlio2/install/livox_ros_driver2/local/lib/python3.10/dist-packages/livox_ros_driver2-1.0.0-py3.10.egg-info
[0.435s] -- Installing: /home/haiboliu/project/vln/localization/src/fastlio2/install/livox_ros_driver2/local/lib/python3.10/dist-packages/livox_ros_driver2-1.0.0-py3.10.egg-info/dependency_links.txt
[0.435s] -- Installing: /home/haiboliu/project/vln/localization/src/fastlio2/install/livox_ros_driver2/local/lib/python3.10/dist-packages/livox_ros_driver2-1.0.0-py3.10.egg-info/SOURCES.txt
[0.435s] -- Installing: /home/haiboliu/project/vln/localization/src/fastlio2/install/livox_ros_driver2/local/lib/python3.10/dist-packages/livox_ros_driver2-1.0.0-py3.10.egg-info/top_level.txt
[0.435s] -- Installing: /home/haiboliu/project/vln/localization/src/fastlio2/install/livox_ros_driver2/local/lib/python3.10/dist-packages/livox_ros_driver2-1.0.0-py3.10.egg-info/PKG-INFO
[0.435s] -- Up-to-date: /home/haiboliu/project/vln/localization/src/fastlio2/install/livox_ros_driver2/local/lib/python3.10/dist-packages/livox_ros_driver2
[0.435s] -- Up-to-date: /home/haiboliu/project/vln/localization/src/fastlio2/install/livox_ros_driver2/local/lib/python3.10/dist-packages/livox_ros_driver2/__init__.py
[0.435s] -- Up-to-date: /home/haiboliu/project/vln/localization/src/fastlio2/install/livox_ros_driver2/local/lib/python3.10/dist-packages/livox_ros_driver2/livox_ros_driver2_s__rosidl_typesupport_introspection_c.cpython-310-x86_64-linux-gnu.so
[0.435s] -- Up-to-date: /home/haiboliu/project/vln/localization/src/fastlio2/install/livox_ros_driver2/local/lib/python3.10/dist-packages/livox_ros_driver2/_livox_ros_driver2_s.ep.rosidl_typesupport_c.c
[0.436s] -- Up-to-date: /home/haiboliu/project/vln/localization/src/fastlio2/install/livox_ros_driver2/local/lib/python3.10/dist-packages/livox_ros_driver2/msg
[0.436s] -- Up-to-date: /home/haiboliu/project/vln/localization/src/fastlio2/install/livox_ros_driver2/local/lib/python3.10/dist-packages/livox_ros_driver2/msg/__init__.py
[0.436s] -- Up-to-date: /home/haiboliu/project/vln/localization/src/fastlio2/install/livox_ros_driver2/local/lib/python3.10/dist-packages/livox_ros_driver2/msg/_custom_msg_s.c
[0.436s] -- Up-to-date: /home/haiboliu/project/vln/localization/src/fastlio2/install/livox_ros_driver2/local/lib/python3.10/dist-packages/livox_ros_driver2/msg/_custom_point_s.c
[0.436s] -- Up-to-date: /home/haiboliu/project/vln/localization/src/fastlio2/install/livox_ros_driver2/local/lib/python3.10/dist-packages/livox_ros_driver2/msg/_custom_msg.py
[0.436s] -- Up-to-date: /home/haiboliu/project/vln/localization/src/fastlio2/install/livox_ros_driver2/local/lib/python3.10/dist-packages/livox_ros_driver2/msg/_custom_point.py
[0.436s] -- Up-to-date: /home/haiboliu/project/vln/localization/src/fastlio2/install/livox_ros_driver2/local/lib/python3.10/dist-packages/livox_ros_driver2/livox_ros_driver2_s__rosidl_typesupport_fastrtps_c.cpython-310-x86_64-linux-gnu.so
[0.436s] -- Up-to-date: /home/haiboliu/project/vln/localization/src/fastlio2/install/livox_ros_driver2/local/lib/python3.10/dist-packages/livox_ros_driver2/liblivox_ros_driver2__rosidl_generator_py.so
[0.436s] -- Up-to-date: /home/haiboliu/project/vln/localization/src/fastlio2/install/livox_ros_driver2/local/lib/python3.10/dist-packages/livox_ros_driver2/livox_ros_driver2_s__rosidl_typesupport_c.cpython-310-x86_64-linux-gnu.so
[0.436s] -- Up-to-date: /home/haiboliu/project/vln/localization/src/fastlio2/install/livox_ros_driver2/local/lib/python3.10/dist-packages/livox_ros_driver2/_livox_ros_driver2_s.ep.rosidl_typesupport_fastrtps_c.c
[0.436s] -- Up-to-date: /home/haiboliu/project/vln/localization/src/fastlio2/install/livox_ros_driver2/local/lib/python3.10/dist-packages/livox_ros_driver2/_livox_ros_driver2_s.ep.rosidl_typesupport_introspection_c.c
[0.451s] Listing '/home/haiboliu/project/vln/localization/src/fastlio2/install/livox_ros_driver2/local/lib/python3.10/dist-packages/livox_ros_driver2'...
[0.452s] Listing '/home/haiboliu/project/vln/localization/src/fastlio2/install/livox_ros_driver2/local/lib/python3.10/dist-packages/livox_ros_driver2/msg'...
[0.456s] -- Up-to-date: /home/haiboliu/project/vln/localization/src/fastlio2/install/livox_ros_driver2/local/lib/python3.10/dist-packages/livox_ros_driver2/livox_ros_driver2_s__rosidl_typesupport_fastrtps_c.cpython-310-x86_64-linux-gnu.so
[0.457s] -- Up-to-date: /home/haiboliu/project/vln/localization/src/fastlio2/install/livox_ros_driver2/local/lib/python3.10/dist-packages/livox_ros_driver2/livox_ros_driver2_s__rosidl_typesupport_introspection_c.cpython-310-x86_64-linux-gnu.so
[0.458s] -- Up-to-date: /home/haiboliu/project/vln/localization/src/fastlio2/install/livox_ros_driver2/local/lib/python3.10/dist-packages/livox_ros_driver2/livox_ros_driver2_s__rosidl_typesupport_c.cpython-310-x86_64-linux-gnu.so
[0.458s] -- Up-to-date: /home/haiboliu/project/vln/localization/src/fastlio2/install/livox_ros_driver2/lib/liblivox_ros_driver2__rosidl_generator_py.so
[0.459s] -- Up-to-date: /home/haiboliu/project/vln/localization/src/fastlio2/install/livox_ros_driver2/share/livox_ros_driver2/msg/CustomMsg.idl
[0.459s] -- Up-to-date: /home/haiboliu/project/vln/localization/src/fastlio2/install/livox_ros_driver2/share/livox_ros_driver2/msg/CustomPoint.idl
[0.459s] -- Up-to-date: /home/haiboliu/project/vln/localization/src/fastlio2/install/livox_ros_driver2/share/livox_ros_driver2/msg/CustomMsg.msg
[0.460s] -- Up-to-date: /home/haiboliu/project/vln/localization/src/fastlio2/install/livox_ros_driver2/share/livox_ros_driver2/msg/CustomPoint.msg
[0.460s] -- Up-to-date: /home/haiboliu/project/vln/localization/src/fastlio2/install/livox_ros_driver2/share/ament_index/resource_index/package_run_dependencies/livox_ros_driver2
[0.460s] -- Up-to-date: /home/haiboliu/project/vln/localization/src/fastlio2/install/livox_ros_driver2/share/ament_index/resource_index/parent_prefix_path/livox_ros_driver2
[0.460s] -- Up-to-date: /home/haiboliu/project/vln/localization/src/fastlio2/install/livox_ros_driver2/share/livox_ros_driver2/environment/ament_prefix_path.sh
[0.460s] -- Up-to-date: /home/haiboliu/project/vln/localization/src/fastlio2/install/livox_ros_driver2/share/livox_ros_driver2/environment/ament_prefix_path.dsv
[0.461s] -- Up-to-date: /home/haiboliu/project/vln/localization/src/fastlio2/install/livox_ros_driver2/share/livox_ros_driver2/environment/path.sh
[0.461s] -- Up-to-date: /home/haiboliu/project/vln/localization/src/fastlio2/install/livox_ros_driver2/share/livox_ros_driver2/environment/path.dsv
[0.461s] -- Up-to-date: /home/haiboliu/project/vln/localization/src/fastlio2/install/livox_ros_driver2/share/livox_ros_driver2/local_setup.bash
[0.461s] -- Up-to-date: /home/haiboliu/project/vln/localization/src/fastlio2/install/livox_ros_driver2/share/livox_ros_driver2/local_setup.sh
[0.461s] -- Up-to-date: /home/haiboliu/project/vln/localization/src/fastlio2/install/livox_ros_driver2/share/livox_ros_driver2/local_setup.zsh
[0.461s] -- Up-to-date: /home/haiboliu/project/vln/localization/src/fastlio2/install/livox_ros_driver2/share/livox_ros_driver2/local_setup.dsv
[0.462s] -- Installing: /home/haiboliu/project/vln/localization/src/fastlio2/install/livox_ros_driver2/share/livox_ros_driver2/package.dsv
[0.462s] -- Up-to-date: /home/haiboliu/project/vln/localization/src/fastlio2/install/livox_ros_driver2/share/ament_index/resource_index/packages/livox_ros_driver2
[0.462s] -- Up-to-date: /home/haiboliu/project/vln/localization/src/fastlio2/install/livox_ros_driver2/share/livox_ros_driver2/cmake/export_livox_ros_driver2__rosidl_generator_cExport.cmake
[0.463s] -- Up-to-date: /home/haiboliu/project/vln/localization/src/fastlio2/install/livox_ros_driver2/share/livox_ros_driver2/cmake/export_livox_ros_driver2__rosidl_generator_cExport-noconfig.cmake
[0.463s] -- Up-to-date: /home/haiboliu/project/vln/localization/src/fastlio2/install/livox_ros_driver2/share/livox_ros_driver2/cmake/export_livox_ros_driver2__rosidl_typesupport_fastrtps_cExport.cmake
[0.463s] -- Up-to-date: /home/haiboliu/project/vln/localization/src/fastlio2/install/livox_ros_driver2/share/livox_ros_driver2/cmake/export_livox_ros_driver2__rosidl_typesupport_fastrtps_cExport-noconfig.cmake
[0.463s] -- Up-to-date: /home/haiboliu/project/vln/localization/src/fastlio2/install/livox_ros_driver2/share/livox_ros_driver2/cmake/export_livox_ros_driver2__rosidl_generator_cppExport.cmake
[0.464s] -- Up-to-date: /home/haiboliu/project/vln/localization/src/fastlio2/install/livox_ros_driver2/share/livox_ros_driver2/cmake/export_livox_ros_driver2__rosidl_typesupport_fastrtps_cppExport.cmake
[0.464s] -- Up-to-date: /home/haiboliu/project/vln/localization/src/fastlio2/install/livox_ros_driver2/share/livox_ros_driver2/cmake/export_livox_ros_driver2__rosidl_typesupport_fastrtps_cppExport-noconfig.cmake
[0.464s] -- Up-to-date: /home/haiboliu/project/vln/localization/src/fastlio2/install/livox_ros_driver2/share/livox_ros_driver2/cmake/livox_ros_driver2__rosidl_typesupport_introspection_cExport.cmake
[0.464s] -- Up-to-date: /home/haiboliu/project/vln/localization/src/fastlio2/install/livox_ros_driver2/share/livox_ros_driver2/cmake/livox_ros_driver2__rosidl_typesupport_introspection_cExport-noconfig.cmake
[0.465s] -- Up-to-date: /home/haiboliu/project/vln/localization/src/fastlio2/install/livox_ros_driver2/share/livox_ros_driver2/cmake/livox_ros_driver2__rosidl_typesupport_cExport.cmake
[0.465s] -- Up-to-date: /home/haiboliu/project/vln/localization/src/fastlio2/install/livox_ros_driver2/share/livox_ros_driver2/cmake/livox_ros_driver2__rosidl_typesupport_cExport-noconfig.cmake
[0.467s] -- Up-to-date: /home/haiboliu/project/vln/localization/src/fastlio2/install/livox_ros_driver2/share/livox_ros_driver2/cmake/livox_ros_driver2__rosidl_typesupport_introspection_cppExport.cmake
[0.469s] -- Up-to-date: /home/haiboliu/project/vln/localization/src/fastlio2/install/livox_ros_driver2/share/livox_ros_driver2/cmake/livox_ros_driver2__rosidl_typesupport_introspection_cppExport-noconfig.cmake
[0.469s] -- Up-to-date: /home/haiboliu/project/vln/localization/src/fastlio2/install/livox_ros_driver2/share/livox_ros_driver2/cmake/livox_ros_driver2__rosidl_typesupport_cppExport.cmake
[0.469s] -- Up-to-date: /home/haiboliu/project/vln/localization/src/fastlio2/install/livox_ros_driver2/share/livox_ros_driver2/cmake/livox_ros_driver2__rosidl_typesupport_cppExport-noconfig.cmake
[0.469s] -- Up-to-date: /home/haiboliu/project/vln/localization/src/fastlio2/install/livox_ros_driver2/share/livox_ros_driver2/cmake/export_livox_ros_driver2__rosidl_generator_pyExport.cmake
[0.469s] -- Up-to-date: /home/haiboliu/project/vln/localization/src/fastlio2/install/livox_ros_driver2/share/livox_ros_driver2/cmake/export_livox_ros_driver2__rosidl_generator_pyExport-noconfig.cmake
[0.469s] -- Up-to-date: /home/haiboliu/project/vln/localization/src/fastlio2/install/livox_ros_driver2/share/livox_ros_driver2/cmake/rosidl_cmake-extras.cmake
[0.469s] -- Up-to-date: /home/haiboliu/project/vln/localization/src/fastlio2/install/livox_ros_driver2/share/livox_ros_driver2/cmake/ament_cmake_export_dependencies-extras.cmake
[0.470s] -- Up-to-date: /home/haiboliu/project/vln/localization/src/fastlio2/install/livox_ros_driver2/share/livox_ros_driver2/cmake/ament_cmake_export_include_directories-extras.cmake
[0.470s] -- Up-to-date: /home/haiboliu/project/vln/localization/src/fastlio2/install/livox_ros_driver2/share/livox_ros_driver2/cmake/ament_cmake_export_libraries-extras.cmake
[0.471s] -- Up-to-date: /home/haiboliu/project/vln/localization/src/fastlio2/install/livox_ros_driver2/share/livox_ros_driver2/cmake/ament_cmake_export_targets-extras.cmake
[0.471s] -- Up-to-date: /home/haiboliu/project/vln/localization/src/fastlio2/install/livox_ros_driver2/share/livox_ros_driver2/cmake/rosidl_cmake_export_typesupport_targets-extras.cmake
[0.471s] -- Up-to-date: /home/haiboliu/project/vln/localization/src/fastlio2/install/livox_ros_driver2/share/livox_ros_driver2/cmake/rosidl_cmake_export_typesupport_libraries-extras.cmake
[0.471s] -- Up-to-date: /home/haiboliu/project/vln/localization/src/fastlio2/install/livox_ros_driver2/share/livox_ros_driver2/cmake/livox_ros_driver2Config.cmake
[0.471s] -- Up-to-date: /home/haiboliu/project/vln/localization/src/fastlio2/install/livox_ros_driver2/share/livox_ros_driver2/cmake/livox_ros_driver2Config-version.cmake
[0.471s] -- Up-to-date: /home/haiboliu/project/vln/localization/src/fastlio2/install/livox_ros_driver2/share/livox_ros_driver2/package.xml
[0.480s] Invoked command in '/home/haiboliu/project/vln/localization/src/fastlio2/build/livox_ros_driver2' returned '0': CMAKE_PREFIX_PATH=/opt/ros/humble /usr/bin/cmake --install /home/haiboliu/project/vln/localization/src/fastlio2/build/livox_ros_driver2
