[0.022s] Invoking command in '/home/haiboliu/project/vln/localization/src/fastlio2/build/localizer': AMENT_PREFIX_PATH=/home/haiboliu/project/vln/localization/src/fastlio2/install/interface:${AMENT_PREFIX_PATH} CMAKE_PREFIX_PATH=/home/haiboliu/project/vln/localization/src/fastlio2/install/interface:/opt/ros/humble LD_LIBRARY_PATH=/home/haiboliu/project/vln/localization/src/fastlio2/install/interface/lib:${LD_LIBRARY_PATH} PYTHONPATH=/home/haiboliu/project/vln/localization/src/fastlio2/install/interface/local/lib/python3.10/dist-packages:${PYTHONPATH} /usr/bin/cmake /home/haiboliu/project/vln/localization/src/fastlio2/localizer -DCMAKE_INSTALL_PREFIX=/home/haiboliu/project/vln/localization/src/fastlio2/install/localizer
[0.081s] -- The C compiler identification is GNU 11.4.0
[0.155s] -- The CXX compiler identification is GNU 11.4.0
[0.164s] -- Detecting C compiler ABI info
[0.241s] -- Detecting C compiler ABI info - done
[0.256s] -- Check for working C compiler: /usr/bin/cc - skipped
[0.257s] -- Detecting C compile features
[0.257s] -- Detecting C compile features - done
[0.263s] -- Detecting CXX compiler ABI info
[0.357s] -- Detecting CXX compiler ABI info - done
[0.365s] -- Check for working CXX compiler: /usr/bin/c++ - skipped
[0.366s] -- Detecting CXX compile features
[0.366s] -- Detecting CXX compile features - done
[0.369s] -- Found ament_cmake: 1.3.12 (/opt/ros/humble/share/ament_cmake/cmake)
[0.531s] -- Found Python3: /usr/bin/python3 (found version "3.10.12") found components: Interpreter 
[0.655s] -- Found std_msgs: 4.9.0 (/opt/ros/humble/share/std_msgs/cmake)
[0.687s] -- Found rosidl_generator_c: 3.1.7 (/opt/ros/humble/share/rosidl_generator_c/cmake)
[0.692s] -- Found rosidl_adapter: 3.1.7 (/opt/ros/humble/share/rosidl_adapter/cmake)
[0.700s] -- Found rosidl_generator_cpp: 3.1.7 (/opt/ros/humble/share/rosidl_generator_cpp/cmake)
[0.711s] -- Using all available rosidl_typesupport_c: rosidl_typesupport_fastrtps_c;rosidl_typesupport_introspection_c
[0.728s] -- Using all available rosidl_typesupport_cpp: rosidl_typesupport_fastrtps_cpp;rosidl_typesupport_introspection_cpp
[0.754s] -- Found sensor_msgs: 4.9.0 (/opt/ros/humble/share/sensor_msgs/cmake)
[0.788s] -- Found nav_msgs: 4.9.0 (/opt/ros/humble/share/nav_msgs/cmake)
[0.808s] -- Found message_filters: 4.3.8 (/opt/ros/humble/share/message_filters/cmake)
[0.848s] -- Found rmw_implementation_cmake: 6.1.2 (/opt/ros/humble/share/rmw_implementation_cmake/cmake)
[0.850s] -- Found rmw_fastrtps_cpp: 6.2.8 (/opt/ros/humble/share/rmw_fastrtps_cpp/cmake)
[0.959s] -- Found OpenSSL: /usr/lib/x86_64-linux-gnu/libcrypto.so (found version "3.0.2")  
[0.988s] -- Found FastRTPS: /opt/ros/humble/include  
[1.036s] -- Using RMW implementation 'rmw_fastrtps_cpp' as default
[1.044s] -- Looking for pthread.h
[1.135s] -- Looking for pthread.h - found
[1.135s] -- Performing Test CMAKE_HAVE_LIBC_PTHREAD
[1.226s] -- Performing Test CMAKE_HAVE_LIBC_PTHREAD - Success
[1.227s] -- Found Threads: TRUE  
[1.268s] -- Found tf2_ros: 0.25.16 (/opt/ros/humble/share/tf2_ros/cmake)
[1.365s] -- Found interface: 0.0.0 (/home/haiboliu/project/vln/localization/src/fastlio2/install/interface/share/interface/cmake)
[1.378s] -- Found pcl_conversions: 2.4.5 (/opt/ros/humble/share/pcl_conversions/cmake)
[1.414s] -- Checking for module 'eigen3'
[1.432s] --   Found eigen3, version 3.4.0
[1.474s] -- Found Eigen: /usr/include/eigen3 (Required is at least version "3.1") 
[1.474s] -- Eigen found (include: /usr/include/eigen3, version: 3.4.0)
[1.511s] -- Checking for module 'flann'
[1.529s] --   Found flann, version 1.9.1
[1.584s] -- Found FLANN: /usr/lib/x86_64-linux-gnu/libflann_cpp.so  
[1.584s] -- FLANN found (include: /usr/include, lib: /usr/lib/x86_64-linux-gnu/libflann_cpp.so)
[2.751s] -- Checking for module 'libusb-1.0'
[2.772s] --   Found libusb-1.0, version 1.0.25
[2.823s] -- Found libusb: /usr/lib/x86_64-linux-gnu/libusb-1.0.so  
[2.824s] -- OpenNI found (version: 1.5.4.0, include: /usr/include/ni, lib: /usr/lib/libOpenNI.so;libusb::libusb)
[2.906s] -- OpenNI2 found (version: 2.2.0.33, include: /usr/include/openni2, lib: /usr/lib/x86_64-linux-gnu/libOpenNI2.so;libusb::libusb)
[3.070s] -- Eigen found (include: /usr/include/eigen3, version: 3.4.0)
[3.080s] -- OpenNI found (version: 1.5.4.0, include: /usr/include/ni, lib: /usr/lib/libOpenNI.so;libusb::libusb)
[3.088s] -- OpenNI2 found (version: 2.2.0.33, include: /usr/include/openni2, lib: /usr/lib/x86_64-linux-gnu/libOpenNI2.so;libusb::libusb)
[3.247s] -- Found Qhull version 8.0.2
[3.416s] -- OpenNI found (version: 1.5.4.0, include: /usr/include/ni, lib: /usr/lib/libOpenNI.so;libusb::libusb)
[3.588s] -- Found PCL_COMMON: /usr/lib/x86_64-linux-gnu/libpcl_common.so  
[3.588s] -- Found PCL_KDTREE: /usr/lib/x86_64-linux-gnu/libpcl_kdtree.so  
[3.589s] -- Found PCL_OCTREE: /usr/lib/x86_64-linux-gnu/libpcl_octree.so  
[3.590s] -- Found PCL_SEARCH: /usr/lib/x86_64-linux-gnu/libpcl_search.so  
[3.591s] -- Found PCL_SAMPLE_CONSENSUS: /usr/lib/x86_64-linux-gnu/libpcl_sample_consensus.so  
[3.592s] -- Found PCL_FILTERS: /usr/lib/x86_64-linux-gnu/libpcl_filters.so  
[3.592s] -- Found PCL_2D: /usr/include/pcl-1.12  
[3.593s] -- Found PCL_GEOMETRY: /usr/include/pcl-1.12  
[3.594s] -- Found PCL_IO: /usr/lib/x86_64-linux-gnu/libpcl_io.so  
[3.595s] -- Found PCL_FEATURES: /usr/lib/x86_64-linux-gnu/libpcl_features.so  
[3.596s] -- Found PCL_ML: /usr/lib/x86_64-linux-gnu/libpcl_ml.so  
[3.596s] -- Found PCL_SEGMENTATION: /usr/lib/x86_64-linux-gnu/libpcl_segmentation.so  
[3.597s] -- Found PCL_VISUALIZATION: /usr/lib/x86_64-linux-gnu/libpcl_visualization.so  
[3.598s] -- Found PCL_SURFACE: /usr/lib/x86_64-linux-gnu/libpcl_surface.so  
[3.600s] -- Found PCL_REGISTRATION: /usr/lib/x86_64-linux-gnu/libpcl_registration.so  
[3.601s] -- Found PCL_KEYPOINTS: /usr/lib/x86_64-linux-gnu/libpcl_keypoints.so  
[3.602s] -- Found PCL_TRACKING: /usr/lib/x86_64-linux-gnu/libpcl_tracking.so  
[3.602s] -- Found PCL_RECOGNITION: /usr/lib/x86_64-linux-gnu/libpcl_recognition.so  
[3.604s] -- Found PCL_STEREO: /usr/lib/x86_64-linux-gnu/libpcl_stereo.so  
[3.604s] -- Found PCL_APPS: /usr/lib/x86_64-linux-gnu/libpcl_apps.so  
[3.605s] -- Found PCL_IN_HAND_SCANNER: /usr/include/pcl-1.12  
[3.606s] -- Found PCL_MODELER: /usr/include/pcl-1.12  
[3.606s] -- Found PCL_POINT_CLOUD_EDITOR: /usr/include/pcl-1.12  
[3.607s] -- Found PCL_OUTOFCORE: /usr/lib/x86_64-linux-gnu/libpcl_outofcore.so  
[3.608s] -- Found PCL_PEOPLE: /usr/lib/x86_64-linux-gnu/libpcl_people.so  
[3.618s] [33mCMake Warning (dev) at CMakeLists.txt:28 (find_package):
[3.618s]   Policy CMP0074 is not set: find_package uses <PackageName>_ROOT variables.
[3.618s]   Run "cmake --help-policy CMP0074" for policy details.  Use the cmake_policy
[3.618s]   command to set the policy and suppress this warning.
[3.618s] 
[3.618s]   CMake variable PCL_ROOT is set to:
[3.619s] 
[3.619s]     /usr
[3.619s] 
[3.619s]   For compatibility, CMake is ignoring the variable.
[3.619s] This warning is for project developers.  Use -Wno-dev to suppress it.
[3.619s] [0m
[3.642s] -- Found ament_lint_auto: 0.12.14 (/opt/ros/humble/share/ament_lint_auto/cmake)
[3.729s] -- Added test 'cppcheck' to perform static code analysis on C / C++ code
[3.729s] -- Configured cppcheck include dirs: 
[3.729s] -- Configured cppcheck exclude dirs and/or files: 
[3.729s] -- Added test 'flake8' to check Python code syntax and style conventions
[3.730s] -- Added test 'lint_cmake' to check CMake code style
[3.731s] -- Added test 'pep257' to check Python code against some of the docstring style conventions in PEP 257
[3.732s] -- Added test 'uncrustify' to check C / C++ code style
[3.733s] -- Configured uncrustify additional arguments: 
[3.733s] -- Added test 'xmllint' to check XML markup files
[3.735s] -- Configuring done
[3.807s] -- Generating done
[3.821s] -- Build files have been written to: /home/haiboliu/project/vln/localization/src/fastlio2/build/localizer
[3.847s] Invoked command in '/home/haiboliu/project/vln/localization/src/fastlio2/build/localizer' returned '0': AMENT_PREFIX_PATH=/home/haiboliu/project/vln/localization/src/fastlio2/install/interface:${AMENT_PREFIX_PATH} CMAKE_PREFIX_PATH=/home/haiboliu/project/vln/localization/src/fastlio2/install/interface:/opt/ros/humble LD_LIBRARY_PATH=/home/haiboliu/project/vln/localization/src/fastlio2/install/interface/lib:${LD_LIBRARY_PATH} PYTHONPATH=/home/haiboliu/project/vln/localization/src/fastlio2/install/interface/local/lib/python3.10/dist-packages:${PYTHONPATH} /usr/bin/cmake /home/haiboliu/project/vln/localization/src/fastlio2/localizer -DCMAKE_INSTALL_PREFIX=/home/haiboliu/project/vln/localization/src/fastlio2/install/localizer
[3.850s] Invoking command in '/home/haiboliu/project/vln/localization/src/fastlio2/build/localizer': AMENT_PREFIX_PATH=/home/haiboliu/project/vln/localization/src/fastlio2/install/interface:${AMENT_PREFIX_PATH} CMAKE_PREFIX_PATH=/home/haiboliu/project/vln/localization/src/fastlio2/install/interface:/opt/ros/humble LD_LIBRARY_PATH=/home/haiboliu/project/vln/localization/src/fastlio2/install/interface/lib:${LD_LIBRARY_PATH} PYTHONPATH=/home/haiboliu/project/vln/localization/src/fastlio2/install/interface/local/lib/python3.10/dist-packages:${PYTHONPATH} /usr/bin/cmake --build /home/haiboliu/project/vln/localization/src/fastlio2/build/localizer -- -j16 -l16
[3.924s] [ 50%] [32mBuilding CXX object CMakeFiles/localizer_node.dir/src/localizer_node.cpp.o[0m
[3.924s] [ 50%] [32mBuilding CXX object CMakeFiles/localizer_node.dir/src/localizers/commons.cpp.o[0m
[3.925s] [ 75%] [32mBuilding CXX object CMakeFiles/localizer_node.dir/src/localizers/icp_localizer.cpp.o[0m
[47.218s] [100%] [32m[1mLinking CXX executable localizer_node[0m
[48.317s] [100%] Built target localizer_node
