-- The C compiler identification is GNU 11.4.0
-- The CXX compiler identification is GNU 11.4.0
-- Detecting C compiler ABI info
-- Detecting C compiler ABI info - done
-- Check for working C compiler: /usr/bin/cc - skipped
-- Detecting C compile features
-- Detecting C compile features - done
-- Detecting CXX compiler ABI info
-- Detecting CXX compiler ABI info - done
-- Check for working CXX compiler: /usr/bin/c++ - skipped
-- Detecting CXX compile features
-- Detecting CXX compile features - done
-- Found ament_cmake: 1.3.12 (/opt/ros/humble/share/ament_cmake/cmake)
-- Found Python3: /usr/bin/python3 (found version "3.10.12") found components: Interpreter 
-- Found std_msgs: 4.9.0 (/opt/ros/humble/share/std_msgs/cmake)
-- Found rosidl_generator_c: 3.1.7 (/opt/ros/humble/share/rosidl_generator_c/cmake)
-- Found rosidl_adapter: 3.1.7 (/opt/ros/humble/share/rosidl_adapter/cmake)
-- Found rosidl_generator_cpp: 3.1.7 (/opt/ros/humble/share/rosidl_generator_cpp/cmake)
-- Using all available rosidl_typesupport_c: rosidl_typesupport_fastrtps_c;rosidl_typesupport_introspection_c
-- Using all available rosidl_typesupport_cpp: rosidl_typesupport_fastrtps_cpp;rosidl_typesupport_introspection_cpp
-- Found rosidl_default_generators: 1.2.0 (/opt/ros/humble/share/rosidl_default_generators/cmake)
-- Found ament_cmake_ros: 0.10.0 (/opt/ros/humble/share/ament_cmake_ros/cmake)
-- Using all available rosidl_typesupport_c: rosidl_typesupport_fastrtps_c;rosidl_typesupport_introspection_c
-- Using all available rosidl_typesupport_cpp: rosidl_typesupport_fastrtps_cpp;rosidl_typesupport_introspection_cpp
-- Found PythonInterp: /usr/bin/python3 (found suitable version "3.10.12", minimum required is "3.6") 
-- Found python_cmake_module: 0.10.0 (/opt/ros/humble/share/python_cmake_module/cmake)
-- Found PythonLibs: /usr/lib/x86_64-linux-gnu/libpython3.10.so (found suitable version "3.10.12", minimum required is "3.5") 
-- Using PYTHON_EXECUTABLE: /usr/bin/python3
-- Using PYTHON_INCLUDE_DIRS: /usr/include/python3.10
-- Using PYTHON_LIBRARIES: /usr/lib/x86_64-linux-gnu/libpython3.10.so
-- Found PythonExtra: .so  
-- Found ament_lint_auto: 0.12.14 (/opt/ros/humble/share/ament_lint_auto/cmake)
-- Added test 'lint_cmake' to check CMake code style
-- Added test 'xmllint' to check XML markup files
-- Configuring done
-- Generating done
-- Build files have been written to: /home/haiboliu/project/vln/localization/src/fastlio2/build/interface
[  1%] [34m[1mGenerating C code for ROS interfaces[0m
[  3%] [34m[1mGenerating C++ code for ROS interfaces[0m
[  3%] Built target ament_cmake_python_copy_interface
running egg_info
creating interface.egg-info
writing interface.egg-info/PKG-INFO
writing dependency_links to interface.egg-info/dependency_links.txt
writing top-level names to interface.egg-info/top_level.txt
writing manifest file 'interface.egg-info/SOURCES.txt'
reading manifest file 'interface.egg-info/SOURCES.txt'
writing manifest file 'interface.egg-info/SOURCES.txt'
[  3%] Built target ament_cmake_python_build_interface_egg
[  6%] [32mBuilding C object CMakeFiles/interface__rosidl_generator_c.dir/rosidl_generator_c/interface/srv/detail/save_maps__functions.c.o[0m
[  6%] [32mBuilding C object CMakeFiles/interface__rosidl_generator_c.dir/rosidl_generator_c/interface/srv/detail/relocalize__functions.c.o[0m
[  7%] [32mBuilding C object CMakeFiles/interface__rosidl_generator_c.dir/rosidl_generator_c/interface/srv/detail/is_valid__functions.c.o[0m
[  9%] [32mBuilding C object CMakeFiles/interface__rosidl_generator_c.dir/rosidl_generator_c/interface/srv/detail/refine_map__functions.c.o[0m
[ 11%] [32mBuilding C object CMakeFiles/interface__rosidl_generator_c.dir/rosidl_generator_c/interface/srv/detail/save_poses__functions.c.o[0m
[ 11%] Built target interface__cpp
[ 12%] [34m[1mGenerating C++ type support dispatch for ROS interfaces[0m
[ 15%] [34m[1mGenerating C++ type support for eProsima Fast-RTPS[0m
[ 15%] [34m[1mGenerating C++ introspection for ROS interfaces[0m
[ 17%] [32m[1mLinking C shared library libinterface__rosidl_generator_c.so[0m
[ 17%] Built target interface__rosidl_generator_c
[ 19%] [34m[1mGenerating C type support for eProsima Fast-RTPS[0m
[ 20%] [34m[1mGenerating C type support dispatch for ROS interfaces[0m
[ 22%] [34m[1mGenerating C introspection for ROS interfaces[0m
[ 23%] [32mBuilding CXX object CMakeFiles/interface__rosidl_typesupport_cpp.dir/rosidl_typesupport_cpp/interface/srv/refine_map__type_support.cpp.o[0m
[ 25%] [32mBuilding CXX object CMakeFiles/interface__rosidl_typesupport_cpp.dir/rosidl_typesupport_cpp/interface/srv/is_valid__type_support.cpp.o[0m
[ 26%] [32mBuilding CXX object CMakeFiles/interface__rosidl_typesupport_cpp.dir/rosidl_typesupport_cpp/interface/srv/save_maps__type_support.cpp.o[0m
[ 28%] [32mBuilding CXX object CMakeFiles/interface__rosidl_typesupport_cpp.dir/rosidl_typesupport_cpp/interface/srv/save_poses__type_support.cpp.o[0m
[ 30%] [32mBuilding CXX object CMakeFiles/interface__rosidl_typesupport_cpp.dir/rosidl_typesupport_cpp/interface/srv/relocalize__type_support.cpp.o[0m
[ 31%] [32mBuilding CXX object CMakeFiles/interface__rosidl_typesupport_c.dir/rosidl_typesupport_c/interface/srv/relocalize__type_support.cpp.o[0m
[ 33%] [32mBuilding CXX object CMakeFiles/interface__rosidl_typesupport_c.dir/rosidl_typesupport_c/interface/srv/save_maps__type_support.cpp.o[0m
[ 34%] [32mBuilding CXX object CMakeFiles/interface__rosidl_typesupport_c.dir/rosidl_typesupport_c/interface/srv/save_poses__type_support.cpp.o[0m
[ 38%] [32mBuilding CXX object CMakeFiles/interface__rosidl_typesupport_c.dir/rosidl_typesupport_c/interface/srv/is_valid__type_support.cpp.o[0m
[ 38%] [32mBuilding CXX object CMakeFiles/interface__rosidl_typesupport_c.dir/rosidl_typesupport_c/interface/srv/refine_map__type_support.cpp.o[0m
[ 39%] [32m[1mLinking CXX shared library libinterface__rosidl_typesupport_c.so[0m
[ 41%] [32mBuilding C object CMakeFiles/interface__rosidl_typesupport_introspection_c.dir/rosidl_typesupport_introspection_c/interface/srv/detail/save_maps__type_support.c.o[0m
[ 42%] [32mBuilding C object CMakeFiles/interface__rosidl_typesupport_introspection_c.dir/rosidl_typesupport_introspection_c/interface/srv/detail/relocalize__type_support.c.o[0m
[ 44%] [32mBuilding C object CMakeFiles/interface__rosidl_typesupport_introspection_c.dir/rosidl_typesupport_introspection_c/interface/srv/detail/is_valid__type_support.c.o[0m
[ 46%] [32mBuilding C object CMakeFiles/interface__rosidl_typesupport_introspection_c.dir/rosidl_typesupport_introspection_c/interface/srv/detail/refine_map__type_support.c.o[0m
[ 47%] [32mBuilding C object CMakeFiles/interface__rosidl_typesupport_introspection_c.dir/rosidl_typesupport_introspection_c/interface/srv/detail/save_poses__type_support.c.o[0m
[ 49%] [32mBuilding CXX object CMakeFiles/interface__rosidl_typesupport_introspection_cpp.dir/rosidl_typesupport_introspection_cpp/interface/srv/detail/save_maps__type_support.cpp.o[0m
[ 50%] [32mBuilding CXX object CMakeFiles/interface__rosidl_typesupport_introspection_cpp.dir/rosidl_typesupport_introspection_cpp/interface/srv/detail/is_valid__type_support.cpp.o[0m
[ 52%] [32mBuilding CXX object CMakeFiles/interface__rosidl_typesupport_introspection_cpp.dir/rosidl_typesupport_introspection_cpp/interface/srv/detail/relocalize__type_support.cpp.o[0m
[ 53%] [32mBuilding CXX object CMakeFiles/interface__rosidl_typesupport_fastrtps_cpp.dir/rosidl_typesupport_fastrtps_cpp/interface/srv/detail/dds_fastrtps/relocalize__type_support.cpp.o[0m
[ 55%] [32mBuilding CXX object CMakeFiles/interface__rosidl_typesupport_fastrtps_cpp.dir/rosidl_typesupport_fastrtps_cpp/interface/srv/detail/dds_fastrtps/save_maps__type_support.cpp.o[0m
[ 57%] [32mBuilding CXX object CMakeFiles/interface__rosidl_typesupport_fastrtps_cpp.dir/rosidl_typesupport_fastrtps_cpp/interface/srv/detail/dds_fastrtps/is_valid__type_support.cpp.o[0m
[ 58%] [32mBuilding CXX object CMakeFiles/interface__rosidl_typesupport_introspection_cpp.dir/rosidl_typesupport_introspection_cpp/interface/srv/detail/refine_map__type_support.cpp.o[0m
[ 60%] [32mBuilding CXX object CMakeFiles/interface__rosidl_typesupport_introspection_cpp.dir/rosidl_typesupport_introspection_cpp/interface/srv/detail/save_poses__type_support.cpp.o[0m
[ 60%] Built target interface__rosidl_typesupport_c
[ 61%] [32m[1mLinking CXX shared library libinterface__rosidl_typesupport_cpp.so[0m
[ 63%] [32mBuilding CXX object CMakeFiles/interface__rosidl_typesupport_fastrtps_c.dir/rosidl_typesupport_fastrtps_c/interface/srv/detail/save_maps__type_support_c.cpp.o[0m
[ 65%] [32mBuilding CXX object CMakeFiles/interface__rosidl_typesupport_fastrtps_c.dir/rosidl_typesupport_fastrtps_c/interface/srv/detail/relocalize__type_support_c.cpp.o[0m
[ 66%] [32mBuilding CXX object CMakeFiles/interface__rosidl_typesupport_fastrtps_cpp.dir/rosidl_typesupport_fastrtps_cpp/interface/srv/detail/dds_fastrtps/refine_map__type_support.cpp.o[0m
[ 68%] [32mBuilding CXX object CMakeFiles/interface__rosidl_typesupport_fastrtps_c.dir/rosidl_typesupport_fastrtps_c/interface/srv/detail/refine_map__type_support_c.cpp.o[0m
[ 69%] [32mBuilding CXX object CMakeFiles/interface__rosidl_typesupport_fastrtps_c.dir/rosidl_typesupport_fastrtps_c/interface/srv/detail/is_valid__type_support_c.cpp.o[0m
[ 71%] [32mBuilding CXX object CMakeFiles/interface__rosidl_typesupport_fastrtps_cpp.dir/rosidl_typesupport_fastrtps_cpp/interface/srv/detail/dds_fastrtps/save_poses__type_support.cpp.o[0m
[ 73%] [32m[1mLinking C shared library libinterface__rosidl_typesupport_introspection_c.so[0m
[ 73%] Built target interface__rosidl_typesupport_cpp
[ 73%] Built target interface__rosidl_typesupport_introspection_c
[ 74%] [32mBuilding CXX object CMakeFiles/interface__rosidl_typesupport_fastrtps_c.dir/rosidl_typesupport_fastrtps_c/interface/srv/detail/save_poses__type_support_c.cpp.o[0m
[ 76%] [32m[1mLinking CXX shared library libinterface__rosidl_typesupport_introspection_cpp.so[0m
[ 77%] [32m[1mLinking CXX shared library libinterface__rosidl_typesupport_fastrtps_c.so[0m
[ 79%] [32m[1mLinking CXX shared library libinterface__rosidl_typesupport_fastrtps_cpp.so[0m
[ 79%] Built target interface__rosidl_typesupport_introspection_cpp
[ 79%] Built target interface__rosidl_typesupport_fastrtps_c
[ 79%] Built target interface__rosidl_typesupport_fastrtps_cpp
[ 79%] Built target interface
[ 80%] [34m[1mGenerating Python code for ROS interfaces[0m
[ 80%] Built target interface__py
[ 85%] [32mBuilding C object CMakeFiles/interface__rosidl_generator_py.dir/rosidl_generator_py/interface/srv/_save_poses_s.c.o[0m
[ 85%] [32mBuilding C object CMakeFiles/interface__rosidl_generator_py.dir/rosidl_generator_py/interface/srv/_is_valid_s.c.o[0m
[ 85%] [32mBuilding C object CMakeFiles/interface__rosidl_generator_py.dir/rosidl_generator_py/interface/srv/_save_maps_s.c.o[0m
[ 88%] [32mBuilding C object CMakeFiles/interface__rosidl_generator_py.dir/rosidl_generator_py/interface/srv/_refine_map_s.c.o[0m
[ 88%] [32mBuilding C object CMakeFiles/interface__rosidl_generator_py.dir/rosidl_generator_py/interface/srv/_relocalize_s.c.o[0m
[ 90%] [32m[1mLinking C shared library rosidl_generator_py/interface/libinterface__rosidl_generator_py.so[0m
[ 90%] Built target interface__rosidl_generator_py
[ 93%] [32mBuilding C object CMakeFiles/interface__rosidl_typesupport_c__pyext.dir/rosidl_generator_py/interface/_interface_s.ep.rosidl_typesupport_c.c.o[0m
[ 93%] [32mBuilding C object CMakeFiles/interface__rosidl_typesupport_fastrtps_c__pyext.dir/rosidl_generator_py/interface/_interface_s.ep.rosidl_typesupport_fastrtps_c.c.o[0m
[ 95%] [32mBuilding C object CMakeFiles/interface__rosidl_typesupport_introspection_c__pyext.dir/rosidl_generator_py/interface/_interface_s.ep.rosidl_typesupport_introspection_c.c.o[0m
[ 96%] [32m[1mLinking C shared library rosidl_generator_py/interface/interface_s__rosidl_typesupport_c.cpython-310-x86_64-linux-gnu.so[0m
[ 98%] [32m[1mLinking C shared library rosidl_generator_py/interface/interface_s__rosidl_typesupport_fastrtps_c.cpython-310-x86_64-linux-gnu.so[0m
[100%] [32m[1mLinking C shared library rosidl_generator_py/interface/interface_s__rosidl_typesupport_introspection_c.cpython-310-x86_64-linux-gnu.so[0m
[100%] Built target interface__rosidl_typesupport_c__pyext
[100%] Built target interface__rosidl_typesupport_introspection_c__pyext
[100%] Built target interface__rosidl_typesupport_fastrtps_c__pyext
-- Install configuration: ""
-- Installing: /home/haiboliu/project/vln/localization/src/fastlio2/install/interface/share/ament_index/resource_index/rosidl_interfaces/interface
-- Installing: /home/haiboliu/project/vln/localization/src/fastlio2/install/interface/include/interface/interface
-- Installing: /home/haiboliu/project/vln/localization/src/fastlio2/install/interface/include/interface/interface/srv
-- Installing: /home/haiboliu/project/vln/localization/src/fastlio2/install/interface/include/interface/interface/srv/relocalize.h
-- Installing: /home/haiboliu/project/vln/localization/src/fastlio2/install/interface/include/interface/interface/srv/save_maps.h
-- Installing: /home/haiboliu/project/vln/localization/src/fastlio2/install/interface/include/interface/interface/srv/save_poses.h
-- Installing: /home/haiboliu/project/vln/localization/src/fastlio2/install/interface/include/interface/interface/srv/is_valid.h
-- Installing: /home/haiboliu/project/vln/localization/src/fastlio2/install/interface/include/interface/interface/srv/refine_map.h
-- Installing: /home/haiboliu/project/vln/localization/src/fastlio2/install/interface/include/interface/interface/srv/detail
-- Installing: /home/haiboliu/project/vln/localization/src/fastlio2/install/interface/include/interface/interface/srv/detail/refine_map__type_support.h
-- Installing: /home/haiboliu/project/vln/localization/src/fastlio2/install/interface/include/interface/interface/srv/detail/relocalize__type_support.h
-- Installing: /home/haiboliu/project/vln/localization/src/fastlio2/install/interface/include/interface/interface/srv/detail/save_maps__functions.c
-- Installing: /home/haiboliu/project/vln/localization/src/fastlio2/install/interface/include/interface/interface/srv/detail/save_poses__struct.h
-- Installing: /home/haiboliu/project/vln/localization/src/fastlio2/install/interface/include/interface/interface/srv/detail/relocalize__functions.h
-- Installing: /home/haiboliu/project/vln/localization/src/fastlio2/install/interface/include/interface/interface/srv/detail/relocalize__struct.h
-- Installing: /home/haiboliu/project/vln/localization/src/fastlio2/install/interface/include/interface/interface/srv/detail/is_valid__functions.c
-- Installing: /home/haiboliu/project/vln/localization/src/fastlio2/install/interface/include/interface/interface/srv/detail/save_poses__functions.h
-- Installing: /home/haiboliu/project/vln/localization/src/fastlio2/install/interface/include/interface/interface/srv/detail/refine_map__functions.h
-- Installing: /home/haiboliu/project/vln/localization/src/fastlio2/install/interface/include/interface/interface/srv/detail/save_maps__type_support.h
-- Installing: /home/haiboliu/project/vln/localization/src/fastlio2/install/interface/include/interface/interface/srv/detail/is_valid__functions.h
-- Installing: /home/haiboliu/project/vln/localization/src/fastlio2/install/interface/include/interface/interface/srv/detail/is_valid__type_support.h
-- Installing: /home/haiboliu/project/vln/localization/src/fastlio2/install/interface/include/interface/interface/srv/detail/save_maps__struct.h
-- Installing: /home/haiboliu/project/vln/localization/src/fastlio2/install/interface/include/interface/interface/srv/detail/refine_map__functions.c
-- Installing: /home/haiboliu/project/vln/localization/src/fastlio2/install/interface/include/interface/interface/srv/detail/is_valid__struct.h
-- Installing: /home/haiboliu/project/vln/localization/src/fastlio2/install/interface/include/interface/interface/srv/detail/refine_map__struct.h
-- Installing: /home/haiboliu/project/vln/localization/src/fastlio2/install/interface/include/interface/interface/srv/detail/save_poses__type_support.h
-- Installing: /home/haiboliu/project/vln/localization/src/fastlio2/install/interface/include/interface/interface/srv/detail/save_poses__functions.c
-- Installing: /home/haiboliu/project/vln/localization/src/fastlio2/install/interface/include/interface/interface/srv/detail/relocalize__functions.c
-- Installing: /home/haiboliu/project/vln/localization/src/fastlio2/install/interface/include/interface/interface/srv/detail/save_maps__functions.h
-- Installing: /home/haiboliu/project/vln/localization/src/fastlio2/install/interface/include/interface/interface/msg
-- Installing: /home/haiboliu/project/vln/localization/src/fastlio2/install/interface/include/interface/interface/msg/rosidl_generator_c__visibility_control.h
-- Installing: /home/haiboliu/project/vln/localization/src/fastlio2/install/interface/share/interface/environment/library_path.sh
-- Installing: /home/haiboliu/project/vln/localization/src/fastlio2/install/interface/share/interface/environment/library_path.dsv
-- Installing: /home/haiboliu/project/vln/localization/src/fastlio2/install/interface/lib/libinterface__rosidl_generator_c.so
-- Set runtime path of "/home/haiboliu/project/vln/localization/src/fastlio2/install/interface/lib/libinterface__rosidl_generator_c.so" to ""
-- Up-to-date: /home/haiboliu/project/vln/localization/src/fastlio2/install/interface/include/interface/interface
-- Up-to-date: /home/haiboliu/project/vln/localization/src/fastlio2/install/interface/include/interface/interface/srv
-- Up-to-date: /home/haiboliu/project/vln/localization/src/fastlio2/install/interface/include/interface/interface/srv/detail
-- Installing: /home/haiboliu/project/vln/localization/src/fastlio2/install/interface/include/interface/interface/srv/detail/save_maps__rosidl_typesupport_fastrtps_c.h
-- Installing: /home/haiboliu/project/vln/localization/src/fastlio2/install/interface/include/interface/interface/srv/detail/is_valid__rosidl_typesupport_fastrtps_c.h
-- Installing: /home/haiboliu/project/vln/localization/src/fastlio2/install/interface/include/interface/interface/srv/detail/refine_map__rosidl_typesupport_fastrtps_c.h
-- Installing: /home/haiboliu/project/vln/localization/src/fastlio2/install/interface/include/interface/interface/srv/detail/relocalize__rosidl_typesupport_fastrtps_c.h
-- Installing: /home/haiboliu/project/vln/localization/src/fastlio2/install/interface/include/interface/interface/srv/detail/save_poses__rosidl_typesupport_fastrtps_c.h
-- Up-to-date: /home/haiboliu/project/vln/localization/src/fastlio2/install/interface/include/interface/interface/msg
-- Installing: /home/haiboliu/project/vln/localization/src/fastlio2/install/interface/include/interface/interface/msg/rosidl_typesupport_fastrtps_c__visibility_control.h
-- Installing: /home/haiboliu/project/vln/localization/src/fastlio2/install/interface/lib/libinterface__rosidl_typesupport_fastrtps_c.so
-- Set runtime path of "/home/haiboliu/project/vln/localization/src/fastlio2/install/interface/lib/libinterface__rosidl_typesupport_fastrtps_c.so" to ""
-- Up-to-date: /home/haiboliu/project/vln/localization/src/fastlio2/install/interface/include/interface/interface
-- Up-to-date: /home/haiboliu/project/vln/localization/src/fastlio2/install/interface/include/interface/interface/srv
-- Installing: /home/haiboliu/project/vln/localization/src/fastlio2/install/interface/include/interface/interface/srv/is_valid.hpp
-- Installing: /home/haiboliu/project/vln/localization/src/fastlio2/install/interface/include/interface/interface/srv/refine_map.hpp
-- Installing: /home/haiboliu/project/vln/localization/src/fastlio2/install/interface/include/interface/interface/srv/relocalize.hpp
-- Installing: /home/haiboliu/project/vln/localization/src/fastlio2/install/interface/include/interface/interface/srv/save_maps.hpp
-- Up-to-date: /home/haiboliu/project/vln/localization/src/fastlio2/install/interface/include/interface/interface/srv/detail
-- Installing: /home/haiboliu/project/vln/localization/src/fastlio2/install/interface/include/interface/interface/srv/detail/is_valid__struct.hpp
-- Installing: /home/haiboliu/project/vln/localization/src/fastlio2/install/interface/include/interface/interface/srv/detail/save_maps__struct.hpp
-- Installing: /home/haiboliu/project/vln/localization/src/fastlio2/install/interface/include/interface/interface/srv/detail/save_poses__traits.hpp
-- Installing: /home/haiboliu/project/vln/localization/src/fastlio2/install/interface/include/interface/interface/srv/detail/save_maps__builder.hpp
-- Installing: /home/haiboliu/project/vln/localization/src/fastlio2/install/interface/include/interface/interface/srv/detail/save_poses__type_support.hpp
-- Installing: /home/haiboliu/project/vln/localization/src/fastlio2/install/interface/include/interface/interface/srv/detail/relocalize__traits.hpp
-- Installing: /home/haiboliu/project/vln/localization/src/fastlio2/install/interface/include/interface/interface/srv/detail/refine_map__traits.hpp
-- Installing: /home/haiboliu/project/vln/localization/src/fastlio2/install/interface/include/interface/interface/srv/detail/is_valid__type_support.hpp
-- Installing: /home/haiboliu/project/vln/localization/src/fastlio2/install/interface/include/interface/interface/srv/detail/save_poses__struct.hpp
-- Installing: /home/haiboliu/project/vln/localization/src/fastlio2/install/interface/include/interface/interface/srv/detail/is_valid__builder.hpp
-- Installing: /home/haiboliu/project/vln/localization/src/fastlio2/install/interface/include/interface/interface/srv/detail/is_valid__traits.hpp
-- Installing: /home/haiboliu/project/vln/localization/src/fastlio2/install/interface/include/interface/interface/srv/detail/relocalize__type_support.hpp
-- Installing: /home/haiboliu/project/vln/localization/src/fastlio2/install/interface/include/interface/interface/srv/detail/refine_map__builder.hpp
-- Installing: /home/haiboliu/project/vln/localization/src/fastlio2/install/interface/include/interface/interface/srv/detail/save_poses__builder.hpp
-- Installing: /home/haiboliu/project/vln/localization/src/fastlio2/install/interface/include/interface/interface/srv/detail/save_maps__traits.hpp
-- Installing: /home/haiboliu/project/vln/localization/src/fastlio2/install/interface/include/interface/interface/srv/detail/relocalize__builder.hpp
-- Installing: /home/haiboliu/project/vln/localization/src/fastlio2/install/interface/include/interface/interface/srv/detail/save_maps__type_support.hpp
-- Installing: /home/haiboliu/project/vln/localization/src/fastlio2/install/interface/include/interface/interface/srv/detail/refine_map__type_support.hpp
-- Installing: /home/haiboliu/project/vln/localization/src/fastlio2/install/interface/include/interface/interface/srv/detail/refine_map__struct.hpp
-- Installing: /home/haiboliu/project/vln/localization/src/fastlio2/install/interface/include/interface/interface/srv/detail/relocalize__struct.hpp
-- Installing: /home/haiboliu/project/vln/localization/src/fastlio2/install/interface/include/interface/interface/srv/save_poses.hpp
-- Up-to-date: /home/haiboliu/project/vln/localization/src/fastlio2/install/interface/include/interface/interface/msg
-- Installing: /home/haiboliu/project/vln/localization/src/fastlio2/install/interface/include/interface/interface/msg/rosidl_generator_cpp__visibility_control.hpp
-- Up-to-date: /home/haiboliu/project/vln/localization/src/fastlio2/install/interface/include/interface/interface
-- Up-to-date: /home/haiboliu/project/vln/localization/src/fastlio2/install/interface/include/interface/interface/srv
-- Up-to-date: /home/haiboliu/project/vln/localization/src/fastlio2/install/interface/include/interface/interface/srv/detail
-- Installing: /home/haiboliu/project/vln/localization/src/fastlio2/install/interface/include/interface/interface/srv/detail/save_poses__rosidl_typesupport_fastrtps_cpp.hpp
-- Installing: /home/haiboliu/project/vln/localization/src/fastlio2/install/interface/include/interface/interface/srv/detail/dds_fastrtps
-- Installing: /home/haiboliu/project/vln/localization/src/fastlio2/install/interface/include/interface/interface/srv/detail/is_valid__rosidl_typesupport_fastrtps_cpp.hpp
-- Installing: /home/haiboliu/project/vln/localization/src/fastlio2/install/interface/include/interface/interface/srv/detail/relocalize__rosidl_typesupport_fastrtps_cpp.hpp
-- Installing: /home/haiboliu/project/vln/localization/src/fastlio2/install/interface/include/interface/interface/srv/detail/refine_map__rosidl_typesupport_fastrtps_cpp.hpp
-- Installing: /home/haiboliu/project/vln/localization/src/fastlio2/install/interface/include/interface/interface/srv/detail/save_maps__rosidl_typesupport_fastrtps_cpp.hpp
-- Up-to-date: /home/haiboliu/project/vln/localization/src/fastlio2/install/interface/include/interface/interface/msg
-- Installing: /home/haiboliu/project/vln/localization/src/fastlio2/install/interface/include/interface/interface/msg/rosidl_typesupport_fastrtps_cpp__visibility_control.h
-- Installing: /home/haiboliu/project/vln/localization/src/fastlio2/install/interface/lib/libinterface__rosidl_typesupport_fastrtps_cpp.so
-- Set runtime path of "/home/haiboliu/project/vln/localization/src/fastlio2/install/interface/lib/libinterface__rosidl_typesupport_fastrtps_cpp.so" to ""
-- Up-to-date: /home/haiboliu/project/vln/localization/src/fastlio2/install/interface/include/interface/interface
-- Up-to-date: /home/haiboliu/project/vln/localization/src/fastlio2/install/interface/include/interface/interface/srv
-- Up-to-date: /home/haiboliu/project/vln/localization/src/fastlio2/install/interface/include/interface/interface/srv/detail
-- Installing: /home/haiboliu/project/vln/localization/src/fastlio2/install/interface/include/interface/interface/srv/detail/save_maps__type_support.c
-- Installing: /home/haiboliu/project/vln/localization/src/fastlio2/install/interface/include/interface/interface/srv/detail/save_poses__type_support.c
-- Installing: /home/haiboliu/project/vln/localization/src/fastlio2/install/interface/include/interface/interface/srv/detail/is_valid__type_support.c
-- Installing: /home/haiboliu/project/vln/localization/src/fastlio2/install/interface/include/interface/interface/srv/detail/save_poses__rosidl_typesupport_introspection_c.h
-- Installing: /home/haiboliu/project/vln/localization/src/fastlio2/install/interface/include/interface/interface/srv/detail/refine_map__type_support.c
-- Installing: /home/haiboliu/project/vln/localization/src/fastlio2/install/interface/include/interface/interface/srv/detail/refine_map__rosidl_typesupport_introspection_c.h
-- Installing: /home/haiboliu/project/vln/localization/src/fastlio2/install/interface/include/interface/interface/srv/detail/is_valid__rosidl_typesupport_introspection_c.h
-- Installing: /home/haiboliu/project/vln/localization/src/fastlio2/install/interface/include/interface/interface/srv/detail/relocalize__type_support.c
-- Installing: /home/haiboliu/project/vln/localization/src/fastlio2/install/interface/include/interface/interface/srv/detail/save_maps__rosidl_typesupport_introspection_c.h
-- Installing: /home/haiboliu/project/vln/localization/src/fastlio2/install/interface/include/interface/interface/srv/detail/relocalize__rosidl_typesupport_introspection_c.h
-- Up-to-date: /home/haiboliu/project/vln/localization/src/fastlio2/install/interface/include/interface/interface/msg
-- Installing: /home/haiboliu/project/vln/localization/src/fastlio2/install/interface/include/interface/interface/msg/rosidl_typesupport_introspection_c__visibility_control.h
-- Installing: /home/haiboliu/project/vln/localization/src/fastlio2/install/interface/lib/libinterface__rosidl_typesupport_introspection_c.so
-- Set runtime path of "/home/haiboliu/project/vln/localization/src/fastlio2/install/interface/lib/libinterface__rosidl_typesupport_introspection_c.so" to ""
-- Installing: /home/haiboliu/project/vln/localization/src/fastlio2/install/interface/lib/libinterface__rosidl_typesupport_c.so
-- Set runtime path of "/home/haiboliu/project/vln/localization/src/fastlio2/install/interface/lib/libinterface__rosidl_typesupport_c.so" to ""
-- Up-to-date: /home/haiboliu/project/vln/localization/src/fastlio2/install/interface/include/interface/interface
-- Up-to-date: /home/haiboliu/project/vln/localization/src/fastlio2/install/interface/include/interface/interface/srv
-- Up-to-date: /home/haiboliu/project/vln/localization/src/fastlio2/install/interface/include/interface/interface/srv/detail
-- Installing: /home/haiboliu/project/vln/localization/src/fastlio2/install/interface/include/interface/interface/srv/detail/refine_map__type_support.cpp
-- Installing: /home/haiboliu/project/vln/localization/src/fastlio2/install/interface/include/interface/interface/srv/detail/save_poses__type_support.cpp
-- Installing: /home/haiboliu/project/vln/localization/src/fastlio2/install/interface/include/interface/interface/srv/detail/relocalize__type_support.cpp
-- Installing: /home/haiboliu/project/vln/localization/src/fastlio2/install/interface/include/interface/interface/srv/detail/save_maps__type_support.cpp
-- Installing: /home/haiboliu/project/vln/localization/src/fastlio2/install/interface/include/interface/interface/srv/detail/save_maps__rosidl_typesupport_introspection_cpp.hpp
-- Installing: /home/haiboliu/project/vln/localization/src/fastlio2/install/interface/include/interface/interface/srv/detail/refine_map__rosidl_typesupport_introspection_cpp.hpp
-- Installing: /home/haiboliu/project/vln/localization/src/fastlio2/install/interface/include/interface/interface/srv/detail/save_poses__rosidl_typesupport_introspection_cpp.hpp
-- Installing: /home/haiboliu/project/vln/localization/src/fastlio2/install/interface/include/interface/interface/srv/detail/is_valid__type_support.cpp
-- Installing: /home/haiboliu/project/vln/localization/src/fastlio2/install/interface/include/interface/interface/srv/detail/is_valid__rosidl_typesupport_introspection_cpp.hpp
-- Installing: /home/haiboliu/project/vln/localization/src/fastlio2/install/interface/include/interface/interface/srv/detail/relocalize__rosidl_typesupport_introspection_cpp.hpp
-- Installing: /home/haiboliu/project/vln/localization/src/fastlio2/install/interface/lib/libinterface__rosidl_typesupport_introspection_cpp.so
-- Set runtime path of "/home/haiboliu/project/vln/localization/src/fastlio2/install/interface/lib/libinterface__rosidl_typesupport_introspection_cpp.so" to ""
-- Installing: /home/haiboliu/project/vln/localization/src/fastlio2/install/interface/lib/libinterface__rosidl_typesupport_cpp.so
-- Set runtime path of "/home/haiboliu/project/vln/localization/src/fastlio2/install/interface/lib/libinterface__rosidl_typesupport_cpp.so" to ""
-- Installing: /home/haiboliu/project/vln/localization/src/fastlio2/install/interface/share/interface/environment/pythonpath.sh
-- Installing: /home/haiboliu/project/vln/localization/src/fastlio2/install/interface/share/interface/environment/pythonpath.dsv
-- Installing: /home/haiboliu/project/vln/localization/src/fastlio2/install/interface/local/lib/python3.10/dist-packages/interface-0.0.0-py3.10.egg-info
-- Installing: /home/haiboliu/project/vln/localization/src/fastlio2/install/interface/local/lib/python3.10/dist-packages/interface-0.0.0-py3.10.egg-info/dependency_links.txt
-- Installing: /home/haiboliu/project/vln/localization/src/fastlio2/install/interface/local/lib/python3.10/dist-packages/interface-0.0.0-py3.10.egg-info/SOURCES.txt
-- Installing: /home/haiboliu/project/vln/localization/src/fastlio2/install/interface/local/lib/python3.10/dist-packages/interface-0.0.0-py3.10.egg-info/top_level.txt
-- Installing: /home/haiboliu/project/vln/localization/src/fastlio2/install/interface/local/lib/python3.10/dist-packages/interface-0.0.0-py3.10.egg-info/PKG-INFO
-- Installing: /home/haiboliu/project/vln/localization/src/fastlio2/install/interface/local/lib/python3.10/dist-packages/interface
-- Installing: /home/haiboliu/project/vln/localization/src/fastlio2/install/interface/local/lib/python3.10/dist-packages/interface/interface_s__rosidl_typesupport_introspection_c.cpython-310-x86_64-linux-gnu.so
-- Installing: /home/haiboliu/project/vln/localization/src/fastlio2/install/interface/local/lib/python3.10/dist-packages/interface/__init__.py
-- Installing: /home/haiboliu/project/vln/localization/src/fastlio2/install/interface/local/lib/python3.10/dist-packages/interface/srv
-- Installing: /home/haiboliu/project/vln/localization/src/fastlio2/install/interface/local/lib/python3.10/dist-packages/interface/srv/_is_valid_s.c
-- Installing: /home/haiboliu/project/vln/localization/src/fastlio2/install/interface/local/lib/python3.10/dist-packages/interface/srv/__init__.py
-- Installing: /home/haiboliu/project/vln/localization/src/fastlio2/install/interface/local/lib/python3.10/dist-packages/interface/srv/_relocalize_s.c
-- Installing: /home/haiboliu/project/vln/localization/src/fastlio2/install/interface/local/lib/python3.10/dist-packages/interface/srv/_refine_map.py
-- Installing: /home/haiboliu/project/vln/localization/src/fastlio2/install/interface/local/lib/python3.10/dist-packages/interface/srv/_refine_map_s.c
-- Installing: /home/haiboliu/project/vln/localization/src/fastlio2/install/interface/local/lib/python3.10/dist-packages/interface/srv/_save_poses_s.c
-- Installing: /home/haiboliu/project/vln/localization/src/fastlio2/install/interface/local/lib/python3.10/dist-packages/interface/srv/_is_valid.py
-- Installing: /home/haiboliu/project/vln/localization/src/fastlio2/install/interface/local/lib/python3.10/dist-packages/interface/srv/_relocalize.py
-- Installing: /home/haiboliu/project/vln/localization/src/fastlio2/install/interface/local/lib/python3.10/dist-packages/interface/srv/_save_poses.py
-- Installing: /home/haiboliu/project/vln/localization/src/fastlio2/install/interface/local/lib/python3.10/dist-packages/interface/srv/_save_maps.py
-- Installing: /home/haiboliu/project/vln/localization/src/fastlio2/install/interface/local/lib/python3.10/dist-packages/interface/srv/_save_maps_s.c
-- Installing: /home/haiboliu/project/vln/localization/src/fastlio2/install/interface/local/lib/python3.10/dist-packages/interface/_interface_s.ep.rosidl_typesupport_introspection_c.c
-- Installing: /home/haiboliu/project/vln/localization/src/fastlio2/install/interface/local/lib/python3.10/dist-packages/interface/interface_s__rosidl_typesupport_c.cpython-310-x86_64-linux-gnu.so
-- Installing: /home/haiboliu/project/vln/localization/src/fastlio2/install/interface/local/lib/python3.10/dist-packages/interface/_interface_s.ep.rosidl_typesupport_c.c
-- Installing: /home/haiboliu/project/vln/localization/src/fastlio2/install/interface/local/lib/python3.10/dist-packages/interface/libinterface__rosidl_generator_py.so
-- Installing: /home/haiboliu/project/vln/localization/src/fastlio2/install/interface/local/lib/python3.10/dist-packages/interface/interface_s__rosidl_typesupport_fastrtps_c.cpython-310-x86_64-linux-gnu.so
-- Installing: /home/haiboliu/project/vln/localization/src/fastlio2/install/interface/local/lib/python3.10/dist-packages/interface/_interface_s.ep.rosidl_typesupport_fastrtps_c.c
Listing '/home/haiboliu/project/vln/localization/src/fastlio2/install/interface/local/lib/python3.10/dist-packages/interface'...
Compiling '/home/haiboliu/project/vln/localization/src/fastlio2/install/interface/local/lib/python3.10/dist-packages/interface/__init__.py'...
Listing '/home/haiboliu/project/vln/localization/src/fastlio2/install/interface/local/lib/python3.10/dist-packages/interface/srv'...
Compiling '/home/haiboliu/project/vln/localization/src/fastlio2/install/interface/local/lib/python3.10/dist-packages/interface/srv/__init__.py'...
Compiling '/home/haiboliu/project/vln/localization/src/fastlio2/install/interface/local/lib/python3.10/dist-packages/interface/srv/_is_valid.py'...
Compiling '/home/haiboliu/project/vln/localization/src/fastlio2/install/interface/local/lib/python3.10/dist-packages/interface/srv/_refine_map.py'...
Compiling '/home/haiboliu/project/vln/localization/src/fastlio2/install/interface/local/lib/python3.10/dist-packages/interface/srv/_relocalize.py'...
Compiling '/home/haiboliu/project/vln/localization/src/fastlio2/install/interface/local/lib/python3.10/dist-packages/interface/srv/_save_maps.py'...
Compiling '/home/haiboliu/project/vln/localization/src/fastlio2/install/interface/local/lib/python3.10/dist-packages/interface/srv/_save_poses.py'...
-- Installing: /home/haiboliu/project/vln/localization/src/fastlio2/install/interface/local/lib/python3.10/dist-packages/interface/interface_s__rosidl_typesupport_fastrtps_c.cpython-310-x86_64-linux-gnu.so
-- Set runtime path of "/home/haiboliu/project/vln/localization/src/fastlio2/install/interface/local/lib/python3.10/dist-packages/interface/interface_s__rosidl_typesupport_fastrtps_c.cpython-310-x86_64-linux-gnu.so" to ""
-- Installing: /home/haiboliu/project/vln/localization/src/fastlio2/install/interface/local/lib/python3.10/dist-packages/interface/interface_s__rosidl_typesupport_introspection_c.cpython-310-x86_64-linux-gnu.so
-- Set runtime path of "/home/haiboliu/project/vln/localization/src/fastlio2/install/interface/local/lib/python3.10/dist-packages/interface/interface_s__rosidl_typesupport_introspection_c.cpython-310-x86_64-linux-gnu.so" to ""
-- Installing: /home/haiboliu/project/vln/localization/src/fastlio2/install/interface/local/lib/python3.10/dist-packages/interface/interface_s__rosidl_typesupport_c.cpython-310-x86_64-linux-gnu.so
-- Set runtime path of "/home/haiboliu/project/vln/localization/src/fastlio2/install/interface/local/lib/python3.10/dist-packages/interface/interface_s__rosidl_typesupport_c.cpython-310-x86_64-linux-gnu.so" to ""
-- Installing: /home/haiboliu/project/vln/localization/src/fastlio2/install/interface/lib/libinterface__rosidl_generator_py.so
-- Set runtime path of "/home/haiboliu/project/vln/localization/src/fastlio2/install/interface/lib/libinterface__rosidl_generator_py.so" to ""
-- Installing: /home/haiboliu/project/vln/localization/src/fastlio2/install/interface/share/interface/srv/SaveMaps.idl
-- Installing: /home/haiboliu/project/vln/localization/src/fastlio2/install/interface/share/interface/srv/Relocalize.idl
-- Installing: /home/haiboliu/project/vln/localization/src/fastlio2/install/interface/share/interface/srv/IsValid.idl
-- Installing: /home/haiboliu/project/vln/localization/src/fastlio2/install/interface/share/interface/srv/RefineMap.idl
-- Installing: /home/haiboliu/project/vln/localization/src/fastlio2/install/interface/share/interface/srv/SavePoses.idl
-- Installing: /home/haiboliu/project/vln/localization/src/fastlio2/install/interface/share/interface/srv/SaveMaps.srv
-- Installing: /home/haiboliu/project/vln/localization/src/fastlio2/install/interface/share/interface/srv/SaveMaps_Request.msg
-- Installing: /home/haiboliu/project/vln/localization/src/fastlio2/install/interface/share/interface/srv/SaveMaps_Response.msg
-- Installing: /home/haiboliu/project/vln/localization/src/fastlio2/install/interface/share/interface/srv/Relocalize.srv
-- Installing: /home/haiboliu/project/vln/localization/src/fastlio2/install/interface/share/interface/srv/Relocalize_Request.msg
-- Installing: /home/haiboliu/project/vln/localization/src/fastlio2/install/interface/share/interface/srv/Relocalize_Response.msg
-- Installing: /home/haiboliu/project/vln/localization/src/fastlio2/install/interface/share/interface/srv/IsValid.srv
-- Installing: /home/haiboliu/project/vln/localization/src/fastlio2/install/interface/share/interface/srv/IsValid_Request.msg
-- Installing: /home/haiboliu/project/vln/localization/src/fastlio2/install/interface/share/interface/srv/IsValid_Response.msg
-- Installing: /home/haiboliu/project/vln/localization/src/fastlio2/install/interface/share/interface/srv/RefineMap.srv
-- Installing: /home/haiboliu/project/vln/localization/src/fastlio2/install/interface/share/interface/srv/RefineMap_Request.msg
-- Installing: /home/haiboliu/project/vln/localization/src/fastlio2/install/interface/share/interface/srv/RefineMap_Response.msg
-- Installing: /home/haiboliu/project/vln/localization/src/fastlio2/install/interface/share/interface/srv/SavePoses.srv
-- Installing: /home/haiboliu/project/vln/localization/src/fastlio2/install/interface/share/interface/srv/SavePoses_Request.msg
-- Installing: /home/haiboliu/project/vln/localization/src/fastlio2/install/interface/share/interface/srv/SavePoses_Response.msg
-- Installing: /home/haiboliu/project/vln/localization/src/fastlio2/install/interface/share/ament_index/resource_index/package_run_dependencies/interface
-- Installing: /home/haiboliu/project/vln/localization/src/fastlio2/install/interface/share/ament_index/resource_index/parent_prefix_path/interface
-- Installing: /home/haiboliu/project/vln/localization/src/fastlio2/install/interface/share/interface/environment/ament_prefix_path.sh
-- Installing: /home/haiboliu/project/vln/localization/src/fastlio2/install/interface/share/interface/environment/ament_prefix_path.dsv
-- Installing: /home/haiboliu/project/vln/localization/src/fastlio2/install/interface/share/interface/environment/path.sh
-- Installing: /home/haiboliu/project/vln/localization/src/fastlio2/install/interface/share/interface/environment/path.dsv
-- Installing: /home/haiboliu/project/vln/localization/src/fastlio2/install/interface/share/interface/local_setup.bash
-- Installing: /home/haiboliu/project/vln/localization/src/fastlio2/install/interface/share/interface/local_setup.sh
-- Installing: /home/haiboliu/project/vln/localization/src/fastlio2/install/interface/share/interface/local_setup.zsh
-- Installing: /home/haiboliu/project/vln/localization/src/fastlio2/install/interface/share/interface/local_setup.dsv
-- Installing: /home/haiboliu/project/vln/localization/src/fastlio2/install/interface/share/interface/package.dsv
-- Installing: /home/haiboliu/project/vln/localization/src/fastlio2/install/interface/share/ament_index/resource_index/packages/interface
-- Installing: /home/haiboliu/project/vln/localization/src/fastlio2/install/interface/share/interface/cmake/export_interface__rosidl_generator_cExport.cmake
-- Installing: /home/haiboliu/project/vln/localization/src/fastlio2/install/interface/share/interface/cmake/export_interface__rosidl_generator_cExport-noconfig.cmake
-- Installing: /home/haiboliu/project/vln/localization/src/fastlio2/install/interface/share/interface/cmake/export_interface__rosidl_typesupport_fastrtps_cExport.cmake
-- Installing: /home/haiboliu/project/vln/localization/src/fastlio2/install/interface/share/interface/cmake/export_interface__rosidl_typesupport_fastrtps_cExport-noconfig.cmake
-- Installing: /home/haiboliu/project/vln/localization/src/fastlio2/install/interface/share/interface/cmake/export_interface__rosidl_generator_cppExport.cmake
-- Installing: /home/haiboliu/project/vln/localization/src/fastlio2/install/interface/share/interface/cmake/export_interface__rosidl_typesupport_fastrtps_cppExport.cmake
-- Installing: /home/haiboliu/project/vln/localization/src/fastlio2/install/interface/share/interface/cmake/export_interface__rosidl_typesupport_fastrtps_cppExport-noconfig.cmake
-- Installing: /home/haiboliu/project/vln/localization/src/fastlio2/install/interface/share/interface/cmake/interface__rosidl_typesupport_introspection_cExport.cmake
-- Installing: /home/haiboliu/project/vln/localization/src/fastlio2/install/interface/share/interface/cmake/interface__rosidl_typesupport_introspection_cExport-noconfig.cmake
-- Installing: /home/haiboliu/project/vln/localization/src/fastlio2/install/interface/share/interface/cmake/interface__rosidl_typesupport_cExport.cmake
-- Installing: /home/haiboliu/project/vln/localization/src/fastlio2/install/interface/share/interface/cmake/interface__rosidl_typesupport_cExport-noconfig.cmake
-- Installing: /home/haiboliu/project/vln/localization/src/fastlio2/install/interface/share/interface/cmake/interface__rosidl_typesupport_introspection_cppExport.cmake
-- Installing: /home/haiboliu/project/vln/localization/src/fastlio2/install/interface/share/interface/cmake/interface__rosidl_typesupport_introspection_cppExport-noconfig.cmake
-- Installing: /home/haiboliu/project/vln/localization/src/fastlio2/install/interface/share/interface/cmake/interface__rosidl_typesupport_cppExport.cmake
-- Installing: /home/haiboliu/project/vln/localization/src/fastlio2/install/interface/share/interface/cmake/interface__rosidl_typesupport_cppExport-noconfig.cmake
-- Installing: /home/haiboliu/project/vln/localization/src/fastlio2/install/interface/share/interface/cmake/export_interface__rosidl_generator_pyExport.cmake
-- Installing: /home/haiboliu/project/vln/localization/src/fastlio2/install/interface/share/interface/cmake/export_interface__rosidl_generator_pyExport-noconfig.cmake
-- Installing: /home/haiboliu/project/vln/localization/src/fastlio2/install/interface/share/interface/cmake/rosidl_cmake-extras.cmake
-- Installing: /home/haiboliu/project/vln/localization/src/fastlio2/install/interface/share/interface/cmake/ament_cmake_export_dependencies-extras.cmake
-- Installing: /home/haiboliu/project/vln/localization/src/fastlio2/install/interface/share/interface/cmake/ament_cmake_export_include_directories-extras.cmake
-- Installing: /home/haiboliu/project/vln/localization/src/fastlio2/install/interface/share/interface/cmake/ament_cmake_export_libraries-extras.cmake
-- Installing: /home/haiboliu/project/vln/localization/src/fastlio2/install/interface/share/interface/cmake/ament_cmake_export_targets-extras.cmake
-- Installing: /home/haiboliu/project/vln/localization/src/fastlio2/install/interface/share/interface/cmake/rosidl_cmake_export_typesupport_targets-extras.cmake
-- Installing: /home/haiboliu/project/vln/localization/src/fastlio2/install/interface/share/interface/cmake/rosidl_cmake_export_typesupport_libraries-extras.cmake
-- Installing: /home/haiboliu/project/vln/localization/src/fastlio2/install/interface/share/interface/cmake/interfaceConfig.cmake
-- Installing: /home/haiboliu/project/vln/localization/src/fastlio2/install/interface/share/interface/cmake/interfaceConfig-version.cmake
-- Installing: /home/haiboliu/project/vln/localization/src/fastlio2/install/interface/share/interface/package.xml
